Workflows:
in{x>2662:then,x>1000:A,R}
then{a<3000:A,R}
Accepted ranges:
x: 2663-4000
m: 1-4000
a: 1-2999
s: 1-4000
x: 1001-2662
m: 1-4000
a: 1-4000
s: 1-4000

