x:    1-1415      m:    1-4000      a:    1-2005      s:    1-1350
x: 2663-4000      m:    1-4000      a:    1-2005      s:    1-1350
x:    1-4000      m: 2091-4000      a: 2006-4000      s:    1-1350
x:    1-2440      m:    1-2090      a: 2006-4000      s:  537-1350
x:    1-4000      m:    1-4000      a:    1-4000      s: 3449-4000
x:    1-4000      m: 1549-4000      a:    1-4000      s: 2771-3448
x:    1-4000      m:    1-1548      a:    1-4000      s: 2771-3448
x:    1-4000      m:  839-1800      a:    1-4000      s: 1351-2770
x:    1-4000      m:    1-838       a:    1-1716      s: 1351-2770
