Part(score_by_attribute={'x': 787, 'm': 2655, 'a': 1222, 's': 2876})
Part(score_by_attribute={'x': 2036, 'm': 264, 'a': 79, 's': 2244})
Part(score_by_attribute={'x': 2127, 'm': 1623, 'a': 2188, 's': 1013})
