Workflows:
in{x>2662:then,R}
then{x<3000:A,R}
Accepted ranges:
x: 2663-2999      m:    1-4000      a:    1-4000      s:    1-4000

