Farm is 11x11 (121 tiles), repeating infinitely

6 steps:
...........
.....###.#.
.###.##.O#.
.O#O#O.O#..
O.O.#.#.O..
.##O.O####.
.##.O#O..#.
.O.O.O.##..
.##.#.####.
.##O.##.##.
...........

10 steps:
.................................
.....###.#......###.#......###.#.
.###.##..#..###.##..#..###.##..#.
..#.#...#....#.#...#....#.#...#..
....#.#........#.#........#.#....
.##..S####..##..S####..##..S####.
.##..#...#..##..#...#..##..#...#.
.......##.........##.........##..
.##.#.####..##.#.####..##.#.####.
.##..##.##..##..##.##..##..##.##.
..................O.O............
...........O.....O.O.O...........
.....###.#O.O...###.#......###.#.
.###.##..#.O###.##.O#O.###.##..#.
..#.#...#.O.O#O#O.O#O.O.#.#...#..
....#.#O.O.O.O.#.#.O.O.O..#.#....
.##..S####O.##O.O####.O##..S####.
.##..#...#.O##.O#O.O#O.##..#...#.
.......##.O.O.O.O.##.........##..
.##.#.####.O##.#.####..##.#.####.
.##..##.##O.##O.##.##..##..##.##.
...........O.O.O.O...............
............O.O.O................
.....###.#...O.O###.#......###.#.
.###.##..#..###.##..#..###.##..#.
..#.#...#....#.#...#....#.#...#..
....#.#........#.#........#.#....
.##..S####..##..S####..##..S####.
.##..#...#..##..#...#..##..#...#.
.......##.........##.........##..
.##.#.####..##.#.####..##.#.####.
.##..##.##..##..##.##..##..##.##.
.................................

50 steps:
...................................................................................................
.....###.#......###.#......###.#......###.#......###.#......###.#......###.#......###.#......###.#.
.###.##..#..###.##..#..###.##..#..###.##..#..###.##..#..###.##..#..###.##..#..###.##..#..###.##..#.
..#.#...#....#.#...#....#.#...#....#.#...#....#.#...#....#.#...#....#.#...#....#.#...#....#.#...#..
....#.#........#.#........#.#........#.#....O...#.#...O....#.#........#.#........#.#........#.#....
.##..S####..##..S####..##..S####..##..S####O.##..S####.O##..S####..##..S####..##..S####..##..S####.
.##..#...#..##..#...#..##..#...#..##..#...#.O##..#...#O.##..#...#..##..#...#..##..#...#..##..#...#.
.......##.........##.........##.........##.O.O.O...##O.O.O....##.........##.........##.........##..
.##.#.####..##.#.####..##.#.####..##.#.####.O##.#.####O.##O#.####..##.#.####..##.#.####..##.#.####.
.##..##.##..##..##.##..##..##.##..##..##.##O.##O.##O##.O##.O##.##..##..##.##..##..##.##..##..##.##.
......................................O.O.O.O.O.O.O.O.O.O.O.O......................................
.....................................O.O.O.O.O.O.O.O.O.O.O.O.O.....................................
.....###.#......###.#......###.#......###.#.O.O.O###O#O.O.O.###.#......###.#......###.#......###.#.
.###.##..#..###.##..#..###.##..#..###.##.O#O.###.##O.#.O###O##.O#..###.##..#..###.##..#..###.##..#.
..#.#...#....#.#...#....#.#...#...O#O#O.O#O.O.#.#.O.#.O.O#O#O.O#....#.#...#....#.#...#....#.#...#..
....#.#........#.#........#.#....O.O.#.#.O.O.O.O#O#O.O.O.O.#.#.O.O....#.#........#.#........#.#....
.##..S####..##..S####..##..S####O.##O.O####.O##.OS####O.##O.O####.O##..S####..##..S####..##..S####.
.##..#...#..##..#...#..##..#...#.O##.O#O.O#O.##O.#.O.#.O##.O#O.O#O.##..#...#..##..#...#..##..#...#.
.......##.........##.........##.O.O.O.O.##O.O.O.O.O##.O.O.O.O.##O.O.O....##.........##.........##..
.##.#.####..##.#.####..##.#.####.O##.#.####O.##O#O####.O##.#.####O.##O#.####..##.#.####..##.#.####.
.##..##.##..##..##.##..##..##.##O.##O.##O##.O##.O##.##O.##O.##O##.O##.O##.##..##..##.##..##..##.##.
...........................O.O.O.O.O.O.O.O.O.O.O.O.O.O.O.O.O.O.O.O.O.O.O...........................
..........................O.O.O.O.O.O.O.O.O.O.O.O.O.O.O.O.O.O.O.O.O.O.O.O..........................
.....###.#......###.#......###.#.O.O.O###O#O.O.O.###.#.O.O.O###O#O.O.O.###.#......###.#......###.#.
.###.##..#..###.##..#..###.##.O#O.###.##O.#.O###O##.O#O.###.##O.#.O###O##.O#..###.##..#..###.##..#.
..#.#...#....#.#...#...O#O#O.O#O.O.#.#.O.#.O.O#O#O.O#O.O.#.#.O.#.O.O#O#O.O#....#.#...#....#.#...#..
....#.#........#.#....O.O.#.#.O.O.O.O#O#O.O.O.O.#.#.O.O.O.O#O#O.O.O.O.#.#.O.O....#.#........#.#....
.##..S####..##..S####O.##O.O####.O##.OS####O.##O.O####.O##.OS####O.##O.O####.O##..S####..##..S####.
.##..#...#..##..#...#.O##.O#O.O#O.##O.#.O.#.O##.O#O.O#O.##O.#.O.#.O##.O#O.O#O.##..#...#..##..#...#.
.......##.........##.O.O.O.O.##O.O.O.O.O##.O.O.O.O.##O.O.O.O.O##.O.O.O.O.##O.O.O....##.........##..
.##.#.####..##.#.####.O##.#.####O.##O#O####.O##.#.####O.##O#O####.O##.#.####O.##O#.####..##.#.####.
.##..##.##..##..##.##O.##O.##O##.O##.O##.##O.##O.##O##.O##.O##.##O.##O.##O##.O##.O##.##..##..##.##.
................O.O.O.O.O.O.O.O.O.O.O.O.O.O.O.O.O.O.O.O.O.O.O.O.O.O.O.O.O.O.O.O.O.O................
...............O.O.O.O.O.O.O.O.O.O.O.O.O.O.O.O.O.O.O.O.O.O.O.O.O.O.O.O.O.O.O.O.O.O.O...............
.....###.#......###.#.O.O.O###O#O.O.O.###.#.O.O.O###O#O.O.O.###.#.O.O.O###O#O.O.O.###.#......###.#.
.###.##..#..###.##.O#O.###.##O.#.O###O##.O#O.###.##O.#.O###O##.O#O.###.##O.#.O###O##.O#..###.##..#.
..#.#...#...O#O#O.O#O.O.#.#.O.#.O.O#O#O.O#O.O.#.#.O.#.O.O#O#O.O#O.O.#.#.O.#.O.O#O#O.O#....#.#...#..
....#.#....O.O.#.#.O.O.O.O#O#O.O.O.O.#.#.O.O.O.O#O#O.O.O.O.#.#.O.O.O.O#O#O.O.O.O.#.#.O.O....#.#....
.##..S####O.##O.O####.O##.OS####O.##O.O####.O##.OS####O.##O.O####.O##.OS####O.##O.O####.O##..S####.
.##..#...#.O##.O#O.O#O.##O.#.O.#.O##.O#O.O#O.##O.#.O.#.O##.O#O.O#O.##O.#.O.#.O##.O#O.O#O.##..#...#.
.......##.O.O.O.O.##O.O.O.O.O##.O.O.O.O.##O.O.O.O.O##.O.O.O.O.##O.O.O.O.O##.O.O.O.O.##O.O.O....##..
.##.#.####.O##.#.####O.##O#O####.O##.#.####O.##O#O####.O##.#.####O.##O#O####.O##.#.####O.##O#.####.
.##..##.##O.##O.##O##.O##.O##.##O.##O.##O##.O##.O##.##O.##O.##O##.O##.O##.##O.##O.##O##.O##.O##.##.
.....O.O.O.O.O.O.O.O.O.O.O.O.O.O.O.O.O.O.O.O.O.O.O.O.O.O.O.O.O.O.O.O.O.O.O.O.O.O.O.O.O.O.O.O.O.....
....O.O.O.O.O.O.O.O.O.O.O.O.O.O.O.O.O.O.O.O.O.O.O.O.O.O.O.O.O.O.O.O.O.O.O.O.O.O.O.O.O.O.O.O.O.O....
.....###.#.O.O.O###O#O.O.O.###.#.O.O.O###O#O.O.O.###.#.O.O.O###O#O.O.O.###.#.O.O.O###O#O.O.O.###.#.
.###.##.O#O.###.##O.#.O###O##.O#O.###.##O.#.O###O##.O#O.###.##O.#.O###O##.O#O.###.##O.#.O###O##..#.
..#.#..O#O.O.#.#.O.#.O.O#O#O.O#O.O.#.#.O.#.O.O#O#O.O#O.O.#.#.O.#.O.O#O#O.O#O.O.#.#.O.#.O.O#.#...#..
....#.#.O.O.O.O#O#O.O.O.O.#.#.O.O.O.O#O#O.O.O.O.#.#.O.O.O.O#O#O.O.O.O.#.#.O.O.O.O#O#O.O.O.O.#.#....
.##..S####.O##.OS####O.##O.O####.O##.OS####O.##O.O####.O##.OS####O.##O.O####.O##.OS####O.##..S####.
.##..#...#O.##O.#.O.#.O##.O#O.O#O.##O.#.O.#.O##.O#O.O#O.##O.#.O.#.O##.O#O.O#O.##O.#.O.#.O##..#...#.
.......##O.O.O.O.O##.O.O.O.O.##O.O.O.O.O##.O.O.O.O.##O.O.O.O.O##.O.O.O.O.##O.O.O.O.O##.O.......##..
.##.#.####O.##O#O####.O##.#.####O.##O#O####.O##.#.####O.##O#O####.O##.#.####O.##O#O####.O##.#.####.
.##..##O##.O##.O##.##O.##O.##O##.O##.O##.##O.##O.##O##.O##.O##.##O.##O.##O##.O##.O##.##O.##..##.##.
....O.O.O.O.O.O.O.O.O.O.O.O.O.O.O.O.O.O.O.O.O.O.O.O.O.O.O.O.O.O.O.O.O.O.O.O.O.O.O.O.O.O.O.O........
.....O.O.O.O.O.O.O.O.O.O.O.O.O.O.O.O.O.O.O.O.O.O.O.O.O.O.O.O.O.O.O.O.O.O.O.O.O.O.O.O.O.O.O.........
.....###O#O.O.O.###.#.O.O.O###O#O.O.O.###.#.O.O.O###O#O.O.O.###.#.O.O.O###O#O.O.O.###.#.O....###.#.
.###.##O.#.O###O##.O#O.###.##O.#.O###O##.O#O.###.##O.#.O###O##.O#O.###.##O.#.O###O##.O#O.###.##..#.
..#.#...#.O.O#O#O.O#O.O.#.#.O.#.O.O#O#O.O#O.O.#.#.O.#.O.O#O#O.O#O.O.#.#.O.#.O.O#O#O.O#....#.#...#..
....#.#..O.O.O.#.#.O.O.O.O#O#O.O.O.O.#.#.O.O.O.O#O#O.O.O.O.#.#.O.O.O.O#O#O.O.O.O.#.#........#.#....
.##..S####O.##O.O####.O##.OS####O.##O.O####.O##.OS####O.##O.O####.O##.OS####O.##O.O####..##..S####.
.##..#...#.O##.O#O..#O.##O.#.O.#.O##.O#O.O#O.##O.#.O.#.O##.O#O.O#O.##O.#.O.#.O##.O#...#..##..#...#.
.......##...O.O.O.##O.O.O.O.O##.O.O.O.O.##O.O.O.O.O##.O.O.O.O.##O.O.O.O.O##.O.O.O.O.##.........##..
.##.#.####..##.#.####O.##O#O####.O##.#.####O.##O#O####.O##.#.####O.##O#O####.O##.#.####..##.#.####.
.##..##.##..##O.##O##.O##.O##.##O.##O.##O##.O##.O##.##O.##O.##O##.O##.O##.##O.##O.##.##..##..##.##.
...............O.O.O.O.O.O.O.O.O.O.O.O.O.O.O.O.O.O.O.O.O.O.O.O.O.O.O.O.O.O.O.O.O...................
................O.O.O.O.O.O.O.O.O.O.O.O.O.O.O.O.O.O.O.O.O.O.O.O.O.O.O.O.O.O.O.O....................
.....###.#......###O#O.O.O.###.#.O.O.O###O#O.O.O.###.#.O.O.O###O#O.O.O.###.#.O....###.#......###.#.
.###.##..#..###.##O.#.O###O##.O#O.###.##O.#.O###O##.O#O.###.##O.#.O###O##.O#O.###.##..#..###.##..#.
..#.#...#....#.#...#.O.O#O#O.O#O.O.#.#.O.#.O.O#O#O.O#O.O.#.#.O.#.O.O#O#O.O#....#.#...#....#.#...#..
....#.#........#.#..O.O.O.#.#.O.O.O.O#O#O.O.O.O.#.#.O.O.O.O#O#O.O.O.O.#.#........#.#........#.#....
.##..S####..##..S####O.##O.O####.O##.OS####O.##O.O####.O##.OS####O.##O.O####..##..S####..##..S####.
.##..#...#..##..#...#.O##.O#O..#O.##O.#.O.#.O##.O#O.O#O.##O.#.O.#.O##.O#...#..##..#...#..##..#...#.
.......##.........##...O.O.O.##O.O.O.O.O##.O.O.O.O.##O.O.O.O.O##.O.O.O.O.##.........##.........##..
.##.#.####..##.#.####..##.#.####O.##O#O####.O##.#.####O.##O#O####.O##.#.####..##.#.####..##.#.####.
.##..##.##..##..##.##..##O.##O##.O##.O##.##O.##O.##O##.O##.O##.##O.##O.##.##..##..##.##..##..##.##.
..........................O.O.O.O.O.O.O.O.O.O.O.O.O.O.O.O.O.O.O.O.O.O..............................
...........................O.O.O.O.O.O.O.O.O.O.O.O.O.O.O.O.O.O.O.O.O...............................
.....###.#......###.#......###O#O.O.O.###.#.O.O.O###O#O.O.O.###.#.O....###.#......###.#......###.#.
.###.##..#..###.##..#..###.##O.#.O###O##.O#O.###.##O.#.O###O##.O#O.###.##..#..###.##..#..###.##..#.
..#.#...#....#.#...#....#.#...#.O.O#O#O.O#O.O.#.#.O.#.O.O#O#O.O#....#.#...#....#.#...#....#.#...#..
....#.#........#.#........#.#..O.O.O.#.#.O.O.O.O#O#O.O.O.O.#.#........#.#........#.#........#.#....
.##..S####..##..S####..##..S####O.##O.O####.O##.OS####O.##O.O####..##..S####..##..S####..##..S####.
.##..#...#..##..#...#..##..#...#.O##.O#O..#O.##O.#.O.#.O##.O#...#..##..#...#..##..#...#..##..#...#.
.......##.........##.........##...O.O.O.##O.O.O.O.O##.O.O.O.O.##.........##.........##.........##..
.##.#.####..##.#.####..##.#.####..##.#.####O.##O#O####.O##.#.####..##.#.####..##.#.####..##.#.####.
.##..##.##..##..##.##..##..##.##..##O.##O##.O##.O##.##O.##O.##.##..##..##.##..##..##.##..##..##.##.
.....................................O.O.O.O.O.O.O.O.O.O.O.........................................
......................................O.O.O.O.O.O.O.O.O.O..........................................
.....###.#......###.#......###.#......###O#O.O.O.###.#.O....###.#......###.#......###.#......###.#.
.###.##..#..###.##..#..###.##..#..###.##O.#.O###O##..#O.###.##..#..###.##..#..###.##..#..###.##..#.
..#.#...#....#.#...#....#.#...#....#.#...#.O.O#.#...#....#.#...#....#.#...#....#.#...#....#.#...#..
....#.#........#.#........#.#........#.#..O.O.O.#.#........#.#........#.#........#.#........#.#....
.##..S####..##..S####..##..S####..##..S####O.##..S####..##..S####..##..S####..##..S####..##..S####.
.##..#...#..##..#...#..##..#...#..##..#...#.O##..#...#..##..#...#..##..#...#..##..#...#..##..#...#.
.......##.........##.........##.........##.........##.........##.........##.........##.........##..
.##.#.####..##.#.####..##.#.####..##.#.####..##.#.####..##.#.####..##.#.####..##.#.####..##.#.####.
.##..##.##..##..##.##..##..##.##..##..##.##..##..##.##..##..##.##..##..##.##..##..##.##..##..##.##.
...................................................................................................

