DigInstruction(direction='R', distance=6, colour_code='#70c710')
DigInstruction(direction='D', distance=5, colour_code='#0dc571')
DigInstruction(direction='L', distance=2, colour_code='#5713f0')
DigInstruction(direction='D', distance=2, colour_code='#d2c081')
DigInstruction(direction='R', distance=2, colour_code='#59c680')
DigInstruction(direction='D', distance=2, colour_code='#411b91')
DigInstruction(direction='L', distance=5, colour_code='#8ceee2')
DigInstruction(direction='U', distance=2, colour_code='#caa173')
DigInstruction(direction='L', distance=1, colour_code='#1b58a2')
DigInstruction(direction='U', distance=2, colour_code='#caa171')
DigInstruction(direction='R', distance=2, colour_code='#7807d2')
DigInstruction(direction='U', distance=3, colour_code='#a77fa3')
DigInstruction(direction='L', distance=2, colour_code='#015232')
DigInstruction(direction='U', distance=2, colour_code='#7a21e3')
