  0   3   6   9  12  15
    3   3   3   3   3
      0   0   0   0
Next value: 18

  1   3   6  10  15  21
    2   3   4   5   6
      1   1   1   1
        0   0   0
Next value: 28

 10  13  16  21  30  45
    3   3   5   9  15
      0   2   4   6
        2   2   2
          0   0
Next value: 68

Total of next values: 114
