.....#....
....#...O#
.....##...
...#......
.....OOO#.
.O#...O#.#
....O#...O
......OOOO
#....###.O
#.OOO#..OO
