Furthest position on path: 8
Enclosed tiles: 1

OO╔╗O
O╔╝║O
S╝*╚╗
║╔══╝
╚╝OOO
