Furthest position on path: 70
Enclosed tiles: 8

O╔════╗╔╗╔╗╔╗╔═╗OOOO
O║╔══╗║║║║║║║║╔╝OOOO
O║║O╔╝║║║║║║║║╚╗OOOO
╔╝╚╗╚╗╚╝╚╝║║╚╝*╚═╗OO
╚══╝O╚╗***╚╝S╗╔═╗╚╗O
OOOO╔═╝**╔╗╔╝║╚╗╚╗╚╗
OOOO╚╗*╔╗║║╚╗║*╚╗╚╗║
OOOOO║╔╝╚╝║╔╝║╔╗║O╚╝
OOOO╔╝╚═╗O║║O║║║║OOO
OOOO╚═══╝O╚╝O╚╝╚╝OOO
