Furthest position on path: 80
Enclosed tiles: 10

O╔╗╔S╔╗╔╗╔╗╔╗╔╗╔═══╗
O║╚╝║║║║║║║║║║║║╔══╝
O╚═╗╚╝╚╝║║║║║║╚╝╚═╗O
╔══╝╔══╗║║╚╝╚╝*╔╗╔╝O
╚═══╝╔═╝╚╝****╔╝╚╝OO
OOO╔═╝╔═══╗***╚╗OOOO
OO╔╝╔╗╚╗╔═╝╔╗**╚═══╗
OO╚═╝╚╗║║╔╗║╚╗╔═╗╔╗║
OOOOO╔╝║║║║║╔╝╚╗║║╚╝
OOOOO╚═╝╚╝╚╝╚══╝╚╝OO
