Furthest position on path: 23
Enclosed tiles: 4

OOOOOOOOOOO
OS═══════╗O
O║╔═════╗║O
O║║OOOOO║║O
O║║OOOOO║║O
O║╚═╗O╔═╝║O
O║**║O║**║O
O╚══╝O╚══╝O
OOOOOOOOOOO
