Furthest position on path: 7107
Enclosed tiles: 289

OOOOOOOOOOOOOOOOOOOOOOOOOOOOOOOOOOOOOOOOOOOOOOOOOOOOOOOOOOOOOOOOOOOOOOOOOOOOOOOOOOOOOOOOOOOOOOOOOOOOOOOOOOOOOOOOOOOOOOOOOOOOOOOOOOOOOOOOOOOO
OOOOOOOOOOOOOOOOOOOOOOOOOOOOOOOOOOOOOOOOOOOOOOOOOOOOOOOOOOOOOOOOOOOOOOOOOOOOOOOOOOOOOOOOOOOOOOOOOOOOOOOOOOOOOOOOOOOOOOOOOOOOOOOOOOOOOOOOOOOO
OOOOOOOOOOOOOOOOOOOOOOOOOOOOOOOOOOOOOOOOOOOOOOOOOOOOOOOOOOOOOOOOOOOOOOOOOOOOOOOOOOOOOOOOOOOOOOOOOOOOOOOOOOOOOOOOOOOOOOOOOOOOOOOOOOOOOOOOOOOO
OOOOOOOOOOOOOOOOOOOOOOOOOOOOOOOOOOOOOOOOOOOOOOOOOOOOOOOOOOOOOOOOOOOOOOOOOOOOOOOOOOOOOOOOOOOOOOOOOOOOOOOOOOOOOOOOOOOOOOOOOOOOOOOOOOOOOOOOOOOO
OOOOOOOOOOOOOOOOOOOOOOOOOOOOOOOOOOOOOOOOOOOOOOOOOOOOF--7F-7F7OOOOOOOOOOOOOOOOOOOOOOOOOOOOOOOOOOOOOF7F7OOOOOOOOOOOOOOOOOOOOOOOOOOOOOOOOOOOOOO
OOOOOOOOOOOOOOOOOOOOOOOOOOOOOOOOOOOOOOOOOOOOOOOOOOOFJF-J|FJ||F7OOOOOOOOOOOOOOOOOOOOOOOOF7OOOOOOOOFJ||L-7OOOOF7OOOOOOOOOOOOOOOOOOOOOOOOOOOOOO
OOOOOOOOOOOOOOOOOOOOOOOOOOOOOOOOOOOOOOOOOOOOOOOOOF7L7|OO|L7|LJ|OOOOOOOOOOOOOOOOOOOOOOOO||OOOOOOOOL7LJF-JF7F7|L7F7OOOOOOOOOOOOOOOOOOOOOOOOOOO
OOOOOOOOOOOOOOOOOOOOOOOOOOOOOOOOOOOOOOOOOOOOOOOF-JL-J|F7|FJ|F-JOOOOOOOOOOOOOOOOOOOOOOF-JL7OOOOOOOOL-7L7FJLJ|L7LJ|OOOOOOOOOOOOOOOOOOOOOOOOOOO
OOOOOOOOOOOOOOOOOOOOOOOOOOOOOOOOOOOOOOOOOOOOOOOL----7||||L7||F--7F-7OOOOOOOOOOOOOOOOOL7F-JOOOOOOOOF7|FJ|F--JOL7FJF-7OOOOOOOOOOOOOOOOOOOOOOOO
OOOOOOOOOOOOOOOOOOOOOOOOOOOOOOOOOOOOOOOOOOOOOOOOF7F7|||||FJ|||F-JL7|OOOOOOOOOOOOOOOOOFJL---7OOOOOO|LJL7|L-7F7FJ|FJFJF7OOOOOOOOOOOOOOOOOOOOOO
OOOOOOOOOOOOOOOOOOOOOOOOOOOOOOOOOOOOOOOOOOOOOF7O|||LJLJ||L7|||L7OFJL-7OOOOOOOOF7OOF7FJF----JOOF7OOL-7FJ|F-J||L7|L7L7|L7OOOOOOOOOOOOOOOOOOOOO
OOOOOOOOOOOOOOOOOOOOOOOOOOOF7OOOOOOOOOOOOOOOFJL-JLJF7F7LJFJ||L7L7|F--JOOOOOOF7||OO||L7L7OF7OOFJL7OF-JL7|L-7||FJL7|FJ|FJOOOOOOOOOOOOOOOOOOOOO
OOOOOOOOOOOOOOOOOOOOOOOF7OO||OOOF7F7OOOOOF7OL-7F7F7|||L-7L7|L7L7LJ|F7OOF-7OO|||L-7||FJFJFJL7OL-7L7L--7||F-J|LJF7|||FJL-7OOOOOOOOOOOOOOOOOOOO
OOOOOOOOOOOOOOOOOOOOOOO||F7||OOFJ|||F--7O||OF7LJLJLJLJF-JFJL7L7L-7LJL7FJFJF7||L7FJ|LJFJO|F-JF7FJFJOF7|LJL-7L7FJLJ|||F7FJOOOOOOOOOOOOOOOOOOOO
OOOOOOOOOOOOOOOOOOOOF7FJLJLJL-7L7LJ|L-7L-J|FJL-7F--7F7L-7L7O|FJF7|F--JL7L7|LJ|FJL7L-7L7FJ|F7||L7L7FJ|L7F--JFJL-7O|LJ|LJOOOOOOOOOOOOOOOOOOOOO
OOOOOOOOOOOOOOOOOOOFJ|L-7F7F--JOL7FJF7L7F7|L7F-J|F-J||F-JFJFJ|FJLJL7F-7|FJ|F-JL7FJF-JFJL7LJ||L7L7|L7|O||F7O|F7FJFJF-JOF7OOOOOOOOOOOOOOOOOOOO
OOOOOOOOOOOOOOOOOF7L7|F7LJ|L7F7OFJ|FJL7LJ||FJ|OFJL7FJ|L-7|FJFJL-7F-JL7||L7|L7F-JL7L-7|F-JF-JL7|FJL-JL-J||L7LJ|L7|FJF7O||F7OOOF7OF--7OOOOOOOO
OOOOOOOOOOOOOOOOFJL-J||L7OL7||L7|FJL7FJF-J|L7L7L7FJL7L--J||FJF7FJL7F-J||FJ|FJL--7|F-J|L-7L7OO||L----7F-J|FJOFJFJ|L-JL7|LJL--7||O|F-JOOOOOOOO
OOOOOOOOOOOOOOF7L---7||FJF7|||FJ|L7FJL7L-7|O|FJFJL-7|F7F7LJL7||L7FJ|F-J||FJL7F--J|L-7L-7L7|F7||OF---JL-7||F7L7|O|F---JL7F---J|L7|L-7OOOOOOOO
OOOOOOOOOOOOOFJL----JLJ|FJLJLJL7L7|L7FJF-J|FJL7|F--JLJLJL7F-J|L7|L7||OFJLJF7|L--7L7OL7FJO|LJLJL7L---7F-J|LJ|FJL7|L---7FJL-7F7|FJ|F-JOOOOOOOO
OOOOOOOOF-7OO|F---7F7F7||F-----JFJL7|L7L-7|L-7|||OF--7F7O|L-7L7||FJ|L7L-7FJLJF7FJFJF7|L--JF----JF7F7|L7FJF-JL-7||F---JL7F-J||||FJL---7OOOOOO
OOOOOOOOL7L7O||OOFJ|LJ|LJL7F---7L7FJ|FJF-JL--JLJL7L7FJ|L7|F-JO||||O|FJF-JL--7|||FJFJ|L---7|F7F--J||||FJL7|F--7||||F7OF7||OFJ||LJF7F--JOOOOOO
OOOOOOOF-JFJOLJF7L-JF-JF-7||F--JFJL7|L7L----7F7F-JFJL7|FJ|L7F7|||L7|L7L7F---J|LJL-JFJF---J|||L--7|||||F7|||F-J|LJLJL7|||L7|FJ|F-JLJOOOOOOOOO
OOOOOOOL-7L7F-7|L---JF7|FJLJL--7|F-JL7|F7OF7||LJF7L-7LJL7L7LJ|||L7|L7|FJL---7L--7F-JOL--7FJ||F7FJLJ|||||||||F7L--7F-J|||FJ|L-JL--7OOOOOOOOOO
OOOOOF7F7L7LJFJL7F7F7|LJL-7F---J|L7OFJ||L-JLJL7O|L7OL-7FJFJF7||L7||FJLJF-7F-JF--J|OF7F7FJL7|LJ|L-7FJ|||||||||L-7O|L7FJLJL-JF---7FJOOOOOOOOOO
OOOOO||||FJF-JOOLJLJLJOF7FJL7OF7|FJFJFJL--7F-7L7L7L7OFJL7L-J||L7||LJF--JOLJF7L7F-JFJ||||F-J|F7L--JL-J||LJ||LJF-JFJFJL7F-7F7L--7|L7OOOOOOOOOO
OOOOFJ||||FJOF7OOF-7F--J|L-7L7|||L7L7L7F7OLJOL7L7|FJFJF-JF7FJL7|LJF7L7F7OF-J|FJL-7L7|||||F7||L----7F-JL7FJ|F-JF7L7L7O||O|||F--JL-JOOOOOOOOOO
OOOOL7LJLJL7FJL7FJFJL--7L7OL7|||L7L7|FJ||F-7F7|FJ||OL7|F7||L-7LJF-JL-J|L7L-7|L--7|FJLJLJLJ|||OF---JL--7||FJL--J|FJFJFJL7LJ|L--7F7F7OOOOOOOOO
OOOOOL---7FJ|F-J|FJOOF7|FJF7||||OL7||L7|LJFJ|||L7|L7FJ|||||OFJF7L--7F7L7L7FJ|F7FJ|L-7F-7F-JLJFJF-----7LJLJF----JL7L-JF7|F7L--7|||||OOOOOOOOO
OOF7OOF7FJ|FJL--JL-7FJ||L-J||||L7FJ|L7|L-7L7|LJFJ|FJL7LJLJL7|FJL---J|L7|FJL7LJ||FJF7||OLJOF7FJFJF7OF7L7F-7L7F7OF7|F7FJ|LJL--7LJ|||L7OOOOOOOO
OO||F-JLJFJL----7F7|L7|L--7||||FJL7|FJL7FJFJL-7|FJ|F7L----7LJL--7F7FJFJ||F7L-7LJ|O|LJ|F7F7||L-JFJ|FJL7|L7L-J|L7|||||L7|F7F-7L--JLJFJOOOOOOOO
OO||L---7|F7OF--J||L-J|F7FJLJLJL7O||L-7|L7L7F-JLJFJ||F7F--JF7F--J||L7|FJ||L-7L7FJFJF-J|||||L-7FJFJ|F7LJFJF7OL7LJ||||FJ||||OL7F---7L7OOOOOOOO
F-JL----JLJL7L---JL-7FJ|||F7F-7FJFJL-7||O|FJL-7F-JFJ|||L-7FJLJF7O|L7|||FJ|F-JO||OL7|F7|LJ||F-JL7|OLJ|F7L-J|F-JF7LJ||L7LJLJF7|L7F7L7|OOOOOOOO
L--7F7F7F7F7L7OF7F7FJL-JLJ|||FJL7L-7FJ|L7||F-7|L-7L7||L7FJL7F7|L7|FJ||||FJL7F7|L7FJ|||L7FJ|L7F7|L7F7LJ|F--J|F-JL7FJL-JF---J|L-J|L7LJOOOOOOOO
OOFJ|LJ||LJL7L-J||LJF-7F7FJ|||F7L--J|O|FJ||L7|L-7|O|||FJ|F-J||L7|||O||||L7FJ||L7||FJ||O||O|FJ|||FJ||F7||F7O||F7OLJF7F-JF7F7L7F7|FJF7OOOOOOOO
OOL-JF-JL7F7|F-7LJF7|OLJLJOLJLJL---7L7|L7|L7||F7|L7||||FJL7FJL7||||FJ|||FJL7||FJ||L7|L7||FJL7||||FJ||||||L-JLJL-7O|LJF-JLJL7LJ||L-J|OOOOOOOO
OOOOOL7F7||LJ|FJF7|||F--7OF7F-----7L7LJFJ|*LJLJ|L7||LJ|L7FJ|F-J|||LJ*||LJF-J||L7||FJ|*LJ|L-7||||||FJ|LJ||F--7F-7L7L-7L----7|F7||F--JOOOOOOOO
OOOOOOLJLJL-7|L-JLJLJL-7L7||L7F7F7L-JF7L7L-7F--JFJ|L-7|FJ|FJ|F7||L--7||F-JF7||FJ||L7L--7L7FJ||||LJL7L-7|||F7LJOL-JF7|F----JLJLJ||F--7OOOOOOO
OOOOOOOF7F--JL-7F7F---7L7|||OLJLJL---JL7L7FJL--7|*|F7||L7||FJ|LJL7F-JLJ|F7|||||*|L7|F7FJFJL7|||L7F-JF7|LJLJL--7OF7|LJL--7F7F---J||F-JOF7OOOO
OOOOOOFJLJF7F--J||L7F7L-JLJL-7F7F------J*LJF7F-JL7||LJ|FJ||L-J*F-J|*F7*LJ|||||L7L7|||||*L7FJLJ|FJL-7|LJ*F-----JFJLJF7F--J||L7F--J||OOFJ|OOOO
OOOOOOL7F7|||F--J|FJ||F7F--7FJ||L---7*F7*F7||L-7FJLJF7||FJL7F--JF7L-JL-7FJ||||FJ*LJ|||L-7||F-7|L--7||*F7L7F----JF--JLJF7O||O|L7OFJL-7L7|OOOO
OOOOOOOLJLJLJL--7|L-JLJ||F-J|FJ|OF--JFJL-J||L--JL---J||||F7|L7F7|L7F---JL7|||||*F7FJ|L7FJLJL7LJF7FJ||FJL7LJF---7L--7F-J|FJL7|FJFJF-7|FJL-7OO
OOOOOOOOF---7F--J|F--7OLJL-7|L7L7L---JF7F-JL-7F7F-7F-J|||||L7LJ||FJ|F7F--J|LJ|L7|LJFJ*LJF7F7L-7|LJ*LJ|F7L--JF-7|F-7|L7FJ|F-J|L7|FJFJ||F--JOO
OOOOOOOOL--7|L--7|L-7|F--7FJL-JFJF7F7FJ|L---7|||L7|L7FJ|LJ|FJF-J|L7LJ|L-7FJ*FJFJ|F7L7F--JLJL--JL-7F-7LJL----JFJLJOLJFJL-JL-7|FJ||OL-J||F7OF7
OOOOOOOOF7FJL---JL-7||L-7LJF7F7L-JLJLJ*L7F7FJLJL7||FJL-JF-J|*L-7|FJF-J*FJ|F-JFJFJ||FJL7F---7F-7F7||FJF----7F7L7F7F7OL7F----J||FJL7OF-JLJL-J|
OOOOOOOFJLJF-7F7F-7LJL7OL--JLJL7F7F7F--7||||F---J||L---7|F7L-7FJ|L7L--7L7|L-7|*L7|||*FJ|F--J|*||LJ||*L7F-7LJL7LJLJL--JL-7F7O|||F7L7|F-7F---J
OOOOOOOL---JOLJLJOL-7FJF7F----7||LJLJF7||||||F--7||F7F-JLJ|F7||FJFJF7FJ*LJ*FJL-7LJ|L7L7|L7F7|FJ|F-J|F-JL7L-7O|F--7F-7F-7LJL-JLJ|L7LJL7|L--7O
OOOOOF---7F7OF-7F7F7||FJLJF7F7|LJF--7|LJLJ|||L7FJ|||LJF--7|||||L7L7||L-7*F-JF-7L-7L7L7LJ*LJ||L7|L-7|L---JF7L7|L-7LJOLJFJF7F-7F-JOL-7FJ|F-7L7
OOOOOL--7LJL7L7LJ||LJ|L---JLJ|L-7L-7LJF-7*LJL7|L7||L-7L7FJLJ||L-JFJ|L7FJFJF7L7|F-J*|FJF---7LJ*LJF-JL-----JL-JL-7L----7L-J|L7|L---7OLJO|L7|FJ
OOOOOOOOL7F7L7|F7LJF7L--7F7OFJF7|F7L--JFJF7F7|L7||L-7L-JL7*FJL--7L7|*LJ*L7||FJ|L--7LJFJF-7L-7*F7L7F-7F-7F-7F--7L7F7F7L--7L7|L7F-7L---7|FJLJO
OOOOOOOF-J|L7LJ|L7FJ|F-7LJL7L-J|LJL----JFJLJ||FJ|L7*|F7F7L7L7F7FJ*LJF7*F-J|||FJF7FJ*FJFJFJF7L-JL-JL7||FJ|FJ|F-JFJ|||L-7FJOLJO||OL----JLJOOOO
OOOOOOOL7FJO|F7|FJL7LJO|F-7|OF-JF------7|F--JLJ*L7L7|||||FJFJ|||F---JL-JF7|LJ|FJ|L-7L-J*L-JL7F---7FJ||L-JL-JL-7L7||L-7|L---7FJL-------7OOOOO
OOOOOOOOLJOOLJ||L--JF--JL7|L-JF7|F--7F7LJL-7F7F-7|FJ||||LJ*L7||||F--7F-7|||F-JL7|F-JF-------J|F--JL7||F-------JOLJ|F7|L--7FJL7F-7F--7FJOOOOO
OOOOOOOOOF-7F7LJOF7OL7F-7|L7F-J||L-7LJL---7LJLJFJ|L7|||L--7FJ|LJLJF-J|*||||L7F7||L-7L------7FJL-7F7|LJL--7F7F7F--7LJ|L--7|L7O|L7|L-7LJOOOOOO
OOOOOOOOOL7LJL7F-J|F-J|O||FJ|F-JL7FJF----7|F7F7|*|FJ||L7F-JL7L---7|F7L7LJ|L7||LJ|F-JF-7*F--J|F--J|LJ*F7F7LJLJLJF7L7FJF--J|FJFJFJ|F-JOOOOOOOO
OOOOOOOF7OL--7|L-7LJF7|FJ|L7|L7F7|L7|F---JLJLJ|L7||*LJ*LJ*F-JF7F-J|||FJF-JFJ||F-JL-7|FJFJF--JL-7FJF-7|||L------JL-JL-JF-7|L7L7L7|L----7OOOOO
OOOOOOO|L-7F7||F7L-7|||L7L7LJOLJ||OLJL--7F7F7*L7||L-7**F--JF-J||F-J||L7|F7L7LJL7F-7|||*L-JF--7*LJ*L7||LJF7F7F------7OFJFJL-JOL7||F----JOOOOO
OOOOOOOL-7||LJLJL--J|||OL-JF----J|F-----J|LJL-7LJL--J*FJF-7L7*LJL-7|L7|LJ|FJF7*||FJ||L--7FJF7L-7F7FJ||F-JLJLJF----7L-JFJF7F7OOLJ|L--7OOOOOOO
OOOOOOOOFJLJF-------JLJF-7FJF7F7FJL------JF7F-J*F7F7F7L-JFJFJ**F7FJL7||F-J|FJL-J|L-JL--7|L-JL-7|||L7|LJF--7F-JOF-7L7F7L-JLJL7F-7|F--JOOOOOOO
OOOOOOOOL--7|F--------7|FJL7|||LJF------7FJ|L--7|||||L-7*L-J***|LJF7|LJL7FJ|F7F7|F7F-7FJ|*F7F7|LJL-JL--JF7LJOF7L7|OLJL7F----J|FJLJF-7OOOOOOO
OOOOOOOF7F-J|L----7F-7LJL-7LJLJF-JF7F7F7LJ*L---J|LJLJF-JF----7*L-7|LJ***||*LJ|||||||FJL7L-JLJLJF-7F7F--7||F--JL7||F7F7LJF7F7FJL---JFJOOOOOOO
OOOOOF-JLJF7L7F7F-J|FJF7F7|F-7OL--JLJLJL7*F-7F7FJF7F-JF7|F---JF--J|F7***LJF--J|LJ|LJ|F7|F-7F---J*LJLJF7LJLJF7F7LJLJLJL--JLJLJF-7F--JOOOOOOOO
OOOOO|F7F7||FJ||L--JL7|LJ||L7L--7F7F-7F7L7L7||||FJLJF-JLJL--7*L--7LJL7****L7F7|*FJF7LJ|||FJ|F--------JL-7F-J|||F7F7F-7F-7F7F7L7||F7OOOOOOOOO
OOOOOLJ||LJLJFJL7F--7LJF-J|OL--7LJLJ*LJL7L-JLJLJL-7*|F-----7|***FJF-7L-7***LJLJ*L-JL-7|||L-JL--7F---7F-7LJF7LJLJLJLJOLJOLJLJL-J|||L-7OOOOOOO
OOOOOOOLJOF7OL-7|L-7|F7L-7L---7|F--7F--7|F-------7L-JL---7FJ|***L-J*L--J***F7F7F7*F--J|LJF----7||F7*LJ*L--JL--7F7OF7OF-----7F7OLJ|F-JOOOOOOO
OOOOOOOOOFJ|F--JL-7||||F7L---7|LJF7LJF7|LJF-----7|F----7FJL-J************F-JLJLJL7L--7L7*L---7|LJ||F----------J|L-JL7|F----J|L7OFJL--7OOOOOO
OOOOOOOOOL7LJF-7F7LJLJLJL----JL--JL--JLJF7|F--7FJLJF7F7LJ***F7***********L--7F--7|*F7L7L7F7F7||F-J|L--7F----7F7|F--7LJL-7F7OL7|FJF---JOOOOOO
OOOOOOOOOFJF-JOLJL-7F---7F7F-------7F--7|LJL-7|L7F7|LJL7****||***********F--J|F-JL7||*L7LJLJ|||L7FJ*F7||F-7FJ|||L7OL7F-7LJL7FJLJFJF7F7OOOOOO
OOOOOOOOFJFJOF7OF7FJ|OF-J|LJF7F7F--J|F-JL-7F-JL-J|||F-7L7F7FJL7**********L7F-J|F-7LJ|F7|F--7LJL-J|F7|LJ|L7|L-JLJFJF7LJOL---JL7F7L-JLJL-7OOOO
OOOOOOOOL7|F-JL-JLJFJFJF-JF7||||L---JL7*F7|L--7F7|||L7L-J|LJF7L7**********LJ*FJ|FJF7LJ|LJF-JF-7F7|||L--J*|L7F7F7L7|L-7F7F7F7FJ|L7F-7F7FJOOOO
OOOOOOOOOLJL---7F7FJOL-JF-J||LJL-----7L7|||F--J|||||FJ*F7L7FJL-J**********F7*L-JL-JL-7|F7|F7|*|||LJL7F-7FJOLJLJL-J|F-J|||LJLJFJOLJOLJLJOOOOO
OOOOOOOOOF-----J|LJOF7F7L-7|L--7F---7L7LJLJL---JLJLJL7FJL-JL---7*********FJL-----7F7FJLJLJ|||FJ||F-7||FJL7F7F--7F7||F7||L7F-7|F7OF-7OOOOOOOO
OOOOOOOOOL-7F7F7|F--JLJL--JL---J|F--J*L7F7F-7F7F7F7F-J|F-------J*********L------7LJLJF7F7FJ||L7|LJFJLJL--J|LJF7LJLJLJLJL-JL7|LJL-JFJOOOOOOOO
OOOOOOOOOF-J|||LJL-7F7F-7F7F7F7FJL----7|||L7||||LJLJF-JL--7F7F7F7**********F7F-7L7F-7|LJ||FJL7LJ*FJF-7F7F-JF-JL---------7F7|L7F--7L7OOOOOOOO
OOOOOOOOOL7FJ||F---J|LJFJ|LJ||LJOF----JLJL-JLJLJ*F7FJF----J|LJLJL-7**F7F7**||L7L-J|FJ|F7LJL-7|F--JFJ*LJLJF7L-----------7||LJO|L-7L-JOOOOOOOO
OOOOOOOOOOLJOLJL----JF7L7|F-J|OF7L--7F7F--7F7F7F7|LJFJ*F7*FJF7F---J*FJLJ|F-JL7L---J|FJ|L--7*LJL--7|F-----J|F-----7F7F7FJ|L--7|F7L--7OOOOOOOO
OOOOOOOOOOOOOOOOF7F7O||OLJL-7|FJL---J|LJF-J|||||LJF-JF7||FJFJ||F7F-7L7F-JL--7L7F7F-JL7L--7|F7F7F-J|L-----7|L--7F7LJLJ|L7|F7FJ||L7F7L7OOOOOOO
OOOOOOOOOOOOOOF-JLJ|FJL-----J|L----7FJF-JF7|||||F7L--JLJLJFJ*LJ|LJFJFJ|F7F-7L7LJLJF7FJF--JLJLJ|L--J*F7*F7|L--7LJL---7L-J||LJO|L7||L7L7OOOOOO
OOOOOOOOOOOOOOL---7|L7F-7F---JOF7F7LJFJF-JLJ|||||L-7F7F7F-JF7*FJF-J*L7|||L7|*|F7F-JLJ*L-7F---7|F7F--JL-JLJF-7L7F-7F7L--7|L--7L7||L7L-JOOOOOO
OOOOOOOOOOOOOF-7F-JL7LJOLJF----J||L--J*L7F--J||||F7LJ||||F-JL7|FJF7F7||||FJL7LJ|L7F--7F7LJF--JLJ|L--7F----JFJOLJOLJL---JL-7FJOLJL7L7OOOOOOOO
OOOOOOOOOOOOOL7|L--7|F7OF7L----7LJF-7F7FJL---JLJLJL-7LJLJ|F--J|L7|LJLJLJ|L-7L7*L-JL-7||L-7L----7|*F7|L7F---JF-----------7OLJF7F7OL7|OOOOOOOO
OOOOOOOOOOOOF-JL---JLJL-JL----7|F-JFJ|LJF7F7F7F7F7F-JF7F7||*F7|FJL-7F--7L-7L7|F7F7F-J|L7FJF---7|L-JLJFJ|F--7L7F--7F-7F-7L7F7|||L-7||OOOOOOOO
OOOOOOOOOOF7L------7F------7F7LJ|F7L-JF7|||||LJ||LJF7|||LJL7|LJL-7*|L-7L--J*|LJ|||L-7L7|L7L7F7LJF-7F-J*LJF-JFJL7O|L7||OL7LJLJLJF-JLJOOOOOOOO
OOOOOOOOOO|L7F----7||F-7F7OLJL--J|L--7|LJ||||F-JL--JLJLJF--JL7F7FJFJF7L7F7F7L-7|||**L7||FJ*||L-7L7LJF-7F-JOFJF7L7L-J|L-7|F7F7F7|OOOOOOOOOOOO
OOOOOOOOOO|FJL---7LJ|L7LJL--7F---JF-7||F7LJLJL7F7F-7F--7L-7F7||LJFJFJL7||LJL7FJLJL7F-JLJL-7LJF7L-JF7L7|L---JFJL7L7OFJF-JLJLJLJLJOOOOOOOOOOOO
OOOOOOOOOFJ|F7F-7L-7L7L-7F-7LJF---JFJLJ|L----7||||*|L7*L--J|||L-7|FJ**LJL-7FJL---7|L-----7L7FJL---JL-J|*F---JF7L7L7L-JF-------7OOOOOOOOOOOOO
OOOOOOOOOL7LJLJFJF7L-JF7LJOL7FJOF--JF7FJF----JLJ|L7|FJF--7FJ|L7FJ||F7F7F7FJ|F7F-7|L---7F-JFJ|F----7F-7L7L--7O|L7L-JF7O|F------JOOOOOOOOOOOOO
OOOOOOOOOOL---7L-J|F7FJL-7F7LJF7L---JLJFJF-----7L7|LJFJF-JL7|FJL-JLJLJ|||L7|||L7|L-7F-JL-7|*LJF---J|*L7L7F7L-JFJF7FJL7|L---7OF7OOOF7OOOOOOOO
OOOOOOOOOF7F-7L--7|||L7F7LJL--JL------7L7|F----J*|L-7L7L7*FJLJF-------J||FJ|||*||*FJL7F7FJL-7*L7F7FJF7L7LJL---JFJLJF7||F---JFJL7F-J|OOOOOOOO
OOOOOOOF-JLJFJF7FJLJL7LJL7F7F7F7F7F--7L-J|L--7F7FJF7L7L7L7L--7|F-7*F-7*||L7LJL-JL7L-7|||L7F-JF-J|LJFJL-JF-----7|F--JLJ||F7F7L7FJ|F-JOOOOOOOO
OOOOOOOL-7F7L-J|L---7|F7O||||LJLJLJF7L---JF--J||L-J|FJ*L7|*F-J||FJFJFJFJ|*|F7F7F-JF-JLJ|FJL7*L7FJF-JF---JF7F--J||F7F7O|||LJL-JL7|L7OOOOOOOOO
OOOOOOOOOLJL--7|F7F7|LJL-J|LJF-----JL--7F7L---J|F-7LJF7FJL7L-7LJL7|FJFJFJFJ|LJLJF7L--7FJL7FJF7LJFJF7|F-7FJ|L---JLJLJL-J||F-7F-7LJFJOOOOOOOOO
*******F7*F---JLJLJLJF-7F7|F-JF-----7F7LJ|FS---JL7|*FJLJF7L7FJF--J||*L7L-JFJF-7FJL--7||F7|L7||F7L-JLJL7|L7L---------7F7LJL7|L7|F7L7OOOOOOOOO
OOOOOOFJ|OL-----7F7F7L7||LJ|F7|F7F--J|L-7||F-7F-7|L7L7F-JL7|L7L7F7|L-7L--7|*L7|L-7F7||LJLJFJ|||L7F7F--J|FJOF-7F----7|||F--JL-JLJ|FJOOOOOOOOO
OOOOOOL7|F------J|||L7|LJF7LJ|||LJF--JF7|||L7|L7||FJ*LJF7FJL7|FJ|||F-JF7FJL-7|L-7LJ||L---7L7||L7LJ|L--7|L-7L7LJF---JLJLJOF-----7LJOOOOOOOOOO
OOOOOOFJLJF-7F7F7|||FJ|F-J|F-J|L--JF7FJLJ||*|L7|LJL7F7FJ|L-7LJL7|LJL-7|||F--JL7FJF-JL-7F-JFJ|L-JF-JF--JL--JO|F7L--7F7F7F7|F-7F-JF7OOOOOOOOOO
OOOOOFJF-7|FJ|||LJ|||FJ|F7LJF-JF7F-J||F7*LJFJFJ|F--J|LJFJF7L7F-JL7F--J|LJL---7|L7L---7|L-7L7L7F-JF7L-------7||L---J|||LJLJL7||F-JL7OOOOOOOOO
OOOOOL7|FJ|L7|||F-J|||OLJL--JF-J||F7LJ|L7F7L7|*|L--7L7FJFJL-JL--7|L7*FJF-----JL7|F7*FJL7FJFJ*|L7FJ|F---7F-7LJL-----JLJF---7|LJ|F--JOOOOOOOOO
OOOOOOLJL-JO||LJL-7|||F---7F7L-7|LJL--JFJ|L-JL7|F--JFJL7L---7F-7|L7|FJFJF---7F7|||L7|F7||FJF-JFJ|FJL--7|L7L--7F-------JF-7|L7O|L---7OOOOOOOO
OOOOOOOOF---JL7F--J|LJL--7LJ|F7|L-----7|*L7F-7|||F7FJF-JF7F7||FJ|FJLJFJ*L7F-J|||||FJLJ|LJL7L-7L7|L7F-7|L7L--7|L----7F--JFJL7L-JF--7L7OOOOOOO
OOOOOOF-JF7F-7|L---JF7F--JF7LJ|L-----7||F7LJ*|||LJ|L7|*FJ|||LJL7||F--J*F-J|F7||||||F7*|F-7L--JFJL7|L7|L7L--7||F7F-7LJF7FJOOL7F-JF7L7|OOOOOOO
OOOOOO|F-JLJOLJF----J|L---JL-7L------JLJ||F7FJ||F-J*|L7L7LJL--7|LJL-7F7|F7||LJ||||LJL7||FJF--7L-7|L7||FJF7OLJLJLJOL--JLJF7F7|L--JL7LJOOOOOOO
OOOOOOLJOOF---7L----7L---7F7OL-7F---7*F7||||L7LJ|*F7|FJ*L-7F7FJL7F--J||LJ||L7FJ||L--7|LJL7|F7L--JL7|||L-J|F7F----------7|LJ||F7F7FJOOOOOOOOO
OOOOOOOOOOL7F7L----7L---7LJ|F7OLJOF-JFJ||LJL7L-7|FJ||L7F-7||LJF7|L7F7|L7FJ|FJL-J|F7FJL7F-J||L7F7F7||||F7FJ|LJF-----7F-7LJF-JLJLJLJOF7OOOOOOO
OOOOOOOOOOO|||F7F-7|F7F7L-7LJ|F7F7L7*L7|L7F-JF7|||FJ|FJL7|||F7|||FJ|||FJL7|L7F--J||L-7|L-7||FJ||||||||||L-JF7L--7F7LJO|F7L7F----7F7||OOOOOOO
OOOOOOOOOOOLJ||LJFJLJ|||F7L-7LJLJL-JF7|L7|L-7|LJLJ|FJ|F7|||LJ||||L7|||L7FJ|FJL7F7||F7|L7FJ|||FJ|||||||||F7FJ|F-7LJL7F7LJL-J|F---J|||L7OOOOOO
OOOOOOOOOOOF7LJF7L--7LJLJL-7L-7F--7FJ||FJ|OFJL-7F-J|O||LJLJF-J||L7LJ||O||FJ|OFJ|||||||O||FJ|LJO||||LJ||LJ|L7|L7L7F7LJL7F7F7||F-7O|||FJOOOOOO
OOOOOOOOOOFJL7FJL-7O|F--7F7L7OLJF-J|FJ|L7L7L7F7||F7|FJL---7L-7|L7L7FJL7LJL7L7L7|||LJ||FJ|L7L--7||||OFJL7FJFJL7|FJ||F-7LJLJLJLJFJFJLJ|OOOOOOO
OOOOOOOOOFJF7LJF-7|FJ|F-J|L7|F--JF7||FJFJFJFJ|LJ||||L7F7F-JF7||OL7||F7|F--JFJO||||F-J|L7L7L-7FJ||||FJF7|L7|F7LJL-J|L7|F7F-7F-7L7|F7FJOOOOOOO
OOOOOOOOOL7||F7|FJLJFJ|F7|FJLJF7FJ|||L7L7|FJFJF7LJLJFJ||L--J|||F-J|||LJ|F7FJF-J|||L7FJFJFJF-JL7||LJL7||L7|LJL7OF-7|FJLJ||O|L7|FJ||LJF7F7OOOO
OOOOOOOOOOLJLJ||L7F7|OLJ||L7F7|||O|||FJFJ|L7L-JL7F7OL7||F7F7||||F7||L-7|||L7L7FJ|L7|L7L7|OL7F-J||F--J||FJ|F-7L-JFJLJF7FJL7|FJ||O||F-JLJ|OOOO
OOOOOOOOOOOOOOLJFJ||L7F-J|OLJ|||L7LJ||FJFJFJF---J|L7O||||||LJ||LJ||L7FJ|||FJFJ|FJFJ|FJFJL7FJL-7LJL--7|||FJL7L7F-JF--J||F7||L7|L-JLJF7F-JOOOO
OOOOOOOOOOOOOF--JFJ|FJ|F-JF--J|L7L-7|||FJOL7L----JFJFJ||||L-7|L-7||FJ|OLJ||OL-J|FJOLJOL7FJL7F7|F----J|||L7FJO|L--JF--J|||||FJ|F7F7FJLJOOOOOO
OOOOOOOOOOOOOL--7L7LJFJ|F-JF7FJFJF-J||LJF7OL7F--7FJFJFJ||L-7|L7FJ||L7L-7FJL-7F-J|F-----JL7O|||||F-7F7||L7|L-7L---7L--7LJLJLJO|||||L-7OOOOOOO
OOOOOOOOOOOOOOOOL7L7OL7|L-7|LJFJFJF-J|F-JL--JL-7|L7L7|FJL-7LJFJ|FJL7L7FJ|F7FJL7FJL7F7F7F7L7LJLJ||FJ||||FJ|F7L-7F7L---JF7F----J||||F-JOOOOOOO
OOOOOOOOOOOOOOOOOL7L-7||F-J|F-JFJFJF7|L7F7F7F7FJL-JFJ|L7F7L7OL-JL7FJFJL7||||F-J|OFJ|LJ||L7L7F7OLJL7|||LJFJ||F7LJL---7O||L--7F-J||LJOOOOOOOOO
OOOOOOOOOOOOOOOOOO|F7|LJL--JL-7L7|FJLJO||LJLJ||OF7OL7|FJ|L7L---7FJ|FJF7|LJ|||F7L7|FJF-JL7L7LJL7OF-J||L7OL7|LJ|F7F7F7L7||OF7LJOO||OOOOOOOOOOO
OOOOOOOOOOOOOOOOOFJ|||F7OF----JFJLJF7F7|L7F7FJL-JL7O||L7L7|F---JL-JL7|||F7||||L-JLJOL---JFJF-7L7|F7|L-JF-JL7FJ|LJ|||FJ|L-JL7OOOLJOOOOOOOOOOO
OOOOOOOOOOOOOOOOOL7||||L-JF7F-7|F--JLJLJFJ||L7F7F7L7LJO|FJ|L-7F-7OF-J|||||LJ|L--7F7F----7L7|OL-J||||F--JF7FJL7L-7LJ|L-JF--7L-7OOOOOOOOOOOOOO
OOOOOOOOOOOOOOOOF-J|LJ|F7FJ||OLJL7F-7F-7L-JL7LJ||L7|OF-J|OL-7LJFJFJF7||||L7FJF7FJ||L---7|FJL--7FJ|||L-7FJ|L-7|F7L-7L7F-JOFJF7|OOOOOOOOOOOOOO
OOOOOOOOOOOOOOOOL--JOFJ|LJOLJF---J|O||O|F7F7L7FJL7LJFJF7L--7L--JFJFJ|||LJFJL7|||FJL----JLJF7F-J|FJLJF-JL7L7FJ||L-7|O|L--7L-JLJOOOOOOOOOOOOOO
OOOOOOOOOOOOOOOOOOOOOL7|F----JF7F7|FJ|FJ||||FJL7FJF-JFJ|F7FJOF-7L7|OLJ|F7L-7||||L7F--7F7F7||L7FJL--7|F-7|FJ|O|L-7LJFJF7FJOOOOOOOOOOOOOOOOOOO
OOOOOOOOOOOOOOOOOOOOOOLJ|F7F-7|||||L7|L7|||||F-JL7|F7|FJ|||F7|FJO||F--J||F-J||||OLJF-J||||||FJL-7F7|||FJ|L-JFJF7L7FJFJLJOOOOOOOOOOOOOOOOOOOO
OOOOOOOOOOOOOOOOOOOOOOOO|||L7LJ||||FJ|O||LJ|||F7FJLJLJL7||LJLJL-7LJL7F7||L7O|||L7F7L7FJ|||||L--7||||LJL7|OF7L7|L-JL7L--7OOOOOOOOOOOOOOOOOOOO
OOOOOOOOOOOOOOOOOOOOOOOOLJL-JF-J|||L7L7|L-7||LJ|L7F----J||F7F7F-JOF-J|||L7L7LJL7||L-JL7LJLJL7F-J||||OF-J|FJL-JL---7|F--JOOOOOOOOOOOOOOOOOOOO
OOOOOOOOOOOOOOOOOOOOOOOOOOOOOL7FJLJFJFJ|F7|||F-JFJL----7|||||LJF-7L-7||L7L7L-7FJ|L7F7FJOF---JL-7|||L7L-7|L-7F7F---JLJF7OOOOOOOOOOOOOOOOOOOOO
OOOOOOOOOOOOOOOOOOOOOOOOOOOOF-J|OF-JFJOLJLJ|||F7L-7F---J|LJ|L7O|FJF-J|L-JOL7FJL7|OLJ|L-7L7F-7F7|LJL7|OFJL7FJ||L------J|OOOOOOOOOOOOOOOOOOOOO
OOOOOOOOOOOOOOOOOOOOOOOOOOOOL7FJFJF7L-7OOOOLJ||L--JL---7L-7L7L-JL7L-7|F----JL-7||F--JF-JFJ|FJ||L-7FJ|FJF7|L7|L7F7F7F-7L7OOOOOOOOOOOOOOOOOOOO
OOOOOOOOOOOOOOOOOOOOOOOOOOOOO||OL7||F-JOOOOOFJL7OF-----JF7|FJF7F7|F-J|L-7F7F7FJ||L--7|F7L-J|FJL7FJL-JL7|LJFJ|FJ||||L7L7L7OOOOOOOOOOOOOOOOOOO
OOOOOOOOOOOOOOOOOOOOOOOOOOOOFJL7FJ||L7OOOOOOL7FJOL-7F7F7||||FJ||||L-7L7O||LJ|L7LJF--JLJL--7LJOOLJOOOOOLJOOL-J|FJ||L7L7L7|OOOOOOOOOOOOOOOOOOO
OOOOOOOOOOOOOOOOOOOOOOOOOOOOL-7|L7||FJOOOOOOFJL7OOOLJ||LJ||||OLJ||OOL7|FJL7FJFJF-JF7F7F7F7L-7OOOOOOOOOOOF----J|FJ|O|FJOLJOOOOOOOOOOOOOOOOOOO
OOOOOOOOOOOOOOOOOOOOOOOOOOOOOOLJOLJLJOOOOOOOL7FJOOOOFJL7O|||L7OOLJOOO||L7FJL7L7L-7||||||||F-JOOOOOOOOOOOL7F7F-J|FJOLJOOOOOOOOOOOOOOOOOOOOOOO
OOOOOOOOOOOOOOOOOOOOOOOOOOOOOOOOOOOOOOOOOOOOOLJOOOOFJF7L7||L7|OOOOOOOLJFJ|OO|FJOO||LJLJLJ||OOOOOOOOOOOOOOLJ||OOLJOOOOOOOOOOOOOOOOOOOOOOOOOOO
OOOOOOOOOOOOOOOOOOOOOOOOOOOOOOOOOOOOOOOOOOOOOOOOOOO|FJL7|LJOLJOOOOOOOOOL7|OOLJOOO||F7OOOO||OOOOOOOOOOOOOOOOLJOOOOOOOOOOOOOOOOOOOOOOOOOOOOOOO
OOOOOOOOOOOOOOOOOOOOOOOOOOOOOOOOOOOOOOOOOOOOOOOOOOO||OOLJOOOOOOOOOOOOOOOLJOOOOOF-JLJL7OOO|L7OOOOOOOOOOOOOOOOOOOOOOOOOOOOOOOOOOOOOOOOOOOOOOOO
OOOOOOOOOOOOOOOOOOOOOOOOOOOOOOOOOOOOOOOOOOOOOOOOOOOLJOOOOOOOOOOOOOOOOOOOOOOOOOOL-7F-7|OOO|FJOOOOOOOOOOOOOOOOOOOOOOOOOOOOOOOOOOOOOOOOOOOOOOOO
OOOOOOOOOOOOOOOOOOOOOOOOOOOOOOOOOOOOOOOOOOOOOOOOOOOOOOOOOOOOOOOOOOOOOOOOOOOOOOOOO||O||OOO||OOOOOOOOOOOOOOOOOOOOOOOOOOOOOOOOOOOOOOOOOOOOOOOOO
OOOOOOOOOOOOOOOOOOOOOOOOOOOOOOOOOOOOOOOOOOOOOOOOOOOOOOOOOOOOOOOOOOOOOOOOOOOOOOOOO||OLJOOOLJOOOOOOOOOOOOOOOOOOOOOOOOOOOOOOOOOOOOOOOOOOOOOOOOO
OOOOOOOOOOOOOOOOOOOOOOOOOOOOOOOOOOOOOOOOOOOOOOOOOOOOOOOOOOOOOOOOOOOOOOOOOOOOOOOOO||OOOOOOOOOOOOOOOOOOOOOOOOOOOOOOOOOOOOOOOOOOOOOOOOOOOOOOOOO
OOOOOOOOOOOOOOOOOOOOOOOOOOOOOOOOOOOOOOOOOOOOOOOOOOOOOOOOOOOOOOOOOOOOOOOOOOOOOOOOOLJOOOOOOOOOOOOOOOOOOOOOOOOOOOOOOOOOOOOOOOOOOOOOOOOOOOOOOOOO
