Furthest position on path: 4
Enclosed tiles: 1

OOOOO
OS-7O
O|*|O
OL-JO
OOOOO
