    x                   y
0123456789          0123456789
....J..... 354      ......JJ.. 354
.......... 353      .......... 353
.......... 352      .......... 352
..???W.... 351      ....C.W.T. 351
.......... 350      .......... 350
...QQ..... 349      .QQ.QQQQQ. 349
.......... 348      .......... 348
...U...I.. 347      .U...IIII. 347
....PPPP.. 346      .....P.... 346
...PL..... 345      L?PPP..... 345
VVVN?NR... 344      .N???U.... 344
.?......R. 343      .????SS... 343
....B??... 342      ....N.B... 342
.L..IR.?Y. 341      .I??????TT 341
.R...B.KKK 340      ..BBBBR?.. 340
...Z????Y. 339      ...Y.GB.Z. 339
..EET..L.. 338      ...T...L?. 338
.U.NTUU... 337      ..UT.N?UUU 337
......R?.. 336      ...R.MMM.. 336
KKK.F...T. 335      .TTTT..F?. 335
...M???.R. 334      V??????... 334
.??II.YYY. 333      ...R..Y.I. 333
....B???Z. 332      ..BZJ..... 332
.?.C.....Y 331      .CC?Y??JJ. 331
.Q...P.I.. 330      .PP??II... 330
.?VJ.....W 329      ..J???W.V. 329
...ZZZ...W 328      ....?WW... 328
.P.....III 327      ....PI.... 327
.?........ 326      ..AAAIIII. 326
.T.LLLL.I. 325      .T???I.... 325
.B........ 324      ..BBBB.... 324
......X... 323      .......XXX 323
.F..Y????P 322      PP..L.F?FO 322
.ZN..????V 321      .V???PN?TG 321
..?MP???.. 320      ..M.P?P..? 320
ZSPMMMS?.. 319      ..MHH????? 319
P???D..?C? 318      JJ?J?...P? 318
..U??X.U.. 317      .....U...? 317
.....B???? 316      ..B.G.EE?B 316
S.?....P.. 315      ..S??CU??? 315
M...Q..SS. 314      S.....MMQQ 314
....III?FF 313      SSSSF...I. 313
?F?....... 312      ...F.U?UU. 312
.......C.. 311      ..CCCC.... 311
......D... 310      ......DDD. 310
????.GGG.W 309      ...?.ADWWW 309
G.....NNN. 308      ....GG?... 308
.........S 307      .....SSS.. 307
S...K??VAA 306      ...?S?S... 306
.......YI. 305      ...I.YYYY. 305
....U..C?E 304      .F.????U.. 304
YYYY....?. 303      .F.I.Y.... 303
..Z.ZZ..F. 302      Z?Z.Z..... 302
P???B..??? 301      ?D.N.B.... 301
...HH..... 300      .....H.... 300
.....?AM.. 299      MMM.A.G... 299
..B???HZ.. 298      B.Z?ZDG... 298
.VVVV??JT. 297      V.T.J.G.S. 297
.....??Y?. 296      ..T..YJJ?. 296
....O????W 295      OWTV....S. 295
.Q....E.T. 294      ..TEEE..QQ 294
...HH???A. 293      .AA...HH.. 293
TTT..WP?PP 292      WWWBBB..?. 292
.....???K. 291      ..K.K..... 291
.?N...N... 290      ..N...N??J 290
XXX....... 289      .X........ 289
.?II..??J. 288      ..?XX.NN?? 288
...?..U... 287      V...UU..I. 287
..T?..X... 286      ??T...XX?. 286
F???????.. 285      FL...DQ.?? 285
..T?...... 284      .L......IT 284
.OO??..... 283      .III..AA?O 283
...N.O.... 282      NN...OOOO. 282
...Z...... 281      ......ZZZ. 281
...I?I.... 280      .CC....HHI 280
KQQ?.PIQQ. 279      ???C..P??? 279
...?GGG... 278      ..G....ZZZ 278
....CCEEV. 277      ......?C?C 277
S...U...V. 276      ......V??U 276
...X???.V. 275      ..Z...V.X. 275
BBBL...... 274      ........?. 274
...L...... 273      ........L. 273
.E.L..???V 272      .VVV..VG?. 272
.?FFW..... 271      ....?W..E. 271
GELT...KK. 270      .LLLL.KT?? 270
W?T??.M.A. 269      .?W...???. 269
M.?.?Q?... 268      .?...Q???? 268
?...RRM... 267      I?....RJJJ 267
.ZN...?YY. 266      .M...???Z. 266
F????H?.Y. 265      .?GGZ???Y? 265
?...J..... 264      MMM..J???W 264
G??S.XX??. 263      JGS..?AZ.. 263
.?LL..M.?. 262      V????A.Z.. 262
K..??...?. 261      ..Q..AK?I. 261
...?????.. 260      .M???VD.K. 260
.AA???G?II 259      .X?..G..?V 259
I..T.BEKM. 258      ....I????B 258
.E..TT?A.. 257      .AA.?E?E.. 257
RRREE.EKK. 256      .E?K?KE... 256
??WVV??DD. 255      .H.RR?.VD. 255
II?XXKK... 254      .IX.....K. 254
FF?B???HJQ 253      .?N?H??.J. 253
.VBBBOO..Q 252      .QO????O.. 252
..NIII...Q 251      .Q..NNN?.. 251
..????BBBQ 250      L?.G.?FFF. 250
?KKN...E.. 249      O?O?N?N... 249
DD?RR..?.X 248      ???XAAA... 248
..G??Q.E.. 247      G?DDD.Q... 247
.?.G??V??? 246      ??G..N?... 246
.X......?. 245      .??XX?XX.. 245
.Y.?G?W??V 244      ?????XW.VV 244
...CCC.... 243      .......C.. 243
.L...?.?ZZ 242      .?????BBO. 242
.JJJJU.??. 241      U??.NNOO?N 241
..ZZ?N.AF. 240      ZF..A?AA.. 240
.H....F??F 239      H?H...I.L. 239
....P?.IP. 238      HHHG.P??P. 238
.YYY.GMI.. 237      YMM?M.I... 237
.....?Y?Z. 236      ...G..YZ.. 236
....C?.... 235      .TT?C?LLL. 235
...?RR?... 234      X.X..R.... 234
.....VX.H. 233      ..XVVV.HH. 233
NN?MM.UUG. 232      .M.GG?G.N. 232
.UCCCLA... 231      C.?LL...U. 231
.U?QQ.D?R. 230      PQ.B?????D 230
.U.NNN?P.A 229      P.N.A...UD 229
Z????.DPBA 228      ???BA.Z.UD 228
OEA...D??? 227      ?AAAA????D 227
Z??H...A.. 226      .?A..Z.... 226
.K..TBB?CC 225      ???K?K...B 225
.....P???. 224      Y...U.?G.T 224
...?EE?IIT 223      .EE?E..P?? 223
.K.?EE?... 222      E..K..JJJI 222
.?.I..PPP. 221      ...K..?JJI 221
.K....??TT 220      YY??.....T 220
H?HU...... 219      ...K...?UU 219
.S....S?S. 218      ..SSSSUUUU 218
.CCC...... 217      ........C. 217
.L.....D?D 216      ..EEEL?L.. 216
.......... 215      .......... 215
..DDD....? 214      ...UUO..D. 214
.E..P...FO 213      ...E??F... 213
B??TOO.... 212      ...OT....B 212
..DD?....J 211      ....?JCCC. 211
HHHQQN.XXX 210      .....X?NN? 210
....I.RRR. 209      ..II?..... 209
...YY..... 208      ....Y..... 208
.WW??KQQGL 207      ....QGKL.W 207
..Z??AAV?L 206      ....AG.LZV 206
...Z..F..? 205      .....F???. 205
...NN?SS.? 204      ..DS..P..N 204
M..II??T?? 203      ..D.?O???? 203
M...G??EE? 202      .X?XM.?.EW 202
P...G.IDD? 201      ..PPPD???? 201
..Y.L?L?HH 200      ..?D?Y?... 200
..NNNN.XJH 199      ..H???XXX. 199
I.....V..X 198      ...?X??V.. 198
?.U..LLLB. 197      ...?.B???U 197
I.P.N.VV.. 196      NNNI.PP?.. 196
?......?EE 195      XX.?S?QQQ. 195
.......O.. 194      .....OOO.. 194
..P.S...Z. 193      ..SPPPZ... 193
F.OCS????. 192      .??????O.. 192
HFF.SM..Z. 191      ?MS...Z... 191
?..XX?EE.. 190      HM??DD.... 190
?LYYYA..W. 189      ?L??A??... 189
D...L..UW. 188      ..D.LL?L.. 188
D...????W. 187      .??..J?... 187
PPPPHH.?II 186      P.H.I.U... 186
.......... 185      .......... 185
V....G???. 184      YY?VVPO... 184
...????Y.. 183      ?????.JJ?. 183
U...?.?DDD 182      C.??.NNNP. 182
U..D?C?... 181      CC??IID.P. 181
EE...OO.F. 180      O....F..E. 180
..X????UU. 179      ..X.KUX.A. 179
E..?NG...Z 178      ???EK.X... 178
.CC?RRR..Z 177 z    Z...K.X.?. 177 z
F?F?F.W..? 176      ZR.??W?QQ. 176
...J?Y...? 175      ZRY...J... 175
.....??UUR 174      .R......UB 174
OO???????? 173      RA.IW?N.?. 173
....NL.... 172      ..NNNL.... 172
..UC.?.A.. 171      ???CC?.X?X 171
..U..G.... 170      .....GGGU. 170
..ULLLL... 169      ....L...U. 169
.Z.F????.. 168      ..GT....ZF 168
.Z..FJS... 167      ..SS??JJZ. 167
.A??O..... 166      ....TTT.?O 166
UUU?VVV... 165      ....V..UQ. 165
..?....... 164      .....HHXXX 164
...LH..... 163      ....H.LLL. 163
...YH.L... 162      ....HY?Y.. 162
.YVVH.L... 161      YYY.HV???V 161
....?R??.. 160      HH?.H.L.Z. 160
CC??K..?II 159      CIS.MM?.G. 159
G...K..... 158      ......K.G. 158
?CCFW.QV.. 157      .V???.???. 157
.R..V??M.. 156      RRR..MV... 156
X.X?XZZ?BB 155      .X..Z.C??? 155
.AA.A...SS 154      ..AA....S. 154
.OS.A.H..Y 153      ...AHH??Y. 153
KOS??.R... 152      WWWA.X??K. 152
.?S.F.R... 151      .HHH..R?.. 151
.MSZ?.?BBB 150      ..U??M??B. 150
????I?.... 149      .Y.?K?.?Y. 149
...??BB... 148      ...?.GGSSS 148
I???JMQJ?R 147      UU.Z?????J 147
..KKKKN... 146      ..NNNN...K 146
..NNNN...V 145      ....VN.... 145
.C.UH?.Z.V 144      .UU??????S 144
...K.MMM.. 143      ..KKKM.... 143
YYQQQQ...V 142      ..VVV.YQ.. 142
...HHH..IC 141      ...HC??C.. 141
?YY.FK.... 140      ??SWWK.... 140
?U?.SK.... 139      US??R??D.. 139
..K..?JJJJ 138      .LL?.KJ... 138
.M?HHKE... 137      MMMK.K?E.. 137
EE????PPM. 136      ..BK???... 136
.ZK..J.Z.. 135      .Z??JJJ... 135
...?...??. 134      ..AA?W?BBB 134
.GGEYYY?II 133      ..E??.BI.. 133
.LXXX.???E 132      .???..B... 132
.S.Q...H.. 131      ..SSS???.. 131
E...Q???F. 130      Z.ZQ?EEE.. 130
YYY?..C?FF 129      .F..YCRR.. 129
....G???.. 128      W?......M. 128
......?GQQ 127      QGLLLL..M. 127
...F.Z?G.. 126      .?.FFFF.M. 126
...Q.???D. 125      DO.C.QQQM. 125
...U??L... 124      .L?...UJ?? 124
....I?II.. 123      ..V.....I. 123
...SCVO... 122      OO?OSSS.CC 122
....UM.E.. 121      .U???M...E 121
.FF???..O. 120      ..G.F....? 120
......W... 119      ...WWW.... 119
.......?F? 118      ..V??DD..F 118
....W????. 117      ..WW?..I.K 117
.....QMMMM 116      ....?..... 116
.....Q.... 115      ....Q..... 115
....WWWWS. 114      ....W..SSS 114
.......... 113      .......... 113
..FF???AAA 112      ....F.R..A 112
..A....... 111      .....AAAA. 111
.......... 110      .......... 110
..XXX.K.S. 109      ...KK??SSS 109
.......... 108      .......... 108
..X.....Y? 107      .NV.YYY?XX 107
...I..HHH? 106      .NVHII.... 106
..FOO....N 105      ON.....F.. 105
..FMMMBBBK 104      KKKK.?.F.. 104
.B?.J..... 103      ..B....?JJ 103
..???..... 102      H.O....F.J 102
.....AWW?? 101      .T????.... 101
.MUTTA.R.. 100      ..T.R?R??? 100
.DA.??H.W. 99       H.AAA???AA 99
..E.K?GGGG 98       .E.U?AKK.. 98
.J?.W??EE. 97       .?NNNJ??N. 97
Q.???KCCC. 96       CE..??.EEE 96
E?.UU?MM.. 95       W...?????E 95
B????FW... 94       ????BB.R?R 94
W??M????.. 93       MS.DD?DK?. 93
....R.M... 92       ...RR..MMM 92
Q...???R.. 91       ..Y..QQ?Q. 91
.FF.?..... 90       KKK.J?JJ.. 90
PPP..BBB.. 89       .....?.... 89
.......... 88       .......... 88
..???A.... 87       .JVV.A.... 87
..?....... 86       .RRRDD.... 86
.XU....... 85       XX??U..... 85
.......... 84       .......... 84
..X....... 83       XXXX...... 83
.YP....... 82       .P?PP..... 82
.Y........ 81       ..Y....... 81
.Y.S...... 80       SS?....... 80
.RRR...... 79       ..R....... 79
Z.E..X.... 78       ..X....E?. 78
Z..FFX.A.. 77       AA?F....Z. 77
Z..???.... 76       WO??A...?. 76
U???G..A.. 75       ..AA?...U. 75
...HHII... 74       I.......H. 74
..V..D.... 73       DD???..... 73
.FF?LL.??V 72       F?M?B....V 72
...JQ..... 71       .Q......J. 71
..C??T.NB. 70       TQN?N..BBB 70
..HB....R. 69       .???R...BB 69
...AAAA.CN 68       ...CCC.N?N 68
.F??EY??D. 67       FEKKK.Y.D. 67
..L????GGL 66       LGQG..T.L. 66
RRR?..T..L 65       .G....?.L. 65
...G.VTDDL 64       V?VV..T.?. 64
D.DG..SCC? 63       .?M?SSD??D 63
N....L?VV. 62       .L.WW???.. 62
JGGGGV?B?? 61       BG.Q??JJ?. 61
CC?.Z?Z??? 60       ZQQQ.??.C. 60
J??????MEK 59       V?.????H?. 59
JMT....WW? 58       O?O..MT.W. 58
D???W?T?TF 57       D?DFF????. 57
FMM.??.SS. 56       W??F????N. 56
D??AA..?DD 55       .DD.WWW??. 55
????P????X 54       .?.XX????. 54
R.B????P.. 53       O??R..PB.T 53
......L?LL 52       ......P..L 52
KH???????T 51       H.??GEE??L 51
.H....???E 50       .W?.G.A..E 50
YYY...?... 49       HHH.G.Y... 49
YQQ?N.???V 48       ..???Q.N?X 48
.SP....?Q. 47       .?S???G..X 47
HEEEO????U 46       .CBU????DS 46
.ZZZL...G. 45       ......L??G 45
YYYGT???CC 44       .CRRR??GG. 44
..M....??? 43       ..KQMMM?.. 43
..OO..U?U. 42       ...U.A?A.. 42
RRR?.???L. 41       .??AR..MN. 41
...F....QQ 40       ....F?F... 40
......?V?P 39       .D???PPPP. 39
..VN.??... 38       .GGN?WVV.. 38
.......LLL 37       ....L..... 37
..W..?KCB. 36       C???WW?... 36
...T.J.?.M 35       MM?J???... 35
...GGGG?AZ 34       .A?AEGZZZ. 34
UUU??OO?OA 33       ...X?.??.O 33
...T...FFF 32       ..FTTTT... 32
...YY..X.. 31       ....X....Y 31
...R???X.F 30       ....X.?FFS 30
.......T.. 29       .TTTT..... 29
H.L.....B. 28       HH..B....L 28
L.L..I?S?S 27       ...G???..? 27
?S?S..ZZZ. 26       S...Z....? 26
L.L....... 25       .........? 25
...QQ.KF.. 24       Q...FFFKKK 24
..R....... 23       .........R 23
K.R..?N?Y. 22       Y....NN..? 22
KJ?JJNOOO. 21       J.....NO.? 21
K....N.RS. 20       SSS...NRRK 20
..F...E... 19       ....EEEF.. 19
DD??W??OO. 18       A.O...K?.D 18
.??AAQQQQ. 17       .......?QA 17
..S??A?A.. 16       ?K?A...... 16
..??.F.... 15       SSO...F??? 15
??.Q..L... 14       ..???QQM.. 14
.MA..RLU.. 13       ..LRR?A?.U 13
.MSZ.HLU.. 12       .Z?Z.SS??U 12
T?DGCCCU.. 11       TT??????GU 11
ZW.?PP.... 10       ..W??Z..G. 10
HHH?.H.T.. 9        ...?...??? 9
.V?JJ.QI.. 8        IIQ??J???? 8
.?Z?....D. 7        ...J?.HH?T 7
...??WW??L 6        R.TT??EWR. 6
???.?.NRO. 5        ?CN?N..??? 5
???.?NN?O. 4        ?C...N.??O 4
?????M???? 3        ??DD?CY??? 3
.??Y?OJJ?. 2        ?C.???.?YO 2
?E..?ZZ?F? 1        K??DDZ.EKF 1
---------- 0        ---------- 0
