   ...
 y .G.   G6<1,1,5 z2 f0>
   ...
  6 x
   ...
 y #G#   G6<1,1,5 z2 f0>
   ...
  5 x
   #.#
 y FFF   F5<0,1,4 x3 f1>
   #.#
  4 x
   D#E   D3<0,0,3 y3 f0> E4<2,0,3 y3 f0>
 y D.E   D3<0,0,3 y3 f0> E4<2,0,3 y3 f0>
   D#E   D3<0,0,3 y3 f0> E4<2,0,3 y3 f0>
  3 x
   BBB   B1<0,0,2 x3 f0>
 y .#.
   CCC   C2<0,2,2 x3 f0>
  2 x
   -A-   A0<1,0,1 y3 f6>
 y -A-   A0<1,0,1 y3 f6>
   -A-   A0<1,0,1 y3 f6>
  1 x
