176    x
   ..........
   ..........
   ..........
   ..........
   ..........
   .......... y
   ....J.....
   ....J.....
   ..........
   ..........
175    x
   ..........
   ...Q......
   ...Q......
   ..........
   ..CCC.....
   .......... y
   ..WWWW....
   ..........
   ..TTT.....
   ..........
174    x
   ..........
   ...U......
   VVV.......
   ..........
   ....Q.....
   ....Q..I.. y
   ....Q..I..
   ....Q..I..
   ....Q..I..
   ..........
173    x
   ....L.....
   .P.PL.....
   .P.P......
   .P.P......
   .P.P......
   .S..PPPP.. y
   .S........
   ..........
   ..........
   ..........
172    x
   ..........
   ...NNN..R.
   ......R.R.
   ....U.R.R.
   .L..U.R.R.
   .L..U..... y
   .L........
   .L........
   ..........
   ..........
171    x
   ..........
   ....I.....
   ....I..E..
   ....I..EY.
   .....NNEY.
   ........Y. y
   .R..BBB...
   .R........
   ...ZZZ....
   ..........
170    x
   ..........
   ..........
   .....B....
   ....TBYYY.
   .....B....
   .....B.... y
   .U...R....
   .U...R.KKK
   .UEE...T..
   .U.....T..
169    x
   ..........
   ........T.
   .....UU.T.
   .RR.T.RRT.
   ........T.
   ...N.GGG.. y
   ...NBBBB..
   ....F..L..
   KKK.F..L..
   ..........
168    x
   ....V.....
   ....V.B...
   ....VIB...
   .Q..VIB.R.
   .....I..RY
   .....I.MRY y
   ...MMMMMRY
   .......M..
   .IIII.....
   ..........
167    x
   ..........
   ...C......
   ...CBBB...
   .Q.C...ZZW
   .....JJJ.W
   .J.......W y
   .J....YYYW
   .J....X...
   .J....X...
   ......X...
166    x
   ..........
   .....P....
   ...J.P....
   .Q.J.P.I..
   .P.J.P.I.W
   ...J...I.W y
   .......I.W
   ..........
   .VV.......
   .....OOOO.
165    x
   ..........
   ..........
   .A........
   .A........
   .A.ZZZ....
   .I.....III y
   .I........
   .I........
   .I........
   .......G..
164    x
   ..........
   .T........
   .T.....MI.
   .T......I.
   ...LLLL.I.
   ........I. y
   .FN.......
   .FN.......
   .F...TTT..
   .......G..
163    x
   .........P
   .........P
   .B.....M..
   .B........
   .BP...LLL.
   .BP....... y
   .SP.......
   .S..YY....
   ZS.MMM....
   ZSMM...G..
162    x
   ..........
   .........V
   .......M.V
   .Z.....PBV
   .Z.....PB.
   ..P.PPPP.. y
   ..P.......
   ..P..WWWW.
   PPPP......
   ..DDDDDU..
161    x
   .........J
   .........J
   .......M.J
   .......H.J
   .FFF...HCC
   ..UUU..H.. y
   M.U...S...
   M.U...S...
   ..U.......
   ..UXXX.U..
160    x
   .......SS.
   ..........
   S.....BBBB
   S.C.......
   S.C....GGG
   U.C....... y
   U.J...E...
   U.....EP..
   U...QBEP..
   ....QB.P..
159    x
   .......S..
   .......S..
   .......S..
   FFF....S..
   .......FFF
   AAAA...... y
   DDDD......
   ..........
   ....IIII..
   ..........
158    x
   ..........
   ........F.
   .......C..
   OOO....C..
   G......C..
   G......C.. y
   G.....D...
   ......D..W
   ......D..W
   .........W
157    x
   ..........
   ........F.
   ..........
   S....GGGI.
   S.........
   S...KKK..S y
   S.....NNNS
   .........S
   ..........
   ..........
156    x
   ..Z.......
   ..Z.....F.
   ..Z.......
   .....VVVI.
   ..........
   YYYYU..YAA y
   ....U..Y..
   ....U..Y..
   .......Y..
   ..........
155    x
   PPPP...BBB
   .......DDD
   ........T.
   .......CIE
   .......C.E
   .BBBB..C.E y
   .....G...E
   ..........
   ..........
   ..........
154    x
   ..BB...M..
   .......M..
   .......MT.
   .......NNN
   ....ZZ....
   ...HH..... y
   .....G....
   ..........
   ......S...
   ..........
153    x
   .VVVV.....
   ..........
   .......ZT.
   ....HHHZ..
   .....AAZ..
   ...DDD.... y
   .....G....
   ..........
   ......S...
   ..........
152    x
   ....OO....
   ......WWWW
   ........T.
   .....VVV..
   .....JJJ..
   .....YYYY. y
   .....JJ...
   .....J....
   .Q...JS...
   .Q........
151    x
   .....W....
   .....W..A.
   .....W..A.
   ......EB..
   ......EB..
   ......EB.. y
   ...HHHHH..
   .....HHH..
   TTT...PPPP
   ..........
150    x
   ..........
   ..........
   .....KKKK.
   ..........
   .....KKK..
   .......... y
   ......N...
   .J....N...
   .J.I..N...
   .J........
149    x
   ..........
   ..........
   ......X...
   ......X...
   ......X...
   .......... y
   .N........
   .N........
   .N.I..JJJ.
   .NT...CC..
148    x
   ..........
   ..........
   ..........
   ..........
   ......U...
   ......U... y
   .QQQQ.X...
   ......X...
   ...I..X...
   ..T.TTTT..
147    x
   ..........
   ...L......
   .NN.......
   ..........
   ..........
   .....DDD.. y
   ....A.....
   ....A.....
   ...IAMM...
   .OOOO.....
146    x
   ...V......
   XXXL......
   .III......
   ..........
   ..........
   .....O.... y
   .....O....
   ....HO....
   ...IHO....
   ...III....
145    x
   ..TV......
   ..TL......
   ..T.......
   ..........
   ..........
   .......... y
   ...Z.P....
   ...Z.P....
   ...ZCP.QQ.
   .QQQC.....
144    x
   FFFF......
   ...I......
   ...I......
   ...I......
   ..........
   .......... y
   .....C....
   ...ZUC....
   ...ZUCEE..
   ...ZU.....
143    x
   ...N......
   ...N......
   ..........
   ..........
   ..........
   .......... y
   ........V.
   K.........
   K..XXXX...
   K.........
142    x
   ...C..I...
   ...CC.I...
   ...CC.I...
   ...C......
   ..........
   .......... y
   ........V.
   S.........
   S..L......
   ..........
141    x
   ..........
   ..........
   ...GGGG...
   ..........
   ..........
   .......... y
   ........V.
   ..........
   BBBL......
   ..........
140    x
   ..........
   ..........
   ....ZZZ...
   ..........
   ..........
   .......... y
   .......VVV
   ..........
   .E.L......
   ..........
139    x
   ..........
   ......V...
   ......V...
   ......V...
   ..........
   .......... y
   .......KK.
   ...T..GGG.
   .E.T......
   ...T......
138    x
   ..........
   ......M...
   ..........
   ..........
   ....W.....
   ....W..... y
   .TTTT...A.
   ...LL...A.
   .E......A.
   ..........
137    x
   ..........
   ......M...
   ..........
   ..........
   ..........
   ....QQQ... y
   ..P.U.....
   ..P.U.YYY.
   .E..U.....
   ....U.....
136    x
   ..........
   ......M...
   ..........
   ..........
   ......Z...
   .ZN...Z... y
   .ZN.RRZAA.
   .Z....Z.Y.
   .Z......Y.
   ........Y.
135    x
   ..........
   ......M...
   ..........
   ..........
   .FFF......
   ..NNNXXXA. y
   .TTTT.DD..
   ........Z.
   ..........
   ..........
134    x
   ..........
   W.L...M...
   W.L..V..L.
   ..L..V..L.
   ..L..V..L.
   ....JV..A. y
   ....J.E...
   ....J...Z.
   G...J..K..
   G.........
133    x
   I.........
   I.O...M...
   ......MIII
   ......M...
   .LLL......
   ...GGGG.A. y
   ......E...
   ........Z.
   M..IIV.K..
   M....V....
132    x
   M.........
   M.HHHH.A..
   M.....HA..
   ......H...
   ...WW.H...
   ...T....M. y
   ...T.BE.M.
   J..T.B..M.
   J..T.B.K..
   J....B....
131    x
   .JJ.......
   GGG.......
   .G.S...K..
   .G.....K..
   ....TTTKK.
   ........K. y
   ....LLL...
   ...VVVV...
   ......DDD.
   FFF.......
130    x
   .V........
   .V.......Q
   .V.QQ.....
   .V...R.H..
   .....R.H..
   .....ROHJ. y
   W.....OH..
   W.....O...
   W....KK...
   W.........
129    x
   ..........
   ...MMM...Q
   .AAAAO....
   .....O....
   .....O....
   .....OBBB. y
   K.........
   K..III....
   .....JJ...
   ..........
128    x
   ..........
   HH..XX.E.Q
   RRR.......
   ..BBB.....
   IE.....A..
   IE...F.A.. y
   IE...F.A..
   .E...F....
   .....F....
   ..........
127    x
   ..........
   IIIEE..E.Q
   ..XXX.....
   ..BBB.....
   ..........
   WWW....... y
   ....QQ.PPP
   ..........
   ..........
   ..........
126    x
   ...LLL...X
   FFF.N..E.X
   ....N....X
   ..GG.....X
   .VN....VVV
   .VN.....X. y
   .VN.JJ..X.
   ..N.....X.
   ..........
   ..........
125    x
   O....VVVVV
   O.DDD..E..
   O.........
   O..N......
   ...N...N..
   KKKN...N.. y
   ...N.WWWW.
   ..........
   ..........
   ..........
124    x
   .C.....L..
   .C.D...LZ.
   DDDD...LZ.
   ...D......
   ...D...A..
   .N.....A.. y
   .N.....A..
   .......A..
   ..........
   ..........
123    x
   ..RRR.....
   .X.....ZZZ
   .X.GGG....
   .X........
   .X...X....
   .X...X.... y
   .......I..
   ...CCC....
   ..........
   ..........
122    x
   ..GGG.....
   .....K..F.
   .....K....
   .Y...K....
   .....K....
   .....B.... y
   .....B.I..
   .....B....
   NNN....V..
   .......V..
121    x
   ...GGG....
   ...Q....F.
   .L.Q......
   .L.Q.G....
   .L........
   .L..NN.... y
   .......I..
   ..........
   .U.....O..
   ..........
120    x
   .....U....
   .....UFFFF
   .JJJJU....
   .....G....
   ..........
   ....P..... y
   ....PYYY..
   ....P.....
   .U.....ON.
   ........N.
119    x
   .HZZZH....
   .H...HM...
   .H...HM...
   ....CGM...
   ....C.M...
   ....CL.... y
   .....L..O.
   .....L..O.
   .U...L.LL.
   ......D...
118    x
   .YYY...P..
   .....T....
   .....TX...
   .....T....
   ..........
   ...RRRR... y
   ZZZ.......
   ........P.
   .U......P.
   ......D...
117    x
   ...X...P..
   ..........
   ......X...
   ..B..V....
   ..B..V...A
   OEB..V.... y
   OE........
   OE.....ZZ.
   OE........
   ......D...
116    x
   ..CCC..PB.
   ..MMM...B.
   .....LA.B.
   .....L..G.
   .....L..GA
   ZZZ.....G. y
   ........G.
   ........H.
   ........H.
   ......D...
115    x
   ..XXX..YY.
   ..QQQ..A..
   ...NNNNA..
   .KBBB.....
   .K......RA
   .K....UUR. y
   ........R.
   ........R.
   ..........
   .....BB...
114    x
   ..A....Y..
   ..A.F..Y..
   ..A.F..Y..
   .KA.......
   .......CCC
   .......N.. y
   .......N..
   .......N..
   .......N..
   ...I..TTT.
113    x
   ....T.YY..
   .HHHT.....
   ....T.....
   .K........
   ......UUU.
   .......... y
   .....PPHHH
   ......P...
   ......P...
   ...I..P...
112    x
   ...EEEE...
   ...EEEE...
   ......E...
   .K....EII.
   ......E...
   .......... y
   ......JG..
   ......JG..
   ......J..T
   ...I.....T
111    x
   ......Y...
   ......Y...
   ......YK..
   .K.....K..
   ..........
   .......... y
   .J....PPP.
   .J.U......
   .J.U......
   ...U..TTTT
110    x
   ..........
   ..........
   ......SSS.
   .S........
   .S........
   .S.......O y
   .......U..
   HHH....U..
   .CCC...U..
   .......U..
109    x
   ..........
   ..........
   ........E.
   ........EU
   ........EU
   .L.......O y
   .L.....DDD
   .L........
   ..DDD.....
   ..........
108    x
   ..........
   ..........
   ..........
   .E........
   .E......FJ
   .E......FJ y
   ....C...F.
   ....C.....
   ....C.....
   ..........
107    x
   ..........
   ..........
   ..........
   ..........
   .TTTP.....
   ....P..XXX y
   ...QQN....
   .....N....
   .....N....
   BBB..N....
106    x
   ..........
   ..........
   ..........
   ....OO....
   M.DDD.....
   ........G. y
   ...KKK....
   ..........
   ..ZZZ.....
   HHH.......
105    x
   ..........
   ..........
   ....I.....
   ....I.....
   M...I.RRR.
   ......F.G. y
   ...Z..F...
   ...Z..F...
   ...Z..F...
   .WWWW.....
104    x
   ..........
   ..........
   P........D
   P.........
   P..YY.QQ..
   ........O. y
   ...IIII.OP
   ........OL
   ..........
   ...NNN....
103    x
   ..........
   ..........
   .........D
   I....SSS..
   ...AAAA...
   .......DDD y
   ....G....P
   .....C...L
   .....C....
   .....C....
102    x
   ....N.....
   ....NX....
   ....NX...D
   I....X..J.
   ..Y..II.J.
   ..Y.....J. y
   ..Y.G....P
   .........L
   .....EEEE.
   .....WWVV.
101    x
   ..........
   ..........
   ....SD.HHH
   I....D....
   .....D....
   ..NNNN..B. y
   O...LLLLBP
   O.U...I.BP
   O.U...I..P
   ..U...ITTT
100    x
   ..........
   .....M....
   ....S....H
   I....LLL.H
   .........H
   Q.P...V... y
   Q.P...VXZQ
   Q.P...VX.Q
   Q......X.Q
   .........Q
 99    x
   .......X..
   .....M.X..
   ...CS.....
   F.PC...S.X
   F.P....S.X
   F.P....S.X y
   F.......ZX
   ......VV..
   ..........
   ..........
 98    x
   ..........
   .....M.O..
   D..XX.VO..
   D.....VO..
   D.O...V...
   D.O....OEE y
   ..O....OZ.
   ..O....O..
   ..........
   ..........
 97    x
   ..........
   ....OC....
   D...OC....
   .....EEE..
   ..........
   ..YYYEEEE. y
   .......UW.
   ..........
   ..........
   ..........
 96    x
   H.........
   ......X...
   D...HH....
   .....A....
   ....LA....
   ....LA.... y
   ....LA.UW.
   ....L.....
   ..........
   ..........
 95    x
   HFF...Y...
   ......Y...
   D....GGGG.
   ..........
   .......III
   ....JJJJ.. y
   ...J...UW.
   ...J......
   ...JP.....
   ..........
 94    x
   HL....C...
   .L....X...
   VL....XY..
   VL....XY..
   V.....XY..
   ......PPP. y
   ...DD.OOO.
   ..........
   ....P.....
   ..........
 93    x
   PPPP..C..Z
   ..........
   U.........
   ......DDDD
   ...K......
   ......N... y
   ...X..N...
   ......N...
   ....P.....
   ..........
 92    x
   ...XXXC..Z
   ...KKK...R
   U...D.....
   ....D.I...
   ...K..I...
   ......I.F. y
   ...X......
   ..........
   ....AAA...
   ..........
 91    x
   .....OO..Z
   E....C...R
   E.XXXC....
   E....C....
   ...K......
   .....UUUU. y
   ...X......
   ..........
   EE..RRR...
   ..........
 90    x
   ....NG...Z
   ....NG...R
   ....NG....
   FFF.......
   ...FF.....
   .....L.... y
   ...X......
   ..........
   .CCC.UUUU.
   ..........
 89    x
   .......RRR
   .......AAA
   ....YY....
   ..III.W...
   ...W..W...
   ...W.LW... y
   ...JJ.W...
   .Q........
   .Q..DDD...
   .....BB...
 88    x
   .....S.A..
   .....S.A..
   ....NS.A..
   ...CN.....
   ...CN.....
   ...C.L.... y
   ....NNNN..
   .....X....
   OOOO.X....
   .....X....
 87    x
   ..........
   ..........
   .....GGG..
   ....TTTT..
   ...LLLL...
   .....G.... y
   .....G....
   .....G....
   ..U.......
   ..........
 86    x
   ..........
   ..........
   ......S...
   ......S...
   ....FJS...
   ....FJ.... y
   .....J....
   .....J....
   .ZUQ......
   ..........
 85    x
   ..........
   ..........
   ..........
   ..........
   ....VVV...
   .......... y
   ..........
   UUUU......
   .ZUQ......
   ...FF.....
 84    x
   ..........
   ..........
   ..........
   ..........
   ..T.H.....
   ..T....... y
   ..TL..L...
   ...L......
   .AAL......
   ..OOO.....
 83    x
   .......H..
   .......H..
   .......S..
   ..........
   ....H.....
   ..HY...... y
   ..HY..L...
   ..XY......
   ..X.......
   ..X.......
 82    x
   ..........
   .......III
   .......S..
   ..........
   ....H.....
   ..V....... y
   ..V.K.L...
   ..VV......
   ..VV..ZZ..
   ...V......
 81    x
   ..........
   .......V..
   ....RRRV..
   .......V..
   ...MH..V..
   ...M...... y
   ...MK.Q...
   ..S...Q...
   G.GG..Q...
   ..........
 80    x
   ..........
   ..........
   ....W.....
   ....W.....
   ....WZZZ..
   .....MMM.. y
   ...FVVV...
   .OSF......
   G..F......
   ..........
 79    x
   .Y........
   .Y........
   .Y........
   ....A.....
   ......H...
   ......H... y
   ...C..H...
   XOSC......
   X..C...BBB
   X..C......
 78    x
   CCC.......
   ..........
   CCC.......
   ....A.....
   ..........
   ...X...... y
   K..X..R...
   KOSXF.....
   K.......SS
   ..........
 77    x
   .R........
   .R........
   .R........
   ....A.....
   ........RR
   ...III.... y
   ......R..Y
   QQQ.FY...Y
   .....Y...Y
   ..........
 76    x
   ..........
   ..XXX.....
   .AA.U.....
   ...ZU.....
   ..P.U....V
   ..PG.M.... y
   ..PG.MR...
   ..P.FM....
   .....MBBBB
   ..........
 75    x
   ...W......
   .H.W......
   .H.W......
   .H.ZBBB...
   .........V
   ..NNNNQJJ. y
   ......Q...
   ....S.Q...
   ....S.Q...
   ....S.....
 74    x
   ..........
   .YYY......
   ......N..V
   ...Z..N..V
   .....RNZ.V
   .....RNZ.. y
   .......Z..
   .......Z..
   ..........
   .JJJJ.....
 73    x
   ...U......
   ...U......
   ..........
   K..Z......
   KM.......C
   KM...MMMIC y
   .M......IC
   .........C
   ..........
   ..KKKK....
 72    x
   ..........
   ...U......
   ...U......
   ...U......
   ..........
   II...K.... y
   .....JJJJJ
   ....HS....
   ....HS....
   .....S....
 71    x
   S.........
   S.........
   S..K......
   .C.K......
   .C.K......
   .C...K.... y
   .C....E...
   ..QQQQE...
   ..........
   ..........
 70    x
   UUU.F.....
   .YY.F.....
   ..........
   W.KHHH....
   W.........
   .....K.... y
   YYD..PPP..
   ..D.......
   ..........
   ..........
 69    x
   .M........
   .M..S.....
   RM..S.....
   R.K.S.....
   R.......M.
   R..BBK..M. y
   R.HHH..BM.
   ..........
   ..........
   ..........
 68    x
   ..........
   .Z...L..Z.
   .ZBBBL.Z..
   .ZK..L.Z..
   EEEW...EE.
   ...W.K.... y
   ...W...B..
   ..........
   ..........
   ..........
 67    x
   ..........
   .L.....FFF
   .L.E..UUA.
   .LKE.J.OA.
   .GGE.J.O..
   .....J.... y
   .....J.B..
   ...B...III
   ...B......
   ...B......
 66    x
   ..........
   .......G..
   .S...ZZZ..
   .SXXX.EEEE
   ES..YYY...
   ES.Q...H.. y
   E..Q...H..
   E..Q...H..
   ..........
   ..........
 65    x
   ..........
   ....GGGG..
   .....V....
   ....QQQ...
   YYYY..FFF.
   ......CC.. y
   ...R......
   ...R......
   ......M...
   ..........
 64    x
   ......ZZ..
   .....ZZG..
   .....VL...
   ...F..L...
   ...F..L...
   ...F..L... y
   ...F......
   ..........
   ......M...
   ..........
 63    x
   .....WWWQQ
   .....OOO..
   .....V....
   .....CCC..
   ..........
   ...Q...... y
   ...Q......
   ...Q......
   ......M...
   ..........
 62    x
   ......DDD.
   ......L...
   .....ML...
   .....M....
   .....M....
   .....M.... y
   ...UUU....
   .....J....
   ....XJM...
   ....XJ....
 61    x
   ......O...
   ....U.O...
   ....U.O...
   ....U.O...
   ...SUQ....
   ...S...... y
   ...S......
   ..........
   ....IIII..
   ..........
 60    x
   ..........
   ..........
   ....GG...V
   ......WD.V
   .FFFFQWD.V
   ......WD.. y
   .......D..
   ..........
   ....C.....
   ....C..EO.
 59    x
   ..........
   ..........
   ....W.....
   ....W.....
   ....WQMMMM
   .......... y
   ..........
   ..........
   ..........
   ...OOO.FFF
 58    x
   ..........
   ..........
   ..........
   ..........
   ....WWWW..
   ..A....... y
   ..A.......
   ..A...III.
   ..A.......
   .....KKKK.
 57    x
   ..........
   ..........
   ..........
   ..........
   ..FFFFF...
   ..XXX..... y
   ..........
   ........S.
   ........S.
   ........S.
 56    x
   ..........
   ..........
   ..........
   ..........
   ...I......
   ...I...... y
   ..........
   ..X.......
   ..X.......
   ..X...AAAA
 55    x
   ..........
   ..........
   ..........
   ..........
   ..........
   ...MMM.... y
   ....RRR.S.
   ..F.....S.
   ........S.
   ........S.
 54    x
   ..........
   .........N
   ..........
   ......K...
   ......K.Y.
   .....AK.Y. y
   ......K.Y.
   ..F.....Y.
   ..........
   ..........
 53    x
   ..........
   .........N
   .........V
   ..........
   ..........
   .....ABBB. y
   ..........
   ..F.J.....
   ....J.....
   ....J.....
 52    x
   ..........
   .........N
   .BB......V
   ......HHHH
   ..........
   .....AWWWW y
   ..........
   ..F.......
   ..........
   ..JJJ.....
 51    x
   ...OO....K
   .........K
   ..OO.....K
   .........K
   .......R..
   .....A.RW. y
   ....K..RW.
   .MU.K...W.
   .MU.......
   .MU.......
 50    x
   ..HHH.....
   ..E.....T.
   ...TT...TJ
   ........TJ
   ........TJ
   ..KKKK.... y
   .DA..EEEE.
   .DA.WWW...
   ..A.......
   ..A.......
 49    x
   ....HHH...
   ..E.......
   ....A.....
   ....A.....
   ....A.GGGG
   .J...P.... y
   .JN..P....
   ..NE.P....
   ..NE.MMM..
   ...E......
 48    x
   .W....CCC.
   ..E...N...
   ......N...
   .....UN...
   QBUUUUN...
   QB........ y
   .B........
   ER..KKKK..
   ERDDOOO...
   ER........
 47    x
   .W....W...
   ..MMM.W...
   ....FFW...
   BD....W...
   BD.UUU....
   BD........ y
   .D........
   ......M...
   WWW...M...
   ......M...
 46    x
   .MMMM.....
   ....SS....
   ....YYY...
   ....R.....
   ....R.....
   QFF.BBBB.. y
   Q.........
   Q...RRRR..
   Q.........
   ..........
 45    x
   ....K.....
   ....K.....
   ....K.....
   ..........
   ....J.....
   PPP.JBBB.. y
   ....J.....
   ....J.....
   ..........
   ..........
 44    x
   ..........
   ..JJJ.....
   ..V.......
   ..V.......
   ..........
   ..AAAA.... y
   ..........
   ..........
   ..........
   ..........
 43    x
   .X........
   .XR.......
   .XR.......
   .XR.......
   ..D.......
   ..D....... y
   ..........
   ..........
   ..........
   ..........
 42    x
   ..........
   ..........
   .YU.......
   ..U.......
   ..U.......
   .......... y
   ..........
   ..........
   ..........
   ..........
 41    x
   ..X.......
   ..X.......
   .YX.......
   ..X.......
   ..........
   .......... y
   ..........
   ..........
   ..........
   ..........
 40    x
   ...S......
   ..PS......
   .YPS.X....
   ..P.......
   ..P.......
   .......... y
   ..........
   ..........
   ..........
   ..........
 39    x
   ...WWW....
   ..........
   .RRR.X....
   ...FF.....
   ..........
   .......... y
   ..........
   ..........
   Z.........
   ..........
 38    x
   .....II...
   .....O....
   ...A.O....
   ...A.O....
   ...A......
   .......... y
   ..........
   ..........
   Z.........
   ..........
 37    x
   .....D....
   .....D....
   .....D....
   .....D....
   .GGGGD....
   .......... y
   ..........
   ..E.......
   Z.E.......
   ..........
 36    x
   .......A..
   ...LLL.A..
   ..V....A..
   ..V.......
   ..V.......
   .......... y
   ..........
   ..........
   UUUUOO....
   ..........
 35    x
   ..........
   ....Q.....
   .......A..
   ..CC...A..
   .......A..
   .......... y
   ..........
   ..........
   ...HH.....
   .......VVV
 34    x
   ..........
   ..H.Q..SS.
   ..H.....M.
   ..H....BM.
   .......B..
   .......... y
   ..........
   .........N
   ...J.....N
   .........N
 33    x
   .FFF......
   ..EEE...R.
   .......NR.
   .......NR.
   .......NR.
   .......... y
   RRRR.YYY..
   D.........
   D..B.....L
   D..B......
 32    x
   ...TTT....
   ...G......
   .......K..
   .......KC.
   .......KC.
   N.......C. y
   N.....T...
   N.......B.
   ...AAAA.BL
   ........B.
 31    x
   .FFF......
   ...G......
   ..........
   ......GGG.
   ..........
   J......... y
   J.D...T...
   J.D.......
   J.D...DDDL
   ..........
 30    x
   ..LLLL....
   ...G......
   ...QQQ....
   ......S...
   ......S...
   CCC...S... y
   ..T...T...
   ..........
   .......DDL
   ..........
 29    x
   .....V....
   J..G.V....
   .....V...M
   .....VW..M
   ......W...
   .M....W... y
   ..T...W...
   ..........
   .QQQQQ..SS
   ..........
 28    x
   ......BBB.
   JGGGGLLCCC
   ..........
   .........Q
   .....VV..Q
   .M.......Q y
   ..T.......
   .....KVVV.
   .....K.CCC
   ..........
 27    x
   D...ZZZZZ.
   D...GGG..Q
   D........Q
   .......M.Q
   ..TTTT.ME.
   .M...IHME. y
   ..T..IHME.
   .RRR..H...
   ....NNHWWW
   ...TTTLLLL
 26    x
   ..VVVV...O
   ..WWWW.SSO
   F........O
   F.........
   F.M.......
   .MM..TTTT. y
   .KM....P..
   ..M....I..
   .AAAA..I..
   .....LLL..
 25    x
   .....W....
   .....W.DDD
   DDD..W....
   .........K
   .W.......K
   .W.RRH...K y
   .WZRRH.PU.
   .WZRRH.UU.
   ...R...UU.
   ......EEEE
 24    x
   ..........
   R..PPPTTT.
   R.........
   R........F
   ......G..F
   RRR......F y
   .......PE.
   ..BBBJJJE.
   UUU.....E.
   .......X..
 23    x
   ......O...
   .....QQ...
   KH..EEE...
   K........X
   ......G..X
   ..EEE..... y
   .......AA.
   ....HHH...
   ..PPPP....
   .......X..
 22    x
   ......HHH.
   ......W...
   YH....W...
   Y.....TTTT
   Y.....G.E.
   .QQ....GE. y
   YYY....GE.
   ....N...E.
   ....N.....
   .......SS.
 21    x
   ......H...
   .S....H...
   .S....HVVV
   .SPL..ZZZ.
   HSPL..G...
   H.P....... y
   H...L..D..
   ....L..DG.
   ...TL..DG.
   ........G.
 20    x
   ..........
   ..........
   ......BB..
   .......UUU
   .EEEOOO...
   YYY....... y
   ....TTTT..
   .......JJ.
   .ZZZ......
   ..........
 19    x
   ..........
   .....CCQQ.
   ......R.KK
   ......RQQQ
   ..M...R...
   ..M...RAQQ y
   ..MG...A..
   ..MG...A..
   ...G......
   ..........
 18    x
   ..........
   .....CCCCC
   .........P
   .........P
   RRRR..VVVP
   .........P y
   ..OO......
   .....MMM..
   .....NNN..
   ..L.......
 17    x
   ..........
   ...A.G....
   ...A.G....
   ...A......
   ...F...LLL
   ...F...... y
   ...F..P...
   ......P...
   ......P...
   L.L.......
 16    x
   .....C....
   .....C..L.
   .....C..L.
   ...N.CUUU.
   ...N.WWE..
   .....WW... y
   ..V..KK...
   ..V.......
   ..........
   L.L.......
 15    x
   ..........
   ........D.
   .......CD.
   ..W..J..D.
   ..WT.J.E..
   ..WT.J.... y
   ..WT.J....
   ..........
   ..........
   L.L.......
 14    x
   H.........
   H.......B.
   .......CB.
   ...XX...B.
   UUUU...E..
   ...GGGG... y
   ..........
   ..........
   ..........
   K.R.......
 13    x
   SSSS.....M
   ........AM
   .......CAM
   ...T....A.
   ...T...X..
   ...T...... y
   ...TY....Z
   ....Y....Z
   .........Z
   K.R.......
 12    x
   ...QQ.....
   ..........
   .......FFF
   ..........
   .......XB.
   .......... y
   ...RRRR..A
   ..F......A
   ..........
   K.RYYOOOO.
 11    x
   .JJJJ..YY.
   .......T..
   .......T..
   .......TG.
   ......STG.
   ......S.G. y
   ......S..F
   ..F......F
   .........F
   DDD.SSS...
 10    x
   ...A....S.
   ........S.
   ........S.
   ..........
   ......ZZZ.
   .......... y
   .......SSS
   .GF.......
   ..........
   .AAAAII...
  9    x
   ..SSS.....
   ..........
   ...CCOOOO.
   ..........
   .......F..
   .......F.. y
   .....N.F..
   .MX...K...
   ..X...K...
   ..X...K...
  8    x
   ...S..K...
   ...S..K...
   ..OO..K...
   ...QAAAA..
   ...Q......
   ..AQ.NNN.. y
   ..AQ.N....
   .MA...OOO.
   ..........
   ..........
  7    x
   ..........
   ...Z......
   N..Z..L...
   N..Z.R....
   MM...RE...
   ..S..RE... y
   ..S..NE...
   .MS....R..
   ..S....R..
   ..........
  6    x
   .T.....I..
   .T.....I..
   .T....L...
   TT.PPP....
   TT........
   TT........ y
   .TD..KK...
   .MDWWW....
   ...G.QQQQ.
   .......U..
  5    x
   .......R..
   ....C.....
   .W....L...
   ZW.J......
   ZW........
   Z......... y
   ..P..F....
   YVP..F....
   YVPG.F....
   YVP..F.UO.
  4    x
   XX.....R..
   ....C.....
   ....CCC...
   HHHJ......
   ..........
   .......... y
   ..........
   LLP..H....
   ...GRH....
   .......UO.
  3    x
   QQQ....R..
   ....C.....
   ......Q...
   ..MJ..Q...
   .ZZZJ.Q.D.
   ....JNNN.. y
   ...HJ.....
   .EPH.H.T..
   .T.HRH.T..
   .T...H.TO.
  2    x
   IIII...R..
   AAA.C.....
   ...T..N...
   WWWT.ON...
   ...T.ON.D.
   ...T.O..LL y
   ...EE.....
   .EP..WWW..
   SSY.R....O
   ........OO
  1    x
   .YYYY.JJJK
   D..DC....K
   D..D.....K
   DI.D......
   DI.D..MMMC
   .I..ZZZZ.C y
   ....Y.....
   .EP.YMMM..
   K.Y.Y.....
   .XXXX..FFF
