 x
012
.G. 6
.G. 5
FFF 4
D.E 3 z
??? 2
.A. 1
--- 0
 y
012
.G. 6
.G. 5
.F. 4
??? 3 z
B.C 2
AAA 1
--- 0
