    x                  y
0123456789         0123456789
....J..... 176     ......JJ.. 176     J867<4,6,176 y2 f0>
..???W.... 175     .QQ.C.W.T. 175     Q874<3,1,175 y2 f0>, W386<2,6,175 x4 f1>, C600<2,4,175 x3 f0>, T643<2,8,175 x3 f0>
VVVUQ..I.. 174     .UV.Q????. 174     V957<0,2,174 x3 f0>, I554<7,5,174 y4 f0>, U722<3,1,174 z1 f1>, Q900<4,4,174 y5 f4>
.?.P?PPP.. 173     L?????S... 173     P457<1,1,173 y4 f1>, S772<1,5,173 y2 f0>, P353<3,1,173 y4 f2>, L1207<4,0,173 y2 f0>, P977<4,5,173 x4 f6>
.L.N?NR.R. 172     .?????LL.. 172     L401<1,4,172 y4 f3>, R667<8,1,172 y4 f0>, R121<6,2,172 y3 f0>, U592<4,3,172 y3 f7>, N689<3,1,172 x3 f4>
.R.Z???EY. 171     .I???Y?RZ. 171     Z883<3,8,171 x3 f0>, R771<1,6,171 y2 f4>, I294<4,1,171 y3 f13>, Y544<8,3,171 y3 f1>, E810<7,2,171 y3 f0>, B885<4,6,171 x3 f0>, N1209<5,4,171 x2 f1>
.UEET?Y??K 170     ..B?BB???? 170     U826<1,6,170 y4 f5>, E862<2,8,170 x2 f1>, Y336<6,3,170 x3 f3>, B183<5,2,170 y4 f2>, K1076<7,7,170 x3 f0>, R199<5,6,170 y2 f1>, T565<7,8,170 y2 f0>
K??N????T. 169     .T??T????. 169     R277<1,3,169 x2 f0>, F447<4,7,169 y2 f0>, K478<0,8,169 x3 f8>, T1163<8,1,169 y4 f0>, R823<6,3,169 x2 f0>, N65<3,5,169 y2 f0>, U436<5,2,169 x2 f0>, T1137<4,3,169 z2 f14>, L219<7,7,169 y2 f2>, B1197<4,6,169 x4 f2>, G1202<5,5,169 x3 f0>
.?I????MRY 168     V??????MI. 168     Y258<9,4,168 y3 f0>, I1204<1,8,168 x4 f10>, V73<4,0,168 y4 f15>, B209<6,1,168 y3 f1>, I216<5,2,168 y4 f0>, M1052<3,6,168 x4 f1>, R1187<8,3,168 y4 f1>, M1208<7,5,168 y3 f3>
.?.CB????W 167     .C???????X 167     X283<6,7,167 y3 f0>, W360<9,3,167 y4 f1>, J61<1,5,167 y4 f11>, C1120<3,1,167 y3 f0>, B417<4,2,167 x3 f18>, J841<5,4,167 x3 f0>, Z1169<7,3,167 x2 f0>, Y310<6,6,167 x3 f9>
.?VJ.?O?OW 166     .P?????.VO 166     O66<5,9,166 x4 f1>, P67<1,4,166 z1 f0>, W984<9,4,166 y3 f2>, J503<3,2,166 y4 f1>, V671<1,8,166 x2 f12>, Q848<1,3,166 z3 f1>, P691<5,1,166 y4 f19>, I710<7,3,166 y4 f13>
.?.ZZZ.?II 165     ..AA??IIIG 165     I658<1,5,165 y4 f13>, A1196<1,2,165 y3 f3>, I1126<7,5,165 x3 f17>, Z649<3,4,165 x3 f22>
.?NLL???I. 164     .T???I???G 164     T97<5,8,164 x3 f0>, N585<2,6,164 y2 f0>, F1201<1,6,164 y3 f14>, T279<1,1,164 y3 f4>, L349<3,4,164 x4 f23>, I892<8,2,164 y4 f18>
Z?????L?LP 163     PP?B?????? 163     M12<3,8,163 x3 f1>, S590<1,6,163 y4 f15>, G604<7,9,163 z3 f2>, Z675<0,8,163 y2 f0>, P301<2,4,163 y3 f1>, M558<2,9,163 x2 f0>, P535<9,0,163 y2 f0>, L1025<6,4,163 x3 f54>, Y1038<4,7,163 x2 f0>, B313<1,2,163 y4 f5>
P????????V 162     .V????P?P? 162     D237<2,9,162 x3 f1>, P1107<0,8,162 x4 f19>, P431<2,5,162 y3 f2>, P379<4,5,162 x3 f0>, D757<5,9,162 x2 f0>, V21<9,1,162 y3 f1>, W516<5,7,162 x4 f1>, B911<8,3,162 y2 f0>, Z935<1,3,162 y2 f6>, P1081<7,3,162 y3 f0>
MF???XS?C? 161     JJ??????U? 161     M1104<0,6,161 y2 f0>, U228<2,6,161 y4 f20>, X465<3,9,161 x3 f1>, U800<2,5,161 x3 f1>, U930<7,9,161 z2 f3>, M64<7,2,161 z4 f0>, F265<1,4,161 x3 f7>, J529<9,0,161 y4 f2>, C1146<8,4,161 x2 f1>, S148<6,6,161 y2 f2>, H891<7,3,161 y3 f1>
?.?.QB???? 160     S.???????? 160     U20<0,5,160 y4 f1>, J633<2,6,160 z1 f21>, Q432<4,8,160 y2 f0>, S512<7,0,160 x2 f0>, S304<0,2,160 y3 f0>, P795<7,7,160 y3 f4>, C808<2,3,160 y3 f10>, B105<6,2,160 x4 f4>, G188<7,4,160 x3 f59>, E238<6,6,160 y3 f3>, B365<5,8,160 y2 f0>
????III?FF 159     SSS?FAD.I. 159     A884<0,5,159 x4 f0>, D939<0,6,159 x4 f22>, F655<0,3,159 x3 f1>, S200<7,0,159 y4 f6>, F863<7,4,159 x3 f60>, I944<4,8,159 x4 f13>
?OO...DCFW 158     .FC??????W 158     G396<0,4,158 y3 f26>, W178<9,7,158 y3 f0>, O326<0,3,158 x3 f2>, D185<6,6,158 y3 f14>, C548<7,2,158 y4 f68>
S...K????S 157     .F.?S??S.. 157     S1032<0,3,157 y4 f44>, K1102<4,5,157 x3 f0>, S954<9,5,157 y3 f1>, N351<6,6,157 x3 f15>, G708<5,3,157 x3 f69>
YY?YUVV??A 156     Z?Z?.???Y. 156     Z363<2,0,156 y3 f0>, F1175<8,1,156 z3 f0>, Y518<0,5,156 x4 f45>, U696<4,5,156 y3 f1>, Y388<7,5,156 y4 f16>, V47<5,3,156 x3 f70>, A234<8,5,156 x2 f2>
P???BG.??? 155     ?DT????... 155     D107<7,1,155 x3 f1>, P249<0,0,155 x4 f1>, B261<1,5,155 x4 f48>, B807<7,0,155 x3 f0>, I60<8,3,155 z3 f0>, E888<9,3,155 y4 f3>, C1016<7,3,155 y3 f88>
..B???S??N 154     ?M?NZHG.S. 154     B339<2,0,154 x2 f2>, M766<7,0,154 y3 f3>, H215<3,5,154 x2 f49>, N793<7,3,154 x3 f94>, Z1091<4,4,154 x2 f0>
.VV????ZT. 153     V.???DG.S. 153     G292<5,6,153 z3 f0>, V411<1,0,153 x4 f3>, D29<3,5,153 x3 f50>, Z441<7,2,153 y3 f99>, H813<4,3,153 x3 f0>, A520<5,4,153 x2 f1>
.Q..O????W 152     OWTVJYJJ?Q 152     Q16<1,8,152 y2 f0>, T253<8,2,152 z4 f0>, W282<6,1,152 x4 f0>, S486<6,8,152 z3 f0>, V515<5,3,152 x3 f1>, O872<4,0,152 x2 f4>, Y206<5,5,152 x4 f51>, J607<5,6,152 x2 f1>, J815<5,7,152 y2 f0>, J243<5,4,152 x3 f2>
TTTHH????P 151     W?????HH?. 151     T409<0,8,151 x3 f1>, B651<7,3,151 y3 f0>, W1010<5,0,151 y3 f5>, P1055<6,8,151 x4 f1>, H787<5,7,151 x3 f1>, A806<8,1,151 y2 f2>, H1203<3,6,151 x5 f2>, E940<6,3,151 y3 f0>
.J.I.???K. 150     ..K.K.N??J 150     J659<1,7,150 y3 f2>, N715<6,6,150 y3 f7>, K348<5,2,150 x4 f9>, K998<5,4,150 x3 f161>
.NTI..??J. 149     ..XXX.NN?? 149     N481<1,6,149 y4 f3>, X491<6,2,149 y3 f172>, J1023<6,8,149 x3 f8>, C1198<6,9,149 x2 f0>
.Q???T?T.. 148     ....UU?X?? 148     T331<2,9,148 z2 f0>, Q146<1,6,148 x4 f4>, T669<4,9,148 x4 f1>, X1011<6,6,148 y3 f9>, U1060<6,4,148 y2 f173>
.??????D.. 147     .LN..DAA?O 147     O690<1,9,147 x4 f3>, A1040<4,6,147 y3 f5>, D3<5,5,147 x3 f174>, M402<5,8,147 x2 f10>, N637<1,2,147 x2 f0>
X?????.... 146     V?I..OO??I 146     H189<4,7,146 y2 f6>, I1152<3,9,146 x3 f4>, O560<5,5,146 y4 f186>, I580<3,8,146 z5 f0>, I320<1,2,146 x3 f1>, X517<0,1,146 x3 f0>
.Q??CP.QQ. 145     ??T...???? 145     C1094<4,8,145 y2 f7>, P145<5,6,145 y3 f187>, Q796<7,8,145 x2 f0>, Q1056<1,9,145 x3 f0>, Z727<3,6,145 y3 f1>, L1155<3,1,145 z3 f0>, T721<2,0,145 y3 f3>, V879<3,0,145 z2 f0>
FFF?UCEE.. 144     FIII..C??? 144     U98<4,7,144 y3 f8>, E108<6,8,144 x2 f1>, C1042<5,6,144 y3 f188>, Z1065<3,7,144 y3 f3>, I398<3,1,144 y3 f1>, F317<0,0,144 x4 f5>
K..?XXX.V. 143     NN....VK?K 143     X23<3,8,143 x4 f209>, K296<0,7,143 y3 f0>, N1183<3,0,143 y2 f8>
S..?C.I.V. 142     ???C..VS?. 142     S1110<0,7,142 y2 f1>, I814<6,0,142 y3 f0>, C860<3,0,142 y4 f9>, C938<4,1,142 y2 f0>
BBB?GGG.V. 141     ..G...V.?. 141     B443<0,8,141 x3 f2>, V983<8,6,141 z3 f0>, G136<3,2,141 x4 f12>
.E.LZZZVVV 140     ..Z...V.?. 140     V931<7,6,140 x3 f1>, L1181<3,8,140 z3 f210>, Z857<4,2,140 x3 f13>
.E.T..???. 139     .VVV..K??T 139     K192<7,6,139 x2 f2>, T799<3,7,139 y3 f211>, G162<6,7,139 x3 f0>, V463<6,1,139 y3 f14>
.?T??.M.A. 138     .M..WW???. 138     L63<3,7,138 x2 f212>, T435<1,6,138 x4 f0>, A910<8,6,138 y3 f4>, W776<4,4,138 y2 f0>
.EP.?Q?YY. 137     .M...Q???U 137     Y232<6,7,137 x3 f5>, U176<4,6,137 y4 f213>, P951<2,6,137 y2 f0>, Q1108<4,5,137 x3 f1>, E264<1,8,137 z4 f3>
.ZN.RR?A?. 136     .M..Z????Y 136     A1118<7,6,136 x2 f0>, Y778<8,7,136 y3 f0>, Z805<6,4,136 y4 f2>, Z311<1,5,136 y4 f4>, N533<2,5,136 y2 f1>, R329<4,6,136 x2 f214>
.????X???. 135     .M..F??Z.. 135     D575<6,6,135 x2 f1>, X335<5,5,135 x3 f0>, N247<2,5,135 x3 f0>, T1059<1,6,135 x4 f220>, F681<1,4,135 x3 f0>
?.L.JV?K?. 134     .????????G 134     V385<5,2,134 y4 f1>, L271<8,2,134 y3 f0>, J971<4,5,134 y4 f225>, M116<6,1,134 z5 f15>, W698<0,1,134 y2 f0>, G84<0,8,134 y2 f0>, L817<2,1,134 y4 f1>
?L???????I 133     I??ML?EZ?? 133     I502<7,2,133 x3 f1>, G578<3,5,133 x4 f2>, V1165<5,8,133 y2 f0>, I112<3,8,133 x2 f0>, Z259<8,7,133 z3 f1>, A858<8,5,133 z3 f0>, M714<6,1,133 y3 f16>, L791<1,4,133 x3 f0>, I242<0,0,133 y2 f1>, M168<0,8,133 y2 f1>, O794<2,1,133 z1 f0>
?.H?????M. 132     M??H?????? 132     E524<6,6,132 z3 f2>, A416<7,1,132 y2 f2>, M38<8,5,132 y3 f3>, K270<7,8,132 z3 f0>, B625<5,6,132 y4 f1>, T929<3,5,132 y4 f230>, H163<6,2,132 y3 f17>, W880<3,4,132 x2 f1>, M90<0,0,132 y3 f2>, H59<2,1,132 x4 f1>, J295<0,7,132 y3 f2>
?????????. 131     JG???KLVDF 131     L687<4,6,131 x3 f3>, D81<6,8,131 x3 f1>, V255<3,7,131 x4 f231>, K36<7,2,131 y3 f3>, K582<8,4,131 y2 f4>, T1189<4,4,131 x3 f20>, J9<1,0,131 x2 f0>, G500<0,1,131 x3 f5>, S798<3,2,131 z1 f0>, F759<0,9,131 x3 f3>, G1020<1,2,131 y2 f0>
WV.QQ??HJQ 130     V????????W 130     O92<6,5,130 y3 f241>, J399<8,5,130 z1 f5>, H761<7,3,130 y4 f4>, K764<5,8,130 x2 f2>, R537<5,3,130 y3 f21>, Q536<3,2,130 x2 f1>, V1087<1,0,130 y4 f8>, W334<0,6,130 y4 f4>
KAA????BBQ 129     .??OO?K?J. 129     B937<6,5,129 x3 f259>, I788<3,7,129 x3 f0>, O14<5,2,129 y4 f22>, J711<5,8,129 x2 f3>, A702<1,2,129 x4 f11>, M350<3,1,129 x3 f0>, K218<0,6,129 y2 f5>
???B??.?.Q 128     .?RB????F. 128     A78<7,4,128 y3 f260>, F57<5,5,128 y4 f28>, B599<2,3,128 x3 f0>, H1177<0,1,128 x2 f0>, R303<0,2,128 x3 f12>, E420<1,4,128 y4 f0>, I8<0,4,128 y3 f6>, X881<4,1,128 x2 f1>
?????Q.?P? 127     .?XB.W?... 127     P119<7,6,127 x3 f261>, Q1004<4,6,127 x2 f29>, Q42<9,1,127 z4 f0>, B53<2,3,127 x3 f1>, X127<2,2,127 x3 f13>, I346<0,1,127 x3 f1>, W1062<0,5,127 x3 f8>, E1148<3,1,127 x2 f2>
F?????.??? 126     ????????.. 126     V827<7,4,126 x3 f0>, X1037<8,5,126 y3 f262>, J1075<4,6,126 x2 f30>, X595<9,0,126 y4 f1>, L193<3,0,126 x3 f0>, G1072<2,3,126 x2 f2>, N1079<2,4,126 y4 f0>, V645<1,4,126 y3 f0>, N39<4,1,126 y2 f17>, F707<0,1,126 x3 f2>
?K??D????V 125     ??O????... 125     N611<7,4,125 y2 f1>, W646<5,6,125 x4 f294>, E446<7,1,125 z4 f0>, V1009<5,0,125 x5 f3>, O144<0,0,125 y4 f0>, N559<3,3,125 y4 f3>, K660<0,5,125 x3 f11>, D159<2,1,125 x3 f18>
D?DD...?Z. 124     ???D???A.. 124     A728<7,4,124 y4 f297>, L843<7,0,124 y3 f5>, Z25<8,1,124 y2 f0>, N195<1,5,124 y2 f12>, C626<1,0,124 y2 f0>, D549<3,1,124 y4 f23>, D133<0,2,124 x3 f1>
.XR???.?ZZ 123     R??X??IC.. 123     Z1039<7,1,123 x3 f7>, C678<3,7,123 x3 f0>, X309<5,4,123 y2 f0>, X829<1,1,123 y5 f16>, G266<3,2,123 x3 f24>, R615<2,0,123 x3 f0>
N??GG?.?F. 122     G?K?KB?B?V 122     N273<0,8,122 x3 f0>, K790<5,1,122 y4 f25>, B1015<5,5,122 y3 f1>, Y648<1,3,122 z1 f17>, V1061<7,8,122 y2 f0>, G1046<2,0,122 x3 f1>
.?.???.?F. 121     G???L?I.?. 121     I996<7,6,121 z3 f298>, N299<4,5,121 x2 f2>, F915<8,1,121 z2 f8>, L11<1,2,121 y4 f18>, Q666<3,1,121 y3 f0>, G734<3,0,121 x3 f2>
.?JJ?????F 120     U??G.P?P?N 120     Y752<5,6,120 x3 f299>, P743<4,5,120 y3 f3>, F1123<6,1,120 x4 f9>, O248<7,8,120 z2 f1>, N429<8,8,120 y2 f0>, J763<1,2,120 x4 f20>, U956<5,0,120 y3 f3>
.?ZZ???L?. 119     ?????????D 119     C262<4,3,119 y3 f4>, L323<5,5,119 y4 f300>, G916<5,3,119 z3 f26>, M298<6,1,119 y4 f10>, H943<5,0,119 y3 f4>, H371<1,0,119 y3 f21>, L427<7,8,119 x2 f3>, Z519<2,0,119 x3 f0>, O768<8,6,119 y2 f0>
Z???R??PP. 118     ?T?T.RZP?D 118     Z103<0,6,118 x3 f0>, U1034<1,8,118 z4 f1>, R355<3,5,118 x4 f306>, T981<5,1,118 y3 f32>, Y414<1,0,118 x3 f23>, P223<8,7,118 y2 f5>
OEBX.V??ZA 117     ?.X??????D 117     E342<1,5,117 y4 f2>, O1080<0,5,117 y4 f0>, B521<2,3,117 y3 f0>, X673<6,2,117 z2 f11>, V723<5,3,117 y3 f343>, X101<3,0,117 z1 f24>, Z493<7,7,117 x2 f6>
ZZ???L?P?A 116     ??????GHHD 116     Z181<0,5,116 x3 f6>, D1147<6,9,116 z4 f0>, P171<7,0,116 z3 f0>, B573<8,0,116 y3 f0>, A364<6,2,116 z1 f12>, L765<5,2,116 y3 f344>, C834<2,0,116 x3 f25>, M688<2,1,116 x3 f0>, G1176<8,3,116 y4 f0>, H995<8,7,116 y2 f7>
.K???????A 115     ??????RR.B 115     B729<5,9,115 x2 f1>, K816<1,3,115 y3 f7>, A182<7,1,115 y2 f0>, A390<9,4,115 z3 f0>, Y986<7,0,115 x2 f2>, B1093<2,3,115 x3 f0>, X1167<2,0,115 x3 f26>, N975<3,2,115 x4 f358>, R147<8,4,115 y4 f9>, Q354<2,1,115 x3 f1>, U774<6,5,115 x2 f0>
.KAIF.T??C 114     ????CNNNN? 114     T1111<6,9,114 x3 f2>, C522<7,4,114 x3 f11>, Y1090<7,0,114 y3 f4>, A260<2,0,114 y4 f28>, F577<4,1,114 y2 f359>, N169<7,5,114 y4 f1>
.?H?TP???H 113     ??TKU.?PP? 113     P93<6,7,113 y3 f3>, P769<5,6,113 x2 f0>, Y804<6,0,113 x2 f5>, U1086<6,4,113 x3 f12>, T773<4,0,113 y3 f360>, H85<1,1,113 x3 f29>, H839<7,6,113 x3 f2>
.K.?????IT 112     EEE?E.???? 112     I1048<3,9,112 z3 f0>, E472<3,0,112 x4 f6>, J997<6,6,112 y3 f5>, T357<9,8,112 y2 f0>, E550<6,2,112 y3 f13>, E654<3,1,112 x4 f30>, I684<7,3,112 x2 f0>, G370<7,6,112 y2 f3>
.?.U..???T 111     YY??..???? 111     K556<1,3,111 z4 f8>, U1138<3,7,111 y3 f1>, K166<7,2,111 y2 f1>, Y882<6,0,111 y3 f418>, T1033<6,9,111 x4 f1>, J191<1,6,111 y3 f0>, P847<6,6,111 x3 f10>
H??C..S?SO 110     ..SSS?U??U 110     C886<1,8,110 x3 f2>, S564<6,2,110 x3 f421>, U566<7,6,110 y4 f13>, S616<1,3,110 y3 f9>, H345<0,7,110 x3 f0>
.LDDD..D?? 109     ..E????LD. 109     O430<9,5,109 z2 f0>, D445<2,8,109 x3 f3>, U488<9,3,109 y2 f0>, D393<7,6,109 x3 f14>, E602<8,2,109 y3 f422>, L895<1,5,109 y3 f11>
.E..C...FJ 108     ...E???CC. 108     C314<4,6,108 y3 f4>, J1205<9,4,108 y2 f2>, E732<1,3,108 y3 f12>, F1097<8,4,108 y3 f438>
B????N.XXX 107     ....???NN? 107     N143<5,6,107 y4 f0>, X439<7,5,107 x3 f442>, Q1134<3,6,107 x2 f5>, T123<1,4,107 x3 f13>, B495<0,9,107 x3 f0>, P1159<4,4,107 y2 f0>
?H????..G. 106     ...O?GK.ZH 106     Z753<2,8,106 x3 f0>, K686<3,6,106 x3 f7>, H969<0,9,106 x3 f1>, D341<2,4,106 x3 f15>, O716<4,3,106 x2 f0>
MWW??.?R?. 105     ..II?????W 105     M610<0,4,105 z2 f0>, F135<6,5,105 y4 f0>, Z623<3,6,105 y3 f9>, G448<8,5,105 z2 f443>, W1192<1,9,105 x4 f2>, I762<4,2,105 y3 f17>, R1135<6,4,105 x3 f0>
P..????QO? 104     ..?P?O??.N 104     P41<0,2,104 y3 f1>, I34<3,6,104 x4 f11>, O118<8,5,104 y3 f444>, N897<3,9,104 x3 f3>, Q94<6,4,104 x2 f1>, Y362<3,4,104 x2 f18>
I..A????D? 103     ..D?AD??CC 103     D55<7,5,103 x3 f445>, C184<5,7,103 y3 f4>, S460<5,3,103 x3 f0>, A442<3,4,103 x4 f21>
I.Y.?????? 102     N??????LE? 102     N377<4,0,102 y3 f0>, J581<8,3,102 y3 f446>, Y284<2,4,102 y3 f0>, G864<4,6,102 z2 f12>, W126<5,9,102 x2 f0>, X231<5,1,102 y3 f1>, D861<9,2,102 z3 f0>, E992<5,8,102 x4 f0>, I840<5,4,102 x2 f22>, L1129<9,7,102 z3 f0>, V359<7,9,102 x2 f0>
?.?N?????? 101     ..??D????? 101     B27<8,5,101 y3 f447>, U410<2,7,101 y3 f0>, O950<0,6,101 y3 f0>, N1105<2,5,101 x4 f1>, D315<5,2,101 y3 f25>, L375<4,6,101 x4 f13>, H735<7,2,101 x3 f1>, I268<6,7,101 y3 f7>, P821<9,6,101 z4 f0>, P509<9,7,101 y2 f1>, T1007<7,9,101 x3 f1>
?.P.S???Z? 100     .M??H????Q 100     I138<0,3,100 z4 f2>, Q640<0,5,100 y4 f1>, P1133<2,5,100 y3 f3>, L1051<5,3,100 x3 f26>, V333<6,5,100 y3 f8>, X179<7,6,100 y3 f0>, H267<9,2,100 y3 f2>, Q120<9,6,100 y4 f5>
F.PCSMV?ZX 99      X??????V.. 99      S876<4,2,99 z3 f1>, C158<3,2,99 y2 f0>, F369<0,3,99 y4 f5>, P275<2,3,99 y3 f4>, X803<7,0,99 y2 f0>, S1136<7,3,99 y3 f27>, V151<6,7,99 x2 f24>, X647<9,3,99 y4 f9>
D.OXXMV??E 98      .???????.. 98      D809<0,2,98 y4 f6>, M974<5,1,98 z3 f0>, X1063<3,2,98 x2 f3>, Z155<8,6,98 z3 f448>, O378<7,1,98 y3 f1>, O586<2,4,98 y4 f5>, V905<6,2,98 y3 f0>, O40<7,5,98 y3 f25>, E1174<8,5,98 x2 f10>
D.YY?????. 97      .??E.??... 97      C782<5,1,97 y2 f1>, O846<4,1,97 y2 f4>, Y700<2,5,97 x3 f6>, E1200<5,3,97 x3 f3>, E784<5,5,97 x4 f11>
?...??XUW. 96      HX?A???L.. 96      H293<4,2,96 x2 f7>, X933<6,1,96 z1 f0>, L167<4,4,96 y4 f7>, A1014<5,3,96 y4 f16>
?FFJ?????I 95      ?Y?.IJ?J?. 95      J1049<3,6,95 y3 f0>, Y856<6,0,95 y2 f1>, G890<5,2,95 x4 f8>, U540<7,6,95 z3 f0>, I1100<7,4,95 x3 f0>, D211<0,2,95 z3 f7>, W568<8,6,95 z3 f449>, J919<4,5,95 x4 f25>, F785<1,0,95 x2 f0>
?L.D?.???. 94      ?????P?.P. 94      D913<3,6,94 x2 f1>, X49<6,1,94 y4 f0>, Y674<7,2,94 y3 f1>, P197<6,5,94 x3 f26>, O638<6,6,94 x3 f451>, V853<0,2,94 y3 f8>, L583<1,0,94 y4 f1>, H1047<0,0,94 z3 f0>
?PP?P.?DD? 93      ?.UDKN?NP. 93      P1185<4,8,93 z3 f0>, N221<6,5,93 y3 f534>, D263<6,3,93 x4 f12>, P925<0,0,93 x4 f3>
U..????.F? 92      ??????X.A. 92      A0<4,8,92 x3 f1>, F1071<8,5,92 z1 f0>, U202<0,2,92 z2 f9>, I424<6,3,92 y3 f548>, C1068<6,0,92 z3 f0>, D965<4,2,92 y2 f0>, X205<3,0,92 x3 f4>, K868<3,1,92 x3 f0>
?EX????UU? 91      ????KUX.?. 91      R979<4,8,91 x3 f2>, K1050<3,4,91 z3 f0>, E368<0,1,91 y3 f10>, X153<2,2,91 x3 f1>, U358<5,5,91 x4 f550>, O534<5,0,91 x2 f6>, E1070<0,8,91 x2 f0>, C80<5,1,91 y3 f1>
F?????UUU? 90      ???FFLX.?. 90      U280<5,8,90 x4 f3>, R433<9,1,90 z3 f0>, Z51<9,0,90 z4 f0>, F551<0,3,90 x3 f11>, F967<3,4,90 x2 f1>, X1115<3,6,90 z4 f2>, C964<1,8,90 x3 f1>, N845<4,0,90 y3 f2>, G994<5,0,90 y3 f9>
.QI??????? 89      RAY????Q?B 89      W542<3,4,89 y2 f2>, R563<7,0,89 x3 f1>, A988<7,1,89 x3 f1>, D991<4,8,89 x3 f4>, I1178<2,3,89 x3 f12>, B131<5,9,89 x2 f0>, J555<3,6,89 x2 f3>, Y596<4,2,89 x2 f13>, Q172<1,7,89 y2 f2>, W932<6,3,89 y4 f0>
OOO???N?.. 88 z    ??????NX?X 88 z    C418<3,3,88 y3 f3>, L505<5,5,88 z3 f551>, S928<5,0,88 y3 f0>, A936<7,0,88 y3 f4>, X1141<5,7,88 y3 f6>, N871<4,2,88 y3 f0>, O924<0,8,88 x4 f3>, N1027<4,6,88 x4 f5>
..UL????.. 87      ..GTLGGGU. 87      T71<4,3,87 x4 f0>, G422<5,2,87 x3 f6>, L661<3,4,87 x4 f4>, G214<5,5,87 y3 f565>
.ZUQFJS... 86      ..SS??JJ?. 86      J139<5,4,86 y4 f566>, S330<6,2,86 y3 f8>, F603<4,4,86 y2 f0>
U????VV... 85      ....V..U?F 85      Q68<3,8,85 z2 f0>, V697<4,4,85 x3 f612>, U904<0,7,85 x4 f0>, Z233<1,8,85 z2 f0>, F837<3,9,85 x2 f0>, U1008<2,8,85 z3 f4>
.A???.L... 84      ....?T?L?O 84      L297<3,6,84 y3 f2>, A572<1,8,84 x2 f6>, T695<2,4,84 y3 f0>, O976<2,9,84 x3 f1>
..?YH.L?.. 83      HHS.H???XX 83      H683<7,0,83 y2 f0>, Y622<3,5,83 y3 f3>, H449<2,5,83 y2 f1>, X1193<2,7,83 y3 f9>
..VV?.??II 82      .IS.HV???V 82      I970<7,1,82 x3 f1>, S1006<7,2,82 z2 f0>, L115<6,6,82 z3 f0>, Z571<6,8,82 x2 f0>, V307<2,5,82 y4 f12>, V437<3,7,82 y3 f4>
G.???R?V.. 81      .V?V?M???. 81      V177<7,1,81 y4 f3>, Q978<6,6,81 y3 f2>, K88<4,6,81 z2 f0>, M142<3,4,81 y3 f0>, G968<2,8,81 x2 f5>, R875<4,2,81 x3 f0>, H1125<4,4,81 z4 f613>
GOSF????.. 80      ..WW?M???. 80      Z909<5,4,80 x3 f4>, M220<5,5,80 x3 f0>, V1113<4,6,80 x3 f4>, G32<0,8,80 z2 f0>, F83<3,6,80 y3 f7>, W1140<4,2,80 y3 f615>
X?SCA.HBBB 79      YYYAHH???? 79      H137<6,4,79 y3 f11>, B79<7,8,79 x3 f0>, C210<3,6,79 y4 f8>, X699<0,7,79 y3 f1>, Y1064<1,0,79 y3 f0>
???X?.R.SS 78      C.CA.X???. 78      S18<2,7,78 z4 f0>, O196<1,7,78 z3 f0>, K400<0,6,78 y3 f2>, X569<3,5,78 y3 f9>, S252<8,8,78 x2 f1>, C132<0,2,78 x3 f0>, C28<0,0,78 x3 f0>
Q?QI??R.R? 77      RRRARI???. 77      R43<8,4,77 x2 f0>, I164<3,5,77 x3 f10>, Y180<5,7,77 y2 f0>, Q952<0,7,77 x3 f5>, A754<4,3,77 z3 f616>, Y1142<9,6,77 y3 f2>, R641<1,0,77 y3 f3>
.A???M?BB? 76      .X???????. 76      M896<5,5,76 y4 f1>, P1003<2,4,76 y4 f6>, G1098<3,5,76 y2 f0>, U72<4,2,76 y3 f617>, B391<6,8,76 x4 f3>, F889<4,7,76 z3 f0>, R1031<6,6,76 z3 f12>, A832<1,2,76 x2 f4>, X907<2,1,76 x3 f0>
.HN????JJV 75      W???V?Q??S 75      V229<9,4,75 z2 f1>, N91<2,5,75 x4 f34>, Q484<6,5,75 y4 f17>, J737<7,5,75 x2 f0>, S44<4,7,75 y3 f1>, B1119<4,3,75 x3 f618>, H33<1,1,75 y3 f5>, W204<3,0,75 y3 f1>
.???JRNZ.V 74      .Y????ZZ.J 74      V1139<9,2,74 y3 f2>, Z77<7,4,74 y4 f1>, R459<5,4,74 y2 f35>, N117<6,2,74 y4 f637>, J789<1,9,74 x4 f2>, Y76<1,1,74 x3 f8>
KMK?K?MMIC 73      UU.????C.K 73      C392<9,4,73 y4 f3>, I450<8,5,73 y2 f0>, M844<5,5,73 x3 f676>, K894<2,9,73 x4 f3>, U150<3,0,73 y2 f9>, Z467<3,3,73 z4 f0>, K322<0,3,73 y3 f0>, M792<1,4,73 y3 f0>
II.UH?JJJJ 72      .UUU.?J??S 72      J1179<5,6,72 x5 f5>, U124<3,1,72 y3 f11>, H579<4,7,72 y2 f0>, S746<5,7,72 y3 f4>, I1022<0,5,72 x2 f2>
SCQ?Q?E... 71      SS??????.. 71      E576<6,6,71 y2 f6>, S96<0,0,71 y3 f0>, Q744<2,7,71 x4 f6>, K1154<3,2,71 y3 f12>, C652<1,3,71 y4 f3>
???H??PP.. 70      ??.?WK?D.. 70      P561<5,6,70 x3 f7>, U384<0,0,70 x3 f1>, D835<2,6,70 y2 f7>, F213<4,0,70 y2 f0>, W802<0,3,70 y2 f0>, Y1168<1,1,70 x2 f0>, H553<3,3,70 x3 f13>, Y492<0,6,70 x2 f4>
RM???K.BM. 69      M??????... 69      M376<8,4,69 y3 f0>, B469<3,5,69 x2 f0>, H657<2,6,69 x3 f8>, M1026<1,0,69 y3 f3>, S1058<4,1,69 y3 f15>, R1109<0,2,69 y5 f6>
E???B?.??. 68      .??????... 68      Z337<8,1,68 z1 f0>, W152<3,4,68 y3 f10>, E212<7,4,68 x2 f1>, Z545<7,2,68 y2 f0>, Z779<1,1,68 y3 f4>, K244<5,5,68 z5 f677>, E394<0,4,68 x3 f7>, B781<2,2,68 x3 f16>, L1077<5,1,68 y3 f0>
.???.JU??? 67      .????J??BB 67      F239<7,1,67 x3 f1>, U46<6,2,67 x2 f0>, B703<7,6,67 z3 f8>, L921<1,1,67 y3 f5>, E4<3,2,67 y3 f28>, I190<7,7,67 x3 f0>, G630<1,4,67 x2 f8>, O742<7,3,67 y2 f2>, A312<8,2,67 y2 f0>, B1171<3,7,67 y3 f0>, K738<2,3,67 z4 f0>, J1153<5,3,67 y4 f679>
ESX?????EE 66      .G??????.. 66      E56<0,4,66 y4 f0>, Z129<5,2,66 x3 f1>, Q224<3,5,66 y3 f1>, H501<7,5,66 y3 f10>, S538<1,2,66 y4 f15>, E758<6,3,66 x4 f4>, X985<2,3,66 x3 f30>, Y50<4,4,66 x3 f680>
YYY?????F. 65      .?VQ?CRRM. 65      G942<4,1,65 x3 f0>, Y24<0,4,65 x4 f17>, C990<6,5,65 x2 f11>, R1083<3,6,65 y2 f2>, F291<6,4,65 x3 f681>, Q1082<4,3,65 x3 f36>
...F.???.. 64      Z?????F.M. 64      F109<3,3,64 y4 f21>, G344<7,1,64 z3 f2>, Z1013<5,1,64 x2 f1>, L609<6,2,64 y4 f731>, Z597<6,0,64 x2 f0>
...Q.???QQ 63      ?OVC.QQQM. 63      V593<5,2,63 z3 f2>, O352<5,1,63 x3 f5>, C730<5,3,63 x3 f732>, Q1186<3,5,63 y3 f22>, Q926<8,0,63 x2 f0>, W230<5,0,63 x3 f1>
...U???DD. 62      DL?MMMUJ?? 62      M870<5,2,62 y4 f737>, J113<5,7,62 y3 f0>, L453<6,1,62 y2 f6>, X959<4,8,62 y2 f0>, U1164<3,6,62 x3 f23>, M454<6,8,62 z4 f0>, D1069<6,0,62 x3 f3>
...S???I.. 61      O????SS.I. 61      U982<4,1,61 y4 f0>, S824<3,4,61 y3 f24>, O1002<6,0,61 y4 f11>, I918<4,8,61 x4 f3>
.FFF??W?OV 60      ..????D.C? 60      V281<9,2,60 y3 f0>, D1121<7,3,60 y4 f0>, W412<6,3,60 y3 f12>, G318<4,2,60 x2 f0>, F629<1,4,60 x4 f25>, O1028<8,9,60 z1 f0>, E134<7,9,60 z1 f0>, C340<4,8,60 y2 f4>
...O??M??? 59      ..WW?....? 59      Q250<5,4,59 z3 f738>, M922<6,4,59 x4 f15>, W1166<4,2,59 y3 f28>, F421<7,9,59 x3 f2>, O300<3,9,59 x3 f5>
..A.W????. 58      ....WAA?AK 58      A338<2,5,58 y4 f0>, W464<4,4,58 x4 f784>, I632<6,7,58 x3 f0>, K712<5,9,58 x4 f9>
..???FF.S. 57      ....FX.SSS 57      X387<2,5,57 x3 f1>, F733<2,4,57 x5 f785>, S278<8,7,57 y3 f11>
..XI..AAAA 56      ....II.XX? 56      I528<3,4,56 y2 f788>, X361<2,7,56 y3 f0>, A780<6,9,56 x4 f12>
..FM??R.S. 55      .....M??SS 55      M1078<3,5,55 x3 f789>, S668<8,6,55 y4 f13>, R407<4,6,55 x3 f0>
..F..AK.YN 54      .N.K????.. 54      Y908<8,4,54 y4 f14>, K504<6,3,54 y4 f1>
..F.JABBB? 53      .NV..?.?JJ 53      J269<4,7,53 y3 f0>, B859<6,5,53 x3 f17>
.B?JJA???? 52      .N?H.?.F.J 52      W100<6,5,52 x4 f18>, J945<2,9,52 x3 f1>, F1019<2,7,52 z4 f1>, B1067<1,2,52 x2 f0>, N767<9,1,52 z3 f0>, H527<6,3,52 x4 f0>, V1035<9,2,52 z2 f0>
.M???A.RWK 51      ?K?KR????? 51      K10<4,6,51 y2 f0>, A676<5,5,51 z4 f790>, W438<8,5,51 y3 f0>, M246<1,7,51 y3 f0>, R485<7,4,51 y3 f0>, U852<2,7,51 y3 f4>, O664<2,2,51 x2 f1>, K374<9,0,51 y4 f3>, O1132<3,0,51 x2 f0>
.D?????E?J 50      H????K??AA 50      K426<2,5,50 x4 f791>, W308<4,7,50 x3 f1>, E628<5,6,50 x4 f21>, A546<2,6,50 y4 f5>, D783<1,6,50 y2 f1>, T955<3,2,50 x2 f2>, J347<9,2,50 y3 f4>, T877<8,1,50 y4 f0>, H1151<2,0,50 x3 f1>
.J?E????GG 49      HEAA?????E 49      P15<5,5,49 y3 f816>, M194<5,8,49 x3 f0>, E316<3,7,49 y3 f0>, J425<1,5,49 y2 f2>, N741<2,6,49 y3 f6>, G552<6,4,49 x4 f6>, A494<4,2,49 y3 f3>, H605<4,0,49 x3 f2>
????????C. 48      ??N???B??? 48      O274<4,8,48 x3 f1>, K946<4,7,48 x4 f817>, R901<1,7,48 y3 f0>, D1199<2,8,48 x2 f8>, E914<0,7,48 y3 f0>, B1041<1,4,48 y3 f3>, C2<6,0,48 x3 f3>, Q510<0,4,48 y2 f0>, U618<2,4,48 x3 f4>, E836<2,1,48 z3 f0>, N507<6,1,48 y4 f7>, U878<5,3,48 y2 f0>
???????... 47      ??????DM?M 47      M584<6,7,47 y3 f820>, W958<0,8,47 x3 f11>, D1173<1,3,47 y4 f4>, B547<0,3,47 y3 f1>, W594<6,0,47 y4 f12>, W620<1,0,47 z2 f0>, F811<4,2,47 x2 f0>, M948<2,1,47 x3 f1>, U644<3,4,47 x3 f6>
Q??M????.. 46      MSYRR?Q?Q. 46      F1045<1,5,46 x2 f5>, R589<4,7,46 x4 f821>, Q718<0,5,46 y4 f14>, Y960<4,2,46 x3 f14>, R17<4,3,46 y2 f7>, M506<1,0,46 x4 f1>, B833<4,5,46 x4 f0>, S902<4,1,46 x2 f2>
PPP.?BBB.. 45      KKK.J?JJ.. 45      P483<0,5,45 x3 f21>, B1145<5,5,45 x3 f0>, J87<4,4,45 y4 f830>, K114<4,0,45 y3 f20>
..???A.... 44      .JVV.A.... 44      V125<2,2,44 y2 f0>, J477<2,1,44 x3 f21>, A1066<2,5,44 x4 f855>
.X?....... 43      X???DD.... 43      X621<1,0,43 y4 f0>, D627<2,4,43 y2 f856>, R719<2,1,43 y3 f23>
.YU....... 42      ..?UU..... 42      U306<2,2,42 y3 f881>
.YX....... 41      XX?X...... 41      X75<2,0,41 y4 f882>
.YPS.X.... 40      S??PP..... 40      Y154<1,2,40 z3 f1>, S642<3,0,40 y3 f0>, P587<2,1,40 y4 f883>
ZRR???.... 39      W.?F....Z. 39      W750<3,0,39 x3 f0>, F395<3,3,39 x2 f0>, X855<5,2,39 z2 f0>, R1161<1,2,39 x3 f886>
Z..A.?I... 38      IO??A...Z. 38      I1074<5,0,38 x2 f1>, O404<5,1,38 y3 f1>, A624<3,2,38 y3 f888>
ZG?GGD.... 37      DDDD?..E?. 37      D679<5,0,37 y5 f4>, G110<1,4,37 x4 f889>, Z701<0,8,37 z3 f0>, E680<2,7,37 y2 f0>
UU????.A.. 36      A??VV...?. 36      L37<3,1,36 x3 f5>, V541<2,2,36 y3 f890>, U1112<0,8,36 x4 f2>, O1184<4,8,36 x2 f0>, A156<7,0,36 y3 f0>
..C??..?VV 35      .QA?A...HV 35      C756<2,3,35 x2 f891>, V489<7,9,35 x3 f0>, H1099<3,8,35 x2 f4>, A962<7,2,35 y3 f1>
..HJQ..??N 34      .???B..N?N 34      N1053<9,7,34 y3 f1>, H241<2,1,34 y3 f892>, Q692<4,1,34 z2 f6>, J1101<3,8,34 z1 f5>, M480<8,2,34 y2 f0>, B755<7,3,34 y2 f2>, S980<7,1,34 x2 f0>
????EYY?RL 33      F????.?D?? 33      D705<0,7,33 y3 f0>, R225<0,6,33 x4 f0>, E160<2,1,33 x3 f901>, Y934<5,6,33 x3 f0>, B235<3,8,33 y2 f6>, R745<8,1,33 y4 f2>, N1157<7,2,33 y3 f3>, F993<1,0,33 x3 f0>
N..????K?L 32      TGK??????B 32      N1131<0,5,32 y3 f2>, K140<7,2,32 y3 f4>, A130<3,8,32 x4 f7>, C444<8,3,32 y3 f3>, B1<8,7,32 y3 f0>, T461<3,0,32 x3 f1>
JF??..???L 31      FG.G.J???. 31      J451<0,5,31 y4 f3>, D1043<2,6,31 y3 f0>, G1150<6,3,31 x3 f9>, F473<1,0,31 x3 f2>, D1095<6,8,31 x3 f9>
CC?????DDL 30      LGQSS??.?. 30      C236<0,5,30 x3 f4>, S720<6,3,30 y3 f10>, L869<9,8,30 z4 f2>, T513<6,6,30 z3 f1>, D1017<7,8,30 x2 f10>, L89<2,0,30 x4 f3>, Q588<3,2,30 x3 f0>
J???Q?W.S? 29      V???W??.?. 29      Q276<1,8,29 x5 f0>, S1084<8,8,29 x2 f14>, W828<6,3,29 y4 f13>, M818<9,2,29 y2 f0>, G1124<3,1,29 z4 f902>, V801<5,0,29 y4 f5>
J??GG????? 28      B?.Q??T??. 28      K920<5,7,28 y2 f1>, J35<0,1,28 z2 f0>, C1172<7,8,28 x3 f15>, B157<6,0,28 x3 f0>, Q328<9,3,28 y3 f1>, G474<1,1,28 x4 f903>, V567<5,4,28 x2 f14>, L479<5,1,28 x2 f6>, V749<6,7,28 x3 f0>, C54<7,1,28 x3 f0>
D????????? 27      ?????????? 27      L1103<6,9,27 x4 f0>, T851<3,9,27 x3 f0>, N403<4,8,27 x2 f2>, T19<2,6,27 z4 f1>, R251<1,7,27 x3 f0>, D367<0,0,27 y3 f1>, W490<7,8,27 x3 f16>, E30<8,4,27 y3 f0>, T45<2,4,27 x4 f15>, G682<4,1,27 x3 f911>, H1073<6,5,27 y4 f1>, M1156<7,3,27 y4 f0>, I86<5,5,27 y2 f0>, Q302<9,1,27 y3 f3>, Z1143<4,0,27 x5 f1>
F????????O 26      ???F?????L 26      L973<5,9,26 x3 f2>, A26<1,8,26 x4 f3>, M272<1,5,26 z4 f5>, M740<2,4,26 y4 f19>, F941<0,2,26 y3 f2>, S1188<7,1,26 x2 f0>, T227<5,5,26 x4 f4>, W672<2,1,26 x4 f912>, K842<1,6,26 z1 f0>, I866<7,7,26 y2 f17>, O1158<9,0,26 y3 f4>, V203<2,0,26 x4 f2>
D??RR?E??? 25      W??K?????E 25      E290<6,9,25 x4 f3>, R69<3,5,25 y4 f4>, Z207<2,6,25 y2 f20>, U514<8,6,25 y3 f0>, W74<1,4,25 y4 f7>, D289<0,2,25 x3 f3>, D471<7,1,25 x3 f6>, U1190<7,7,25 y2 f18>, R173<4,5,25 y3 f0>, W256<5,0,25 y3 f916>, H865<5,5,25 y3 f5>, K452<9,3,25 y3 f0>
?????????F 24      .?R??????X 24      E1096<8,6,24 y3 f1>, P717<7,6,24 z3 f0>, R95<0,1,24 y3 f4>, B677<2,7,24 x3 f27>, J217<5,7,24 x3 f25>, P405<3,1,24 x3 f917>, R511<0,5,24 x3 f8>, U670<0,8,24 x3 f0>, T825<6,1,24 x3 f7>, F525<9,3,24 y3 f1>
KH??????AX 23      OQ???EAHPX 23      X751<7,9,23 z2 f4>, A52<7,6,23 x2 f3>, H917<4,7,23 x3 f54>, E966<2,5,23 x3 f9>, P1029<2,8,23 x4 f1>, K1206<0,2,23 y2 f5>, O170<6,0,23 z1 f0>, Q562<5,1,23 x2 f926>, E1044<4,2,23 x3 f0>, X725<9,3,23 y2 f2>
???.N.???T 22      HW??????NS 22      S174<7,9,22 x2 f5>, E186<8,4,22 y4 f0>, G760<7,5,22 y2 f0>, Q198<1,5,22 x2 f10>, N455<4,7,22 y2 f57>, Y466<0,2,22 y3 f6>, Y440<0,6,22 x3 f0>, W22<6,1,22 y2 f928>, H423<1,2,22 z2 f0>, H7<6,0,22 x3 f1>, T617<6,3,22 x4 f3>
HSP?L.???V 21      H????????G 21      L531<4,6,21 y3 f58>, G838<8,7,21 y3 f7>, D887<7,6,21 y3 f1>, H1021<0,4,21 y3 f8>, S70<1,1,21 y4 f1>, P873<2,3,21 y3 f11>, L635<3,3,21 y2 f0>, G812<6,4,21 z4 f0>, Z961<6,3,21 x3 f4>, T1085<3,8,21 z1 f0>, V1191<7,2,21 x3 f0>, H475<6,0,21 y3 f931>
Y????????U 20      ..BU?YTJZ. 20      J893<7,7,20 x2 f8>, Y128<0,5,20 x3 f9>, T383<4,6,20 x4 f59>, Z987<1,8,20 x3 f1>, B287<6,2,20 x2 f933>, U462<7,3,20 x3 f5>, O612<4,4,20 x3 f1>, E1018<1,4,20 x3 f3>
..MG.C???? 19      .???????G. 19      Q406<8,5,19 x2 f0>, A1144<7,5,19 y3 f76>, M532<2,4,19 y4 f26>, Q822<7,3,19 x3 f6>, K1180<8,2,19 x2 f0>, G786<3,6,19 y3 f2>, R927<6,2,19 y4 f936>, C288<5,1,19 x2 f0>, Q770<7,1,19 x2 f0>
RR??.????? 18      .CPP?POMNL 18      V619<6,4,18 x3 f937>, P639<9,2,18 y4 f9>, N13<5,8,18 x3 f0>, R381<0,4,18 x4 f0>, M428<5,7,18 x3 f77>, O1054<2,6,18 x2 f3>, C704<5,1,18 x5 f2>
L.L?.GPLLL 17      .??A?F?PP? 17      L141<7,4,17 x3 f948>, G6<5,1,17 y2 f3>, P899<6,6,17 y3 f79>, F499<3,4,17 y3 f32>, A208<3,1,17 y3 f0>
L.?N.????. 16      C????W?V.? 16      C106<5,0,16 y4 f4>, K608<5,6,16 x2 f80>, V99<2,6,16 y2 f0>, W724<5,5,16 x2 f0>, N949<3,3,16 y2 f34>, W1036<5,4,16 x2 f0>, L739<8,1,16 y2 f0>, U254<6,3,16 x3 f0>
L.?T.J.?D. 15      .D?????..? 15      L947<0,9,15 z3 f0>, L999<2,9,15 z4 f0>, T175<3,4,15 y3 f35>, J1127<5,3,15 y4 f88>, W1088<2,3,15 y4 f1>, D419<8,1,15 y3 f2>
?U???GG?B. 14      H????G...? 14      H397<0,0,14 y2 f0>, E82<7,4,14 z3 f949>, X257<3,3,14 x2 f0>, U748<0,4,14 x4 f2>, G656<3,5,14 x4 f89>, B963<8,1,14 y3 f3>
?S??Y..?A? 13      ?????T??Z? 13      S356<0,0,13 x4 f1>, T747<3,3,13 y4 f130>, Y1012<4,6,13 y2 f0>, C496<7,2,13 z3 f0>, A650<8,1,13 y3 f4>, Z1195<9,6,13 y3 f0>, M1130<9,0,13 y3 f0>
K.???????? 12      Q.F.?.??.? 12      K972<0,9,12 z3 f1>, R1005<2,9,12 z3 f1>, Q1160<3,0,12 x2 f2>, B989<8,4,12 z1 f0>, X543<7,4,12 z2 f950>, R693<3,6,12 x4 f132>, Y830<3,9,12 x2 f0>, F31<7,2,12 x3 f7>, O1106<5,9,12 x4 f0>, A1170<9,6,12 y2 f1>
D??J?S???F 11      ?TT?????F? 11      D497<0,9,11 x3 f4>, J165<1,0,11 x4 f3>, Y1116<7,0,11 x2 f0>, S226<6,4,11 y3 f133>, G526<8,3,11 y3 f1>, T539<7,1,11 y4 f959>, F187<9,6,11 y3 f2>, S408<4,9,11 x3 f2>
.???AI???S 10      ?SS.Z.S?.? 10      G58<1,7,10 z1 f0>, A286<1,9,10 x4 f5>, F343<2,7,10 z3 f0>, A598<3,0,10 z1 f4>, S382<8,0,10 y3 f1>, Z389<6,4,10 x3 f1096>, S434<7,6,10 x3 f3>, I736<5,9,10 x2 f0>
.M??????O. 9       S.?.FF???? 9       X413<2,7,9 y3 f7>, S122<2,0,9 x3 f5>, C574<3,2,9 x2 f0>, O898<5,2,9 x4 f2>, F5<7,4,9 y3 f1101>, K62<6,7,9 y3 f1>
.M??A???O. 8       ????Q???.. 8       A1092<2,5,8 y3 f8>, Q1030<3,3,8 y4 f0>, O456<2,2,8 x2 f1>, S694<3,0,8 y2 f6>, A468<4,3,8 x4 f0>, K634<6,0,8 y3 f3>, O222<6,7,8 x3 f2>, N325<5,5,8 x3 f1102>
??SZ.??R.. 7       .Z???????. 7       Z415<3,1,7 y3 f10>, S850<2,5,7 y4 f9>, R1057<5,3,7 y3 f1>, M636<0,4,7 x2 f0>, N923<0,2,7 y2 f0>, E706<6,4,7 y3 f0>, N663<5,6,7 z3 f0>, R797<7,7,7 y2 f3>
T?D?????Q. 6       ?????????U 6       I476<7,0,6 y2 f0>, P613<3,3,6 x3 f13>, T305<0,3,6 y3 f1>, T487<1,3,6 y4 f0>, D523<2,6,6 y2 f10>, T591<1,0,6 y3 f0>, M1182<1,7,6 z4 f1>, Q458<5,8,6 x4 f4>, W854<3,7,6 x3 f0>, K1024<5,6,6 x2 f2>
??P?CFL?O. 5       RC???Z???? 5       Y726<0,7,5 y3 f0>, P327<2,6,5 y4 f11>, V775<1,7,5 y3 f2>, Z831<0,3,5 y3 f2>, W1114<1,2,5 y3 f2>, L557<6,2,5 z3 f4>, F161<5,6,5 y4 f9>
??????C?O. 4       ?CC?...??? 4       L713<0,7,4 x2 f4>, X1089<0,0,4 x2 f0>, G240<3,8,4 z3 f0>, H709<0,3,4 x3 f7>, U332<7,9,4 z3 f0>, C366<4,2,4 x3 f5>, H111<5,7,4 y2 f10>
Q????????. 3       ?CQ??????? 3       Q380<0,0,3 x3 f1>, N819<5,5,3 x3 f0>, T201<1,8,3 y2 f0>, H319<3,6,3 y3 f1>, J685<3,3,3 z3 f14>, Z1117<1,4,3 x3 f0>, M324<2,3,3 z1 f8>, J373<4,4,3 y3 f0>, Q614<6,2,3 y3 f6>, T149<7,7,3 y3 f1>, H631<5,7,3 y3 f11>
?????????? 2       ??????E??? 2       O482<5,3,2 y3 f1>, O508<8,9,2 z4 f0>, A104<0,1,2 x3 f0>, I372<0,0,2 x4 f2>, O820<9,8,2 y2 f0>, R849<7,0,2 z4 f1>, R953<4,8,2 z3 f0>, S1162<0,8,2 x2 f1>, W48<0,3,2 x3 f9>, N1001<6,2,2 y3 f7>, L245<8,5,2 x2 f0>, D731<8,4,2 z2 f0>, T903<3,2,2 y4 f16>, W906<5,7,2 x3 f14>, E1122<3,6,2 x2 f3>
?????????? 1       ??????Y??? 1       Z285<4,5,1 x4 f2>, C470<4,1,1 z5 f0>, E498<1,7,1 z3 f5>, K530<9,0,1 y3 f0>, D653<0,1,1 y4 f1>, K1128<0,8,1 z1 f2>, F1149<7,9,1 x3 f2>, J321<6,0,1 x3 f2>, Y570<1,0,1 x4 f3>, I606<1,3,1 y3 f0>, P665<2,7,1 z4 f12>, Y1194<2,8,1 z2 f0>, Y102<4,6,1 y3 f5>, D601<3,1,1 y4 f17>, M662<6,4,1 x3 f9>, X777<1,9,1 x4 f0>, C912<9,4,1 y2 f1>, M1000<5,7,1 x3 f15>
---------- 0       ---------- 0
