Hike with 94 steps
 *
 *******         LLL
       *         L L
   ***** *>*>L   L L
   v     * v L   L L
   *>*** * * LLLLL LLL
   v   * * *         L
   BBB * * ******* LLL
     B * *       * L
 BBBBB * * ******* LLL
 B     * * *         v
 B BBB *** ***   ***>*
 B B v       v   *   v
 BBB 2>F FFF>*>* *   *
     v F F   v * *   *
 CCCCC FFF GGG * * ***
 C         G   * * *
 CCC   CCC GGG *** *
   C   C C   v     v
 CCC CCC C C>3>D D>*
 C   C   C C   D D v
 CCCCC   CCC   DDD ***
                     *
