Hike with 154 steps
 *
 *******         ***
       *         * *
   ***** Q>*>*   * *
   v     Q v *   * *
   *>QQQ Q * ***** ***
   v   Q Q *         *
   *** Q Q ******* ***
     * Q Q       * *
 ***** Q Q ******* ***
 *     Q Q *         v
 * *** QQQ ***   MMM>*
 * * v       v   M   v
 *** *>P PPP>*>M M   *
     v P P   v M M   *
 ***** PPP *** M M ***
 *         *   M M *
 ***   *** *** MMM *
   *   * *   v     v
 *** *** * *>*>O O>*
 *   *   * *   O O v
 *****   ***   OOO ***
                     *
