Hike with 6602 steps
 *
 * *** *** *****   *** WWWWWWW   WWW     *** *** *** *** *** *** ******* *** ***** ***** ******* *** *** ***   *** ***** ***** *************
 * * * * * *   *   * * W     W   W W     * * * * * * * * * * * * *     * * * *   * *   * *     * * * * * * *   * * *   * *   * *           *
 * * * * * * *** *** * WWW WWW WWW WWW *** *** * * * * * * *** *** ***** * * *** * * *** ***** * * *** * * *** * * * *** *** * ***** ***** *
 * * * * * * *   *   *   W W   W     W *       * * * * * *         *     * *   * * * *       * * *     * *   * * * * *     * *     * *   * *
 *** * * * * *** * ***   W WWW W WWW W ***** *** * *** * * ********* ***** *** * * * *** *** * * * ***** * *** * * * *** *** * ***** *** ***
     * * * *   * * *     W   W W W W W     * *   *     * * *         *       * * * *   * * * * * * *     * *   * * *   * *   * *       *
 ***** * * *   *** * WWW W WWW W W WWW ***** * *** *** * * *   ***** ***** *** * * * *** * * * * * ***   * *** * * *** *** *** ***** *** ***
 *     * * *       * W W W W   W W     *     * *   * * * * *   *   *     * *   * * * *   * * * * *   *   *   * * *   *     *       * *   * *
 * *** * *** ***** * W W W WWW W W>*>* ***** * * *** *** * *** * ***   *** * *** *** * *** *** * * *** *** *** * *   * ***** *** *** *** * *
 * * * *     *   * v W W W   W W   v *     * * * *       *   * * *     *   * *       * *       * * *   *   *   * *   * *     * * *     * * *
 *** *** *** * *** *>W W W   W W *** ******* * * * *>*>* * *** * *** *** *** * ***** * ***** *** * *   *** * *** *** * * *** * * *** *** * *
         * * * *   v   W W   W W *           * * * * v * * *   *   * *   *   * *   * *     * *   * *     * * *     * * * * * * *   * *   * *
   ***** * *** * ***   W W WWW W ***   ***   *** *** M * * *** *** * * ***   *** *** * *** * *** * *>*>*** * * ***** * * * * * * *** ***** *
   *   * *     * *     W W W   W   *   * *           M * *   *   * * * *         *   * * * *   * *   v     * * *     * * * * * * *         *
 *** *** ***** * ***** W W WWWWW   *** * ***** MMMMMMM ***   *** * * * * *>*>* *** *** * * * *** *   Y ***** * * *** * * * * * * * *********
 *   *       * *     * W W           * *     * M               * * * * * * v * *   *   * * * *   *   Y *     * * * * * * * * * * * *
 *** ********* ***** * W W *********** *   *** MMMMMMM   ******* * * * *** W * *** * *** *** *** * YYY * *** * * * * * * * * * * * * *** ***
   *               * * W W *           *   *         M   *       * * *     W *   * * *         * * Y   * * * * * * * * * * * * * * * * * * *
   *************** * * W W *** ******* *** * *** MMM MMM *** *** * ***   WWW ***** *** WWW ***** * YYY * * * * * * * * * * * * * * *** * * *
                 * * * W W   * *     *   * * * * M M   M   * * * *       W             W W *     *   Y * * * * * * * * * * * * * *     * * *
 ***************** *** WWW   * * ***** *** *** * M M MMM   *** * * WWWWWWW WWW WWW WWWWW W * ***** YYY *** *** * * *** * * *** *** *** *** *
 *                           * * *     *       * M M M         * * W       W W W W W     W * *     Y           * *     * *         * *     *
 *****************   VVV     *** ***** * ******* M MMM MMM ***** * WWW WWW W WWW W W WWWWW *** YYYYY YYY   YYY * ***** ***   *** *** * *** *
                 *   V V             * * *       M     M M *     *   W W W W     W W W         Y     Y Y   Y Y *     *       * * *   * * * *
 ******* *** *** * VVV VVV VVV ***** *** *****   MMMMM M M ***** *** WWW W W WWWWW W W ***** YYY YYY Y YYY Y Y ******* *** *** * *   *** ***
 *     * * * * * * V     V V V *   *         *       M M M     *   *     W W W     W W *   * Y   Y Y Y   Y Y Y         * * *   * *
 * *** *** *** *** V VVVVV V V *** *   ******* MMMMMMM M MMM   *****   WWW W W WWWWW W * *** YYYYY YYY   YYY YYY   *** * * *** * ***********
 * * *             V V     V V   * *   *       M       M   M           W   W W W     W * *                     Y   * * * *   * *           *
 *** * *** *** VVV V VVV VVV VVV * ***** ***** MMM MMM M MMM ********* WWWWW W W WWWWW * * *** ******* YYYYYYYYY *** * * * *** *** ******* *
     * * * * * V V V   V V     V *       *   *   M M M M M   *       *       W W W     * * * * *     * Y         *   * * * *     * *     * *
 ***** * * * * V V VVV V V VVVVV *** *** * ***   MMM MMM M *** *******   *** WWW WWW *** * * * *** *** Y YYYYYYY *** *** ***     *** *** * *
 *     * * * v V V   V V V V       * * * * *             M *   *         * *       W *   * * *   * *   Y Y     Y   *                 * * * *
 ******* *** *>V VVV V V V VVV VVV *** *** *   JJJ   MMMMM *** * *** ***** * WWWWWWW *** * * ***** *** YYY YYY YYY * *************** * * ***
             v     V V V V   V V V         *   J J   v       * * * * *     * W         * * *         *     Y Y   Y * *             * * *
 *********   ***** VVV VVV VVV V VVVVVVV *** JJJ J J>*>* *** * * * * ***** * W WWW *** * * ******* *** *** Y YYY Y * * ************* * *****
 *       *       *         V   V       V *   J   J J v * * * * * * *     * * W W W * * * *       * *   * * v   Y Y * * *             *     *
 ******* * ***** ***** VVVVV   VVVVVVV V *** JJJ JJJ * * * * * * * ***   * * WWW W * * * *** *** * *** * *>*>* YYY *** *************** *** *
       * * *   *     * V             V V   v   J     * * * * * * *   *   * *     v * * *   * * * *   * *   v *                         * * *
 ***   * * *** * ***** V VVVVV VVV VVV V V>*>JJJ ***** *** * * ***   *** * * ***>*>* ***   * * * * *** * ZZZ * *** *** *** ********* *** * *
 * *   * *   * * *     V V   V V V V   V V v     *         * *         * * * *   v         * * * * *   * Z   * * * * * * * v       * *   * *
 * *** * *   * * ***** V V   V V VVV   VVV ***** *** ***   *** ******* * * * *** V VVV VVV * * * * * *** Z   * * * * * * *>*   III ***   ***
 *   * * *   * *     * V V   V V               *   * * *       *     * * * *   * V V V V V * * * * * *   Z   * * * * * *   v   I I
 *** * * *** * ******* V V VVV V   ***   *** ***   *** ********* ***** *** ***** VVV VVV V * * * * * *   ZZZ *** * * * *   IIIII I *** ***
   * * *   * *         V V V   V   * *   * * *                   *                       V * * * * * *     Z     * * * *         I * * * *
 *** * *** * * ******* V V VVV V *** * *** * * ***************** ***** VVVVVVVVVVVVVVVVV V *** *** *** ZZZZZ *** *** *** IIIIIIIII * *** ***
 *   *   * * * *     * V V   V V *   * *   * * *               *     * V               V V             Z     * *         I         *       *
 *** ***** *** * ***** VVV VVV V *** ***   *** *** *** ******* * ***** VVVVVVVVVVV VVV VVV RRR   RRRRR ZZZZZ * *   ***   IIIIIIIII * *******
   *           * *         V   V   *             * * * *     * * *               V V V     R R   R   R     Z * *   * *           I * *
   ************* ***** UUU VVVVV   *** ***   *** *** *** ***** *** *** *** ***   VVV VVV RRR RRR RRR R ZZZZZ * * *** *** IIIIIIIII * * ***
                     * U U           * * *   * *         *         * * * * * *         V R     R   R R Z     * * *     * I         * * * *
 ********************* U U UUUUU *** *** ***** * LLL *****   ***   * * * * * * *** VVVVV RRRRR R   R R ZZZ   * * *** *** IIIIIIIII * *** ***
 *                     U U U   U * *           * L L *       * *   * * * * * * * * V         R R   R R   v   * *   * *           v *       *
 * ***** ************* U U UUU U * ************* L L ******* * *   * * * * * * * * VVV     RRR R RRR RRR>*>* * * *** *** ***** *>* * *******
 * *   * *           * U U   U U v               L L       * * *   * * * * * * * *   v     R   R R       v * * * *     * *   * * v * *
 *** *** * ***** *** * U U UUU U>*>LLL LLL   LLLLL LLL ***** * *   * * * * * * * ***>*>R RRR   R R ******* *** *** ***** *** *** * * * ***
     *   * *   * * * * U U U     v   L L L   L       L *     * *   * * * * * * *     v R R     R R *               *       *     * * * * *
 *** ***** *** *** *** U UUU   ***   LLL LLL L LLLLLLL ***** * * *** * * * * * *** *** RRR *** RRR ***** ***   ***** *** *** ***** * *** ***
 * *         *         U       *           L L L           * * * *   * * * * *   * *       * *         * * *   *     * * *   *     *       *
 * * *** *** *** UUUUU UUUUUUU ******* *** LLL LLL   LLL *** * * *** * * * * * *** ********* * ***     *** *** *** *** ***   ******* *** ***
 * * * * * *   * U   U       U       * * *       L   L L v   * *   * * * * * * *             * * *           *   * *                 * * *
 * *** *** ***** U UUU UUU UUU ******* * ******* LLL L L>*>*** * *** * * * * * ***   ******* * * ************* *** * ***************** ***
 *               U U   U U U   *       *       *   L L   v     * *   * * * * *   *   *     * * *               *   * *
 *** ***** ***   U UUUUU UUU   *** *** *** ***** LLL LLL O OOO ***   *** *** * *** *** *** *** *************   * *** ***********************
   * *   * * v   U               * * *   * *     L     L O O O               * *   *   * *                 *   * *                         *
   * *   * * *>UUU *********** *** * ***** * *** LLL LLL O O OOOOOOOOO ******* *   ***** * ******* ******* *** * * ***   *** ***************
   * *   * * v     *         * *   *       * * *   L L   O O         O *       *         * *     * *     *   * * * * *   * * *
 *** *** *** *** *** ********* ***** ******* * *** L L   O O OOOOO OOO ******* *** ******* * ***** ***** ***** *** * ***** *** *** ***   ***
 *     *       * *   *               *       *   * L L   O O O   O O         *   * *       * *         *           *           * * * *   * *
 * ***** ***** *** *** TTT TTT TTT   ********* *** L L   OOO OOO OOO     OOO ***** ********* ***   *** *********   ***** ***** * *** * *** *
 * *     *   *     *   T T T T T T             *   L L         O         O O                   *   * *         *       * *   * *     * *   *
 *** *** *** *******   T T T T T TTT ***********   LLL NNN NNN OOO OOO   O O   ******* ********* *** * ********* HHH   ***   *** ***** * ***
     * *   *           T T T T T   T *                 N N N N   O O O   O O   *     * *         *   * *         H H             *     * *
 ***** ***** ********* T TTT T TTT T *** *** ***   NNN N N N N   OOO OOOOO OOO ***** * ********* *** * ***** HHHHH H HHH   HHH *** ***** *
 *           *       * T     T   T T   * * * * *   N N N N N N               O     * *         *   * *     * H     H H H   H H *   *     *
 ******* *** * ******* TTTTT TTT T T   *** *** *** N N N N N NNN OOOOO OOOOO O ***** ***********   * ******* H HHHHH H H HHH H ***** HHH ***
       * * * * *           T   T T T             * N N N N N   N O   O O   O O *                   *         H H     H H H   H       H H   *
 ******* * *** ********* TTT TTT T T TTT   ******* N N N N N NNN O   OOO   OOO ******* ***   ***** ***** HHH H H HHH H H H HHH HHH   H H ***
 *       *             * T   T   T T T T   v       N N N N N N   v                   * * *   *   *     v H H H H H H H H H H   H H   H H v
 ******* * ************* TTT TTT T T T TTT>*>NNN NNN N N NNN NNN>5>B BBB BBB   ******* * *** *** * ***>*>H H H H H H H H H HHH H HHHHH H>*
       * * *               T   T T T T     v   N N   N N         v B B B B B   *       *   *   * * *   v   H H H H H H H H   H H         v
   *** *** *********   TTT TTT TTT TTT   *** NNN N NNN NNN PPP PPP BBB BBB BBB ********* ***   * * *** BBB H H H H H H H H HHH H ***   ***
   * *             *   T T   T           *   N   N N     N P P P             B           *     * *   *   B H H H H H H H H H   H * *   *
 *** *************** TTT T TTT ***********   NNN N N NNNNN P P PPP BBBBBBBBBBB BBB *******   *** * *** BBB H H H H H H H H HHHHH * *** * ***
 *                   T   T T   *               N N N N     P P   P B           B B *         *   * *   B   H H H H H H H H       *   * * * *
 * *********** *** TTT TTT TTT ************* NNN N NNN   PPP P PPP BBB   BBB BBB B ********* *** * *   BBB HHH HHH HHH HHH ***** * *** *** *
 * *         * * v T   T     T             * N   N       P   P P     B   B B B   B         *   * * *     B                 *   * * *       *
 * *   ***   *** *>T   TTTTTTT ***   ******* NNNNN   PPP PPP P PPPPP BBB B B B BBB BBB   *** *** * *** BBB BBB *** *** *** *** *** *** *** *
 * *   * *       v             * *   *               P P   P P     P   B B B B B   B B   v   *   *   * B   B B * * * * * *   *       * * * *
 *** *** ******* ********* ***** ***** ***   ***   PPP PPPPP P PPPPP BBB B B B BBB B BBB>*>* *** ***** BBBBB B * *** *** *   ******* * * * *
     *         *         * *           * *   * *   P         P P     B   B B B   B B     v *   *             B *         *         * * * * *
 ***** ******* * *** *** * ************* ***** * PPP PPP PPP P PPP BBB BBB BBB BBB BBB TTT * ***   BBBBBBBBBBB ********* * *** *** * * * ***
 *     *     * * * * * * *                     * P   P P P P P   P B   B       B     B T   * *     B                   * * * * * * * * *
 * ***** ***** *** *** *** SSSSSSS ************* PPPPP PPP P PPPPP BBB BBBBBBB BBBBB B TTT * ***** BBBBBBBBBBBBB ******* *** *** * * * *****
 * *     *                 S     S *                       P         B       B     B B   T *     *             B *               * * *     *
 *** *** * *** ******* SSS SSS SSS *********** PPPPPPP PPP P *** *** B BBBBBBB BBBBB B TTT ******* BBBBBBB BBBBB *** *** *** *** *** *******
     * * * * * *     * S S   S S             * P     P P P P * * * * B B       B     B T           B     B B       * * * * * * *
 *** * * *** *** ***** S S SSS SSS   *** ***** PPPPP PPP PPP * * * * BBB ***   BBBBBBB T *** ***** B BBB BBB   *** * * * * *** *   *********
 * * * *         *     S S S     S   * * *         P         * * * *     * *           T * * *   * B B B       * * * * * *     *   *       *
 * *** * *** *** ***** S S SSS SSS *** ***   PPPPP PPP ***   * * * * *** * *   *** *** T * * * *** B B BBBBBBB * * *** *** *** ***** *** ***
 *     * * * * *     * S S   S S   *         P   P   P * *   * * * * * * * *   * * * * v * * * *   B B       B * *         * *       * * *
 ***** * * *** * ***** S SSS S S   ***   PPP PPP P   P * * *** * * * * * * * *** * * *>*>* *** *   BBB BBBBBBB * * ********* ********* ***
     * * *     * *     S   S S S     v   P P   P P   v * * *   * * * * * * * *   * *   v       *       B       * * *
 ***** *** *** *** SSS SSS S S S SSS>*>PPP P PPP PPP>*>* * *** * * * * * * * *** * * SSS ***** *** BBBBB BBBBB * * ********* ********* *****
 *         * *     S S   S S S S S   v     P P       v   *   * * * * * * * *   * * * S   *   *   * B     B   B * *         * *       * *   *
 ***** ***** ***** S SSS S S S S SSS ***   PPP   *** *** *** * * * * * * * * *** *** SSS *** ***** BBBBBBB BBB * *** ***   * * ******* *** *
     * *         * S   S S S S S   S   *         * *   *   * * * * * * * * * *         S   *               B   *   * * *   * * *         * *
 ***** * ********* SSS S S S S S SSS   ******* *** * ***   * * * * * * * * * * SSS SSSSS   ********* BBBBBBB *** *** * *** *** *** ******* *
 *     * *           S S S S S S S           * *   * *     * * * * * * * * * * S S S               * B       *   *   *   *       * *       *
 *** *** ********* SSS S S S S SSS *********** *** *** *** * * * * * * *** * * S S SSSSS     ******* BBB *** *** *   * *** ***** *** *** ***
   * *           * S   S S S S     *             *     * * * * * * * *     * * S S     S     *         v * *   * *   * *   v   *     * * *
   *** ***   *** * SSS SSS SSS   *** *** ******* ******* * *** * * * *** *** * S SSSSSSS ***** *******>*>* * *** *** * ***>*   ******* ***
       * *   * * v   S           *   * * *     *         *     * * *   * *   * S         *     *       v   * *     * *     v
 ******* ***** * *>S SSSSSSS *** ***** *** ***** ********* *** *** * *** * *** SSS SSS   * *** *****   CCC * ***** * *** FFF   FFF FFF FFFFF
 *             * v S       S * *           *     *         * *     * *   * *     S S S   * * *     *     C *     * *   * F     F F F F F   F
 ************* *** SSSSSSS S * *********** ***   ******* *** ***   ***   * ***   SSS SSS *** * ***** CCC C * *** * * *** F FFF F FFF F F FFF
             *           S S *           *   *         * *     *         *   *         S     * *     C C C * * * * * *   F F F F     F F F
 *** *** *** *********** S S *** ******* ***** ***   *** * ***** *** *** * *** SSSSSSSSS SSS * * CCCCC CCC * * *** * *** F F F F FFFFF F FFF
 * * * * * *           * S S   * *     *       * *   *   * *     * * * * * *   S         S S * * C         * *     *   * F F F F F     F   F
 * *** *** ******* ***** SSS   *** *** *** ***** * ***   * * *** * *** * ***   SSSSSSSSSSS S * * CCCCC CCC * *** *** *** FFF F F F FFF F FFF
 *               * *               * *   * *     * *     * * * * *     *                   S * *     C C C *   * *   *       F F F F F F F
 *************** * ******* *** ***** ***** * ***** ******* * * * *** ***   SSSSSSSSSSSSSSSSS *** CCC CCC C * *** *** ***** FFF F F F FFF FFF
               * *       * * * *           * *             * * *   * *     S                     C C     C * *     *     * F   F F F       F
 *************** * ***** *** * ************* ***** ******* * * *   * * *** SSSSSSS SSSSSSSSSSS CCC CCCCC C *** ***** ***** FFFFF FFF   FFFFF
 *               * *   *     *                   * *     * * * *   * * * *       S S         S C       C C     *     *                 F
 ******* *** *** ***   *******   *** ************* ***** *** * *** * *** *   SSS SSS SSSSSSSSS CCCCCCC CCC CCC *******   *** *** FFFFFFF FFF
       * * * * *                 * * *                 *     *   * *     *   S S     S               C     C C           * * * * F       F F
 ***   *** *** ***** *** *** ***** * ********* RRR ***** *** * *** * ***** SSS SSSSSSS   ***   CCC   CCC CCC CCC *** ***** * * * FFFFF FFF F
 * *               * * * * * *     *         * R R *     * * * *   * *     S             * *   C C     C C     C * * *     * * *     F F   F
 * ***************** * * * * * ***** ********* R R ***   * * * * *** * *** SSSSSSS SSSSS * * CCC CCCCCCC C CCCCC * * * ***** * ***   FFF FFF
 *                   * * * * * *     *         R R   *   * * * * *   * * *       S S   S * * C           C C     * * * *     *   *       F
 * *** *** ***** *** * * * * * * *** ******* RRR RRR *** * * * * *** * * *   *** SSS SSS * * CCCCC CCCCCCC CCCCC * * * ***** *** * ***** FFF
 * * * * * *   * * * * * * * * * * *       * R     R   * * * * *   * * * *   * *     v   * *     C C           C * * *     *   * * *   *   F
 *** *** * * *** * * * * * * * * * *   ***** RRR RRR *** * * * *** * * * *** * * ***>*>* * * *** CCC CCCCCCCCCCC * * * *****   * * * *** FFF
         * * *   * * * * * * * * * *   v       R R   v   * * *   * * * *   * * * *     * * * * *     v           * * * *       * * * *   v
 ********* * *** * *** * * * * * * ***>*>RRR RRR R R>*>* * * *** * * * *** *** * ***   * * *** * ***>*>* *** *** * * * * *** *** *** * *>*
 *         *   * *     * * * * * *         R R   R R   * * *   * * * *   *     *   *   * *     * *     * * * * * * * * * * * *       * * v
 ***** *** * *** * ***** * * * * * RRRRRRRRR RRR R RRR * * * *** * * * *** ***** *** *** ***** * *** *** * * * * * * * * * * * ******* * *
     * * * * *   * *     * * * * * R           R R   R * * * *   * * * *   *     *   *       * *   * *   * * * * * * * * * * * *       * *
     *** *** ***** ******* *** *** RRRRRRRRRRRRR RRRRR *** ***   *** ***   *******   ********* ***** ***** *** *** *** *** *** ********* ***
                                                                                                                                           *
