['bvb', 'hfx', 'jqt', 'ntq', 'rhn', 'xhk']
['cmg', 'frs', 'lhk', 'lsr', 'nvd', 'pzl', 'qnr', 'rsh', 'rzs']
