Total arrangements: 206
Unfolded 2 times

???.###????.### 1,1,3,1,1,3
Unfolded from: ???.### 1,1,3
128 fillings
1 possible arrangement:
#.#.###.#.#.###
3 damaged areas:
0-3: ??? - length 3, fully unknown
4-11: ###???? - length 7, 1 unknown area, 1 known area
12-15: ### - length 3, fully known

.??..??...?##.?.??..??...?##. 1,1,3,1,1,3
Unfolded from: .??..??...?##. 1,1,3
2048 fillings
32 possible arrangements:
.#...#....###.#.#........###.
.#...#....###.#..#.......###.
.#...#....###.#.....#....###.
.#...#....###.#......#...###.
.#...#....###...#...#....###.
.#...#....###...#....#...###.
.#...#....###....#..#....###.
.#...#....###....#...#...###.
.#....#...###.#.#........###.
.#....#...###.#..#.......###.
.#....#...###.#.....#....###.
.#....#...###.#......#...###.
.#....#...###...#...#....###.
.#....#...###...#....#...###.
.#....#...###....#..#....###.
.#....#...###....#...#...###.
..#..#....###.#.#........###.
..#..#....###.#..#.......###.
..#..#....###.#.....#....###.
..#..#....###.#......#...###.
..#..#....###...#...#....###.
..#..#....###...#....#...###.
..#..#....###....#..#....###.
..#..#....###....#...#...###.
..#...#...###.#.#........###.
..#...#...###.#..#.......###.
..#...#...###.#.....#....###.
..#...#...###.#......#...###.
..#...#...###...#...#....###.
..#...#...###...#....#...###.
..#...#...###....#..#....###.
..#...#...###....#...#...###.
7 damaged areas:
1-3: ?? - length 2, fully unknown
5-7: ?? - length 2, fully unknown
10-13: ?## - length 3, 1 unknown area, 1 known area
14-15: ? - length 1, fully unknown
16-18: ?? - length 2, fully unknown
20-22: ?? - length 2, fully unknown
25-28: ?## - length 3, 1 unknown area, 1 known area

?#?#?#?#?#?#?#???#?#?#?#?#?#?#? 1,3,1,6,1,3,1,6
Unfolded from: ?#?#?#?#?#?#?#? 1,3,1,6
131072 fillings
1 possible arrangement:
.#.###.#.######..#.###.#.######
1 damaged area:
0-31: ?#?#?#?#?#?#?#???#?#?#?#?#?#?#? - length 31, 15 unknown areas, 14 known areas

????.#...#...?????.#...#... 4,1,1,4,1,1
Unfolded from: ????.#...#... 4,1,1
512 fillings
2 possible arrangements:
####.#...#...####..#...#...
####.#...#....####.#...#...
6 damaged areas:
0-4: ???? - length 4, fully unknown
5-6: # - length 1, fully known
9-10: # - length 1, fully known
13-18: ????? - length 5, fully unknown
19-20: # - length 1, fully known
23-24: # - length 1, fully known

????.######..#####.?????.######..#####. 1,6,5,1,6,5
Unfolded from: ????.######..#####. 1,6,5
512 fillings
20 possible arrangements:
#....######..#####.#.....######..#####.
#....######..#####..#....######..#####.
#....######..#####...#...######..#####.
#....######..#####....#..######..#####.
#....######..#####.....#.######..#####.
.#...######..#####.#.....######..#####.
.#...######..#####..#....######..#####.
.#...######..#####...#...######..#####.
.#...######..#####....#..######..#####.
.#...######..#####.....#.######..#####.
..#..######..#####.#.....######..#####.
..#..######..#####..#....######..#####.
..#..######..#####...#...######..#####.
..#..######..#####....#..######..#####.
..#..######..#####.....#.######..#####.
...#.######..#####.#.....######..#####.
...#.######..#####..#....######..#####.
...#.######..#####...#...######..#####.
...#.######..#####....#..######..#####.
...#.######..#####.....#.######..#####.
6 damaged areas:
0-4: ???? - length 4, fully unknown
5-11: ###### - length 6, fully known
13-18: ##### - length 5, fully known
19-24: ????? - length 5, fully unknown
25-31: ###### - length 6, fully known
33-38: ##### - length 5, fully known

?###??????????###???????? 3,2,1,3,2,1
Unfolded from: ?###???????? 3,2,1
524288 fillings
150 possible arrangements:
.###.##.#.....###.##.#...
.###.##.#.....###.##..#..
.###.##.#.....###.##...#.
.###.##.#.....###.##....#
.###.##.#.....###..##.#..
.###.##.#.....###..##..#.
.###.##.#.....###..##...#
.###.##.#.....###...##.#.
.###.##.#.....###...##..#
.###.##.#.....###....##.#
.###.##..#....###.##.#...
.###.##..#....###.##..#..
.###.##..#....###.##...#.
.###.##..#....###.##....#
.###.##..#....###..##.#..
.###.##..#....###..##..#.
.###.##..#....###..##...#
.###.##..#....###...##.#.
.###.##..#....###...##..#
.###.##..#....###....##.#
.###.##...#...###.##.#...
.###.##...#...###.##..#..
.###.##...#...###.##...#.
.###.##...#...###.##....#
.###.##...#...###..##.#..
.###.##...#...###..##..#.
.###.##...#...###..##...#
.###.##...#...###...##.#.
.###.##...#...###...##..#
.###.##...#...###....##.#
.###.##....#..###.##.#...
.###.##....#..###.##..#..
.###.##....#..###.##...#.
.###.##....#..###.##....#
.###.##....#..###..##.#..
.###.##....#..###..##..#.
.###.##....#..###..##...#
.###.##....#..###...##.#.
.###.##....#..###...##..#
.###.##....#..###....##.#
.###.##.....#.###.##.#...
.###.##.....#.###.##..#..
.###.##.....#.###.##...#.
.###.##.....#.###.##....#
.###.##.....#.###..##.#..
.###.##.....#.###..##..#.
.###.##.....#.###..##...#
.###.##.....#.###...##.#.
.###.##.....#.###...##..#
.###.##.....#.###....##.#
.###..##.#....###.##.#...
.###..##.#....###.##..#..
.###..##.#....###.##...#.
.###..##.#....###.##....#
.###..##.#....###..##.#..
.###..##.#....###..##..#.
.###..##.#....###..##...#
.###..##.#....###...##.#.
.###..##.#....###...##..#
.###..##.#....###....##.#
.###..##..#...###.##.#...
.###..##..#...###.##..#..
.###..##..#...###.##...#.
.###..##..#...###.##....#
.###..##..#...###..##.#..
.###..##..#...###..##..#.
.###..##..#...###..##...#
.###..##..#...###...##.#.
.###..##..#...###...##..#
.###..##..#...###....##.#
.###..##...#..###.##.#...
.###..##...#..###.##..#..
.###..##...#..###.##...#.
.###..##...#..###.##....#
.###..##...#..###..##.#..
.###..##...#..###..##..#.
.###..##...#..###..##...#
.###..##...#..###...##.#.
.###..##...#..###...##..#
.###..##...#..###....##.#
.###..##....#.###.##.#...
.###..##....#.###.##..#..
.###..##....#.###.##...#.
.###..##....#.###.##....#
.###..##....#.###..##.#..
.###..##....#.###..##..#.
.###..##....#.###..##...#
.###..##....#.###...##.#.
.###..##....#.###...##..#
.###..##....#.###....##.#
.###...##.#...###.##.#...
.###...##.#...###.##..#..
.###...##.#...###.##...#.
.###...##.#...###.##....#
.###...##.#...###..##.#..
.###...##.#...###..##..#.
.###...##.#...###..##...#
.###...##.#...###...##.#.
.###...##.#...###...##..#
.###...##.#...###....##.#
.###...##..#..###.##.#...
.###...##..#..###.##..#..
.###...##..#..###.##...#.
.###...##..#..###.##....#
.###...##..#..###..##.#..
.###...##..#..###..##..#.
.###...##..#..###..##...#
.###...##..#..###...##.#.
.###...##..#..###...##..#
.###...##..#..###....##.#
.###...##...#.###.##.#...
.###...##...#.###.##..#..
.###...##...#.###.##...#.
.###...##...#.###.##....#
.###...##...#.###..##.#..
.###...##...#.###..##..#.
.###...##...#.###..##...#
.###...##...#.###...##.#.
.###...##...#.###...##..#
.###...##...#.###....##.#
.###....##.#..###.##.#...
.###....##.#..###.##..#..
.###....##.#..###.##...#.
.###....##.#..###.##....#
.###....##.#..###..##.#..
.###....##.#..###..##..#.
.###....##.#..###..##...#
.###....##.#..###...##.#.
.###....##.#..###...##..#
.###....##.#..###....##.#
.###....##..#.###.##.#...
.###....##..#.###.##..#..
.###....##..#.###.##...#.
.###....##..#.###.##....#
.###....##..#.###..##.#..
.###....##..#.###..##..#.
.###....##..#.###..##...#
.###....##..#.###...##.#.
.###....##..#.###...##..#
.###....##..#.###....##.#
.###.....##.#.###.##.#...
.###.....##.#.###.##..#..
.###.....##.#.###.##...#.
.###.....##.#.###.##....#
.###.....##.#.###..##.#..
.###.....##.#.###..##..#.
.###.....##.#.###..##...#
.###.....##.#.###...##.#.
.###.....##.#.###...##..#
.###.....##.#.###....##.#
1 damaged area:
0-25: ?###??????????###???????? - length 25, 3 unknown areas, 2 known areas

