Total arrangements: 70

????#????.??? 1,2,1,1
2048 fillings
45 possible arrangements:
#..##.#.#....
#..##.#...#..
#..##.#....#.
#..##.#.....#
#..##..#..#..
#..##..#...#.
#..##..#....#
#..##...#.#..
#..##...#..#.
#..##...#...#
#..##.....#.#
#...##.#..#..
#...##.#...#.
#...##.#....#
#...##..#.#..
#...##..#..#.
#...##..#...#
#...##....#.#
.#.##.#.#....
.#.##.#...#..
.#.##.#....#.
.#.##.#.....#
.#.##..#..#..
.#.##..#...#.
.#.##..#....#
.#.##...#.#..
.#.##...#..#.
.#.##...#...#
.#.##.....#.#
.#..##.#..#..
.#..##.#...#.
.#..##.#....#
.#..##..#.#..
.#..##..#..#.
.#..##..#...#
.#..##....#.#
..#.##.#..#..
..#.##.#...#.
..#.##.#....#
..#.##..#.#..
..#.##..#..#.
..#.##..#...#
..#.##....#.#
....#.##..#.#
....#..##.#.#
2 damaged areas:
0-9: ????#???? - length 9, 2 unknown areas, 1 known area
10-13: ??? - length 3, fully unknown

????#???? 1,2,1,1
256 fillings
2 possible arrangements:
#..##.#.#
.#.##.#.#
1 damaged area:
0-9: ????#???? - length 9, 2 unknown areas, 1 known area

????#???? 1,2,1
256 fillings
12 possible arrangements:
#..##.#..
#..##..#.
#..##...#
#...##.#.
#...##..#
.#.##.#..
.#.##..#.
.#.##...#
.#..##.#.
.#..##..#
..#.##.#.
..#.##..#
1 damaged area:
0-9: ????#???? - length 9, 2 unknown areas, 1 known area

????#???? 1,2
256 fillings
7 possible arrangements:
#..##....
#...##...
.#.##....
.#..##...
..#.##...
....#.##.
....#..##
1 damaged area:
0-9: ????#???? - length 9, 2 unknown areas, 1 known area

??? 1
8 fillings
3 possible arrangements:
#..
.#.
..#
1 damaged area:
0-3: ??? - length 3, fully unknown

??? 1,1
8 fillings
1 possible arrangement:
#.#
1 damaged area:
0-3: ??? - length 3, fully unknown

